data
当前日期: 2020/05/12 周二
输入新日期: (年月日)

time
当前时间: 23:55:04.37
输入新时间:

os version
主机名:           DESKTOP-8IIQMKA
OS 名称:          Microsoft Windows 10 教育版
OS 版本:          10.0.18363 暂缺 Build 18363
OS 制造商:        Microsoft Corporation
OS 配置:          独立工作站
OS 构件类型:      Multiprocessor Free
注册的所有人:     the world
注册的组织:
产品 ID:          00328-00000-00000-AA824
初始安装日期:     2019/7/29, 15:08:22
系统启动时间:     2020/5/12, 9:17:00
系统制造商:       Dell Inc.
系统型号:         Inspiron 3543
系统类型:         x64-based PC
处理器:           安装了 1 个处理器。
                  [01]: Intel64 Family 6 Model 61 Stepping 4 GenuineIntel ~2200 Mhz
BIOS 版本:        Dell Inc. A09, 2018/1/29
Windows 目录:     C:\Windows
系统目录:         C:\Windows\system32
启动设备:         \Device\HarddiskVolume2
系统区域设置:     zh-cn;中文(中国)
输入法区域设置:   zh-cn;中文(中国)
时区:             (UTC+08:00) 北京，重庆，香港特别行政区，乌鲁木齐
物理内存总量:     8,103 MB
可用的物理内存:   3,914 MB
虚拟内存: 最大值: 8,615 MB
虚拟内存: 可用:   2,640 MB
虚拟内存: 使用中: 5,975 MB
页面文件位置:     C:\pagefile.sys
域:               WORKGROUP
登录服务器:       \\DESKTOP-8IIQMKA
修补程序:         安装了 17 个修补程序。
                  [01]: KB4537572
                  [02]: KB4503308
                  [03]: KB4506472
                  [04]: KB4508433
                  [05]: KB4509096
                  [06]: KB4515383
                  [07]: KB4516115
                  [08]: KB4517245
                  [09]: KB4520390
                  [10]: KB4521863
                  [11]: KB4524569
                  [12]: KB4528759
                  [13]: KB4537759
                  [14]: KB4538674
                  [15]: KB4541338
                  [16]: KB4552152
                  [17]: KB4549951
网卡:             安装了 8 个 NIC。
                  [01]: Dell Wireless 1704 802.11b/g/n (2.4GHz)
                      连接名:      WLAN
                      启用 DHCP:   是
                      DHCP 服务器: 192.168.1.1
                      IP 地址
                        [01]: 192.168.1.105
                        [02]: fe80::b1c3:2f60:8b1c:3340
                  [02]: Realtek PCIe FE Family Controller
                      连接名:      以太网
                      状态:        媒体连接已中断
                  [03]: VirtualBox Host-Only Ethernet Adapter
                      连接名:      VirtualBox Host-Only Network
                      启用 DHCP:   否
                      IP 地址
                        [01]: 192.168.56.1
                        [02]: fe80::108e:9aa5:614b:7946
                  [04]: VMware Virtual Ethernet Adapter for VMnet1
                      连接名:      VMware Network Adapter VMnet1
                      启用 DHCP:   是
                      DHCP 服务器: 192.168.142.254
                      IP 地址
                        [01]: 192.168.142.1
                        [02]: fe80::531:cbb6:cf0f:ae34
                  [05]: VMware Virtual Ethernet Adapter for VMnet8
                      连接名:      VMware Network Adapter VMnet8
                      启用 DHCP:   是
                      DHCP 服务器: 192.168.224.254
                      IP 地址
                        [01]: 192.168.224.1
                        [02]: fe80::d515:55c2:7cf1:4c54
                  [06]: Microsoft KM-TEST Loopback Adapter
                      连接名:      Npcap Loopback Adapter
                      启用 DHCP:   是
                      DHCP 服务器: 255.255.255.255
                      IP 地址
                        [01]: 169.254.95.91
                        [02]: fe80::ec54:d92d:ff9a:5f5b
                  [07]: Sangfor SSL VPN CS Support System VNIC
                      连接名:      以太网 4
                      状态:        媒体连接已中断
                  [08]: TAP-Windows Adapter V9
                      连接名:      以太网 5
                      状态:        媒体连接已中断
Hyper-V 要求:     虚拟机监视器模式扩展: 是
                  固件中已启用虚拟化: 是
                  二级地址转换: 是
                  数据执行保护可用: 是

hardware information

Volume: \\?\Volume{5c1202c0-0818-4248-8cdb-682e05eaacae}\
   Mounted at: <unmounted>
   Extent [1]:
       Disk:   0
       Offset: 1048576
       Length: 554696704
Volume: \\?\Volume{f531fca6-0a12-469d-91e2-9ef2e956bd75}\
   Mounted at: C:\
   Extent [1]:
       Disk:   0
       Offset: 676331520
       Length: 249382830080
Volume: \\?\Volume{cdf3a223-b96e-4b4e-93a7-9eb6bac4ddce}\
   Mounted at: D:\
   Extent [1]:
       Disk:   1
       Offset: 20480
       Length: 536901091328
Volume: \\?\Volume{bb2db9c6-edad-4a9b-99e8-ec969fcce414}\
   Mounted at: E:\
   Extent [1]:
       Disk:   1
       Offset: 536901111808
       Length: 463303757312
Volume: \\?\Volume{d497b2e1-7b11-4f61-8a02-c2ff3ca27208}\
   Mounted at: <unmounted>
   Error getting extents
拒绝访问。

service information

HKLM\System\CurrentControlSet\Services
   AarSvc
     %SystemRoot%\system32\svchost.exe -k AarSvcGroup -p
     Agent Activation Runtime: Runtime for activating conversational agent applications
     Microsoft Corporation
     10.0.18362.628
     c:\windows\system32\aarsvc.dll
     2002/4/9 23:29
   AarSvc_70689
     C:\Windows\system32\svchost.exe -k AarSvcGroup -p
     Agent Activation Runtime_70689: Runtime for activating conversational agent applications
     Microsoft Corporation
     10.0.18362.1
     c:\windows\system32\svchost.exe
     1997/1/11 6:26
   AJRouter
     %SystemRoot%\system32\svchost.exe -k LocalServiceNetworkRestricted -p
     AllJoyn Router Service: 路由本地 AllJoyn 客户端的 AllJoyn 消息。如果停止此服务，则自身没有捆绑路由器的 AllJoyn 客户端将无法运行。
     Microsoft Corporation
     10.0.18362.1
     c:\windows\system32\ajrouter.dll
     1963/11/25 19:41
   ALG
     %SystemRoot%\System32\alg.exe
     Application Layer Gateway Service: 为 Internet 连接共享提供第三方协 议插件的支持
     Microsoft Corporation
     10.0.18362.1
     c:\windows\system32\alg.exe
     1944/8/31 21:22
   AppIDSvc
     %SystemRoot%\system32\svchost.exe -k LocalServiceNetworkRestricted -p
     Application Identity: 确定并验证应用程序的标识。禁用此服务将阻止强制执行 AppLocker。
     Microsoft Corporation
     10.0.18362.1
     c:\windows\system32\appidsvc.dll
     1968/12/30 23:44
   Appinfo
     %SystemRoot%\system32\svchost.exe -k netsvcs -p
     Application Information: 使用辅助管理权限便于交互式应用程序的运行。 如果停止此服务，用户将无法使用辅助管理权限启动应用程序，而执行所需用户任 务可能需要这些权限。
     Microsoft Corporation
     10.0.18362.693
     c:\windows\system32\appinfo.dll
     1958/3/26 23:40
   Apple Mobile Device Service
     "C:\Program Files\Common Files\Apple\Mobile Device Support\AppleMobileDeviceService.exe"
     Apple Mobile Device Service: Provides the interface to Apple mobile devices.
     Apple Inc.
     423.258.2.36
     c:\program files\common files\apple\mobile device support\applemobiledeviceservice.exe
     2019/4/27 9:03
   AppMgmt
     %SystemRoot%\system32\svchost.exe -k netsvcs -p
     Application Management: 为通过组策略部署的软件处理安装、删除以及枚举请求。如果该服务被禁用，则用户将不能安装、删除或枚举通过组策略部署的软件 。如果此服务被禁用，则直接依赖于它的所有服务都将无法启动。
     Microsoft Corporation
     10.0.18362.1
     c:\windows\system32\appmgmts.dll
     2018/10/26 21:07
   AppReadiness
     %SystemRoot%\System32\svchost.exe -k AppReadiness -p
     App Readiness: 当用户初次登录到这台电脑和添加新应用时，使应用进入就 绪可用的状态。
     Microsoft Corporation
     10.0.18362.1
     c:\windows\system32\appreadiness.dll
     2031/1/25 18:43
   AppXSvc
     %systemroot%\system32\svchost.exe -k wsappx -p
     AppX Deployment Service (AppXSVC): 为部署 Microsoft Store 应用程序提供基础结构支持。此服务根据需要启动，如果已禁用的 Microsoft Store 应用程序未部署到系统，此服务可能无法正常工作。
     Microsoft Corporation
     10.0.18362.752
     c:\windows\system32\appxdeploymentserver.dll
     2007/9/19 11:56
   AssignedAccessManagerSvc
     %SystemRoot%\system32\svchost.exe -k AssignedAccessManagerSvc
     AssignedAccessManager 服务: AssignedAccessManager 服务支持 Windows  中的展台体验。
     Microsoft Corporation
     10.0.18362.387
     c:\windows\system32\assignedaccessmanagersvc.dll
     1930/11/17 0:04
   AudioEndpointBuilder
     %SystemRoot%\System32\svchost.exe -k LocalSystemNetworkRestricted -p
     Windows Audio Endpoint Builder: 管理 Windows 音频服务的音频设备。如 果停止了此服务，音频设备和效果将无法正常工作。如果禁用了此服务，任何明确 依赖它的服务将无法启动
     Microsoft Corporation
     10.0.18362.752
     c:\windows\system32\audioendpointbuilder.dll
     1921/1/25 6:18
   Audiosrv
     %SystemRoot%\System32\svchost.exe -k LocalServiceNetworkRestricted -p
     Windows Audio: 管理基于 Windows 的程序的音频。如果此服务被停止，音频设备和效果将不能正常工作。如果此服务被禁用，任何依赖它的服务将无法启动
     Microsoft Corporation
     10.0.18362.752
     c:\windows\system32\audiosrv.dll
     1970/6/6 5:46
   autotimesvc
     %SystemRoot%\system32\svchost.exe -k autoTimeSvc
     手机网络时间: 此服务基于移动网络中的 NITZ 消息设置时间
     Microsoft Corporation
     10.0.18362.1
     c:\windows\system32\autotimesvc.dll
     2028/12/14 16:15
   AxInstSV
     %SystemRoot%\system32\svchost.exe -k AxInstSVGroup
     ActiveX Installer (AxInstSV): 为从 Internet 安装 ActiveX 控件提供用 户帐户控制验证，并基于组策略设置启用对 ActiveX 控件安装的管理。此服务根据要求启动，是否禁用 ActiveX 控件的安装取决于默认浏览器设置。
     Microsoft Corporation
     10.0.18362.719
     c:\windows\system32\axinstsv.dll
     1945/5/3 10:58
   BcastDVRUserService
     %SystemRoot%\system32\svchost.exe -k BcastDVRUserService
     GameDVR 和广播用户服务: 此用户服务用于游戏录制和实况广播
     Microsoft Corporation
     10.0.18362.1
     c:\windows\system32\bcastdvruserservice.dll
     2029/5/7 22:06
   BcastDVRUserService_70689
     C:\Windows\system32\svchost.exe -k BcastDVRUserService
     GameDVR 和广播用户服务_70689: 此用户服务用于游戏录制和实况广播
     Microsoft Corporation
     10.0.18362.1
     c:\windows\system32\svchost.exe
     1997/1/11 6:26
   BcmBtRSupport
     %SystemRoot%\system32\BtwRSupportService.exe
     Bluetooth Driver Management Service: Manages BTW drivers.
     Broadcom Corporation.
     12.0.0.8048
     c:\windows\system32\btwrsupportservice.exe
     2013/10/22 3:41
   BDESVC
     %SystemRoot%\System32\svchost.exe -k netsvcs -p
     BitLocker Drive Encryption Service: BDESVC 承载 BitLocker 驱动器加密服务。BitLocker 驱动器加密为操作系统提供安全启动保障，并为 OS、固定卷和可移动卷提供全卷加密功能。使用此服务，BitLocker 可以提示用户执行与已安装卷 相关的各种操作，并自动解锁卷而无需用户交互。此外，它还会将恢复信息存储至 Active Directory (如果这种方法可用并且需要这样做)，并确保使用最新的恢复证书。停止或禁用该服务可以防止用户使用此功能。
     Microsoft Corporation
     10.0.18362.387
     c:\windows\system32\bdesvc.dll
     2027/7/14 8:40
   BFE
     %systemroot%\system32\svchost.exe -k LocalServiceNoNetworkFirewall -p
     Base Filtering Engine: 基本筛选引擎(BFE)是一种管理防火墙和 Internet 协议安全(IPsec)策略以及实施用户模式筛选的服务。停止或禁用 BFE 服务将大大 降低系统的安全。还将造成 IPsec 管理和防火墙应用程序产生不可预知的行为。
     Microsoft Corporation
     10.0.18362.207
     c:\windows\system32\bfe.dll
     1981/3/21 16:18
   BITS
     %SystemRoot%\System32\svchost.exe -k netsvcs -p
     Background Intelligent Transfer Service: 使用空闲网络带宽在后台传送 文件。如果该服务被禁用，则依赖于 BITS 的任何应用程序(如 Windows 更新或 MSN Explorer)将无法自动下载程序和其他信息。
     Microsoft Corporation
     7.8.18362.719
     c:\windows\system32\qmgr.dll
     1983/10/16 19:20
   BluetoothUserService
     %SystemRoot%\system32\svchost.exe -k BthAppGroup -p
     蓝牙用户支持服务: 蓝牙用户服务支持与每个用户会话相关的蓝牙功能的正确运行。
     Microsoft Corporation
     10.0.18362.449
     c:\windows\system32\microsoft.bluetooth.userservice.dll
     1953/4/13 18:50
   BluetoothUserService_70689
     C:\Windows\system32\svchost.exe -k BthAppGroup -p
     蓝牙用户支持服务_70689: 蓝牙用户服务支持与每个用户会话相关的蓝牙功能的正确运行。
     Microsoft Corporation
     10.0.18362.1
     c:\windows\system32\svchost.exe
     1997/1/11 6:26
   Bonjour Service
     "C:\Program Files\Bonjour\mDNSResponder.exe"
     Bonjour 服务: 让硬件设备和软件服务在网络中自动配置并自行公布
     Apple Inc.
     3.1.0.1
     c:\program files\bonjour\mdnsresponder.exe
     2015/8/13 6:47
   BrokerInfrastructure
     %SystemRoot%\system32\svchost.exe -k DcomLaunch -p
     Background Tasks Infrastructure Service: 控制哪些后台任务可以在系统 上运行的 Windows 基础结构服务。
     Microsoft Corporation
     10.0.18362.295
     c:\windows\system32\psmsrv.dll
     2025/9/30 8:40
   Browser
     %SystemRoot%\System32\svchost.exe -k netsvcs -p
     Computer Browser: 维护网络上计算机的更新列表，并将列表提供给计算机指定浏览。如果服务停止，列表不会被更新或维护。如果服务被禁用，任何直接依赖 于此服务的服务将无法启动。
     Microsoft Corporation
     10.0.18362.1
     c:\windows\system32\browser.dll
     2015/9/15 8:10
   BTAGService
     %SystemRoot%\system32\svchost.exe -k LocalServiceNetworkRestricted
     蓝牙音频网关服务: 支持蓝牙免提规范音频网关角色的服务。
     Microsoft Corporation
     10.0.18362.752
     c:\windows\system32\btagservice.dll
     1949/5/21 17:08
   BthAvctpSvc
     %SystemRoot%\system32\svchost.exe -k LocalService -p
     AVCTP 服务: 这是音频视频控制传输协议服务
     Microsoft Corporation
     10.0.18362.1
     c:\windows\system32\bthavctpsvc.dll
     2004/9/21 18:03
   bthserv
     %SystemRoot%\system32\svchost.exe -k LocalService -p
     蓝牙支持服务: 蓝牙服务支持发现和关联远程蓝牙设备。停止或禁用此服务可能会导致已安装的蓝牙设备无法正常运行，并使新设备无法被发现或关联。
     Microsoft Corporation
     10.0.18362.1
     c:\windows\system32\bthserv.dll
     1995/5/20 9:01
   btwdins
     "C:\Program Files\WIDCOMM\Bluetooth Software\btwdins.exe"
     Bluetooth Service: 处理 Bluetooth 设备的安装和删除。
     Broadcom Corporation.
     12.0.1.716
     c:\program files\widcomm\bluetooth software\btwdins.exe
     2015/7/28 6:50
   camsvc
     %SystemRoot%\system32\svchost.exe -k appmodel -p
     功能访问管理器服务: 提供设施，用于管理 UWP 应用对应用功能的访问权限 以及检查应用的特定应用功能访问权限
     Microsoft Corporation
     10.0.18362.145
     c:\windows\system32\capabilityaccessmanager.dll
     1971/1/9 9:22
   CaptureService
     %SystemRoot%\system32\svchost.exe -k LocalService -p
     CaptureService: 为调用 Windows.Graphics.Capture API 的应用程序启用可选的屏幕捕获功能。
     Microsoft Corporation
     10.0.18362.1
     c:\windows\system32\captureservice.dll
     1986/2/3 11:44
   CaptureService_70689
     C:\Windows\system32\svchost.exe -k LocalService -p
     CaptureService_70689: 为调用 Windows.Graphics.Capture API 的应用程序启用可选的屏幕捕获功能。
     Microsoft Corporation
     10.0.18362.1
     c:\windows\system32\svchost.exe
     1997/1/11 6:26
   cbdhsvc
     %SystemRoot%\system32\svchost.exe -k ClipboardSvcGroup -p
     剪贴板用户服务: 此用户服务用于剪贴板方案
     Microsoft Corporation
     10.0.18362.329
     c:\windows\system32\cbdhsvc.dll
     1962/1/22 14:00
   cbdhsvc_70689
     C:\Windows\system32\svchost.exe -k ClipboardSvcGroup -p
     剪贴板用户服务_70689: 此用户服务用于剪贴板方案
     Microsoft Corporation
     10.0.18362.1
     c:\windows\system32\svchost.exe
     1997/1/11 6:26
   CDPSvc
     %SystemRoot%\system32\svchost.exe -k LocalService -p
     连接设备平台服务: 此服务用于连接设备平台方案
     Microsoft Corporation
     10.0.18362.657
     c:\windows\system32\cdpsvc.dll
     2028/11/5 9:38
   CDPUserSvc
     %SystemRoot%\system32\svchost.exe -k UnistackSvcGroup
     连接设备平台用户服务: 此用户服务用于连接设备平台方案
     Microsoft Corporation
     10.0.18362.449
     c:\windows\system32\cdpusersvc.dll
     2013/10/19 2:02
   CDPUserSvc_70689
     C:\Windows\system32\svchost.exe -k UnistackSvcGroup
     连接设备平台用户服务_70689: 此用户服务用于连接设备平台方案
     Microsoft Corporation
     10.0.18362.1
     c:\windows\system32\svchost.exe
     1997/1/11 6:26
   CertPropSvc
     %SystemRoot%\system32\svchost.exe -k netsvcs
     Certificate Propagation: 将用户证书和根证书从智能卡复制到当前用户的 证书存储，检测智能卡何时插入到智能卡读卡器中，并在需要时安装智能卡即插即 用微型驱动器。
     Microsoft Corporation
     10.0.18362.1
     c:\windows\system32\certprop.dll
     1981/3/4 21:47
   ClickToRunSvc
     "C:\Program Files\Common Files\Microsoft Shared\ClickToRun\OfficeClickToRun.exe" /service
     Microsoft Office 即点即用服务: ‪管理 Microsoft Office 及其相关更新的资源协调、后台下载和系统集成。使用任何 Microsoft Office 程序、初始下载安 装以及所有后续更新期间需要运行此服务。‬
     Microsoft Corporation
     16.0.12730.20236
     c:\program files\common files\microsoft shared\clicktorun\officeclicktorun.exe
     2020/4/29 4:29
   ClipSVC
     %SystemRoot%\System32\svchost.exe -k wsappx -p
     Client License Service (ClipSVC): 提供对 Microsoft Store 的基础结构 支持。此服务按需启动，并且如果禁用了此服务，则使用 Windows Store 购买的应用程序将无法正常运行。
     Microsoft Corporation
     10.0.18362.693
     c:\windows\system32\clipsvc.dll
     2010/8/6 14:29
   COMSysApp
     %SystemRoot%\system32\dllhost.exe /Processid:{02D4B3F1-FD88-11D1-960D-00805FC79235}
     COM+ System Application: 管理基于组件对象模型 (COM+) 的组件的配置和 跟踪。如果停止该服务，则大多数基于 COM+ 的组件将不能正常工作。如果禁用该 服务，则任何明确依赖它的服务都将无法启动。
     Microsoft Corporation
     10.0.18362.1
     c:\windows\system32\dllhost.exe
     1954/11/21 4:34
   ConsentUxUserSvc
     %SystemRoot%\system32\svchost.exe -k DevicesFlow
     ConsentUX: 允许 ConnectUX 和电脑设置连接 WLAN 显示器和蓝牙设备并与其配对。
     Microsoft Corporation
     10.0.18362.1
     c:\windows\system32\consentuxclient.dll
     2029/6/16 6:36
   ConsentUxUserSvc_70689
     C:\Windows\system32\svchost.exe -k DevicesFlow
     ConsentUX_70689: 允许 ConnectUX 和电脑设置连接 WLAN 显示器和蓝牙设备并与其配对。
     Microsoft Corporation
     10.0.18362.1
     c:\windows\system32\svchost.exe
     1997/1/11 6:26
   CoreMessagingRegistrar
     %SystemRoot%\system32\svchost.exe -k LocalServiceNoNetwork -p
     CoreMessaging: Manages communication between system components.
     Microsoft Corporation
     10.0.18362.1
     c:\windows\system32\coremessaging.dll
     1978/7/25 3:40
   cphs
     %SystemRoot%\SysWow64\IntelCpHeciSvc.exe
     Intel(R) Content Protection HECI Service: Intel(R) Content Protection HECI Service - enables communication with the Content Protection FW
     Intel Corporation
     9.0.18.917
     c:\windows\syswow64\intelcphecisvc.exe
     2017/9/18 19:36
   CredentialEnrollmentManagerUserSvc
     %SystemRoot%\system32\CredentialEnrollmentManager.exe
     CredentialEnrollmentManagerUserSvc: 凭据注册管理器
     Microsoft Corporation
     10.0.18362.1
     c:\windows\system32\credentialenrollmentmanager.exe
     1951/7/19 13:52
   CredentialEnrollmentManagerUserSvc_70689
     C:\Windows\system32\CredentialEnrollmentManager.exe
     CredentialEnrollmentManagerUserSvc_70689: 凭据注册管理器
     Microsoft Corporation
     10.0.18362.1
     c:\windows\system32\credentialenrollmentmanager.exe
     1951/7/19 13:52
   CryptSvc
     %SystemRoot%\system32\svchost.exe -k NetworkService -p
     Cryptographic Services: 提供三种管理服务: 编录数据库服务，用于确认 Windows 文件的签名和允许安装新程序；受保护的根服务，它从此计算机添加和删除受信任的根证书颁发机构的证书；自动根证书更新服务，用于从 Windows 更新中检索根证书和启用 SSL 等方案。如果此服务已停止，这些管理服务将无法正常运行。如果此服务已禁用，任何明确依赖它的服务将无法启动。
     Microsoft Corporation
     10.0.18362.1
     c:\windows\system32\cryptsvc.dll
     2036/1/12 17:07
   CscService
     %SystemRoot%\System32\svchost.exe -k LocalSystemNetworkRestricted -p
     Offline Files: 脱机文件服务在脱机文件缓存中执行维护活动，响应用户登 录和注销事件，实现公共 API 的内部部分，并将相关的事件分配给关心脱机文件活动和缓存更改的用户。
     Microsoft Corporation
     10.0.18362.719
     c:\windows\system32\cscsvc.dll
     2002/4/22 18:24
   DcomLaunch
     %SystemRoot%\system32\svchost.exe -k DcomLaunch -p
     DCOM Server Process Launcher: DCOMLAUNCH 服务可启动 COM 和 DCOM 服务器，以响应对象激活请求。如果此服务被停用或禁用，则使用 COM 或 DCOM 的程序将无法正常工作。强烈建议你运行 DCOMLAUNCH 服务。
     Microsoft Corporation
     10.0.18362.752
     c:\windows\system32\rpcss.dll
     1942/9/3 2:10
   DDVCollectorSvcApi
     "C:\Program Files\Dell\DellDataVault\DDVCollectorSvcApi.exe"
     Dell Data Vault Service API: Dell Data Vault Service API exposes a COM API for working with the DDV services
     Dell Technologies Inc.
     5.2.17.796
     c:\program files\dell\delldatavault\ddvcollectorsvcapi.exe
     2020/1/22 10:51
   DDVDataCollector
     "C:\Program Files\Dell\DellDataVault\DDVDataCollector.exe"
     Dell Data Vault Collector: DDV Collector service gathers system information and stores it for later use
     Dell Technologies Inc.
     5.2.17.796
     c:\program files\dell\delldatavault\ddvdatacollector.exe
     2020/1/22 10:51
   DDVRulesProcessor
     "C:\Program Files\Dell\DellDataVault\DDVRulesProcessor.exe"
     Dell Data Vault Processor: DDV Rules Processor generates alerts based on data collected by DDV Collector service
     Dell Technologies Inc.
     5.2.17.796
     c:\program files\dell\delldatavault\ddvrulesprocessor.exe
     2020/1/22 10:48
   defragsvc
     %SystemRoot%\system32\svchost.exe -k defragsvc
     Optimize drives: 通过优化存储驱动器上的文件来帮助计算机更高效地运行 。
     Microsoft Corporation
     10.0.18362.657
     c:\windows\system32\defragsvc.dll
     1903/4/15 1:37
   Dell Hardware Support
     "C:\Program Files\Dell\SupportAssistAgent\PCDr\SupportAssist\6.0.7106.1428\DSAPI.exe"
     Dell Hardware Support: Dell Hardware Support continuously monitors PC component health to identify and help resolve possible hardware issues.
     PC-Doctor, Inc.
     6.0.7106.1428
     c:\program files\dell\supportassistagent\pcdr\supportassist\6.0.7106.1428\dsapi.exe
     1940/8/22 23:30
   DellClientManagementService
     "C:\Program Files (x86)\Dell\UpdateService\ServiceShell.exe"
     Dell Client Management Service: Enables Dell applications to manage Dell specific features of the system. If this service is stopped, any services that explicitly depend on it will cause this service to be restarted. If this service is disabled, any services that explicitly depend on it will fail to function.
     1.5.0.14
     c:\program files (x86)\dell\updateservice\serviceshell.exe
     2020/4/18 7:37
   DeviceAssociationBrokerSvc
     %SystemRoot%\system32\svchost.exe -k DevicesFlow -p
     DeviceAssociationBroker: Enables apps to pair devices
     Microsoft Corporation
     10.0.18362.752
     c:\windows\system32\deviceaccess.dll
     1952/6/21 13:14
   DeviceAssociationBrokerSvc_70689
     C:\Windows\system32\svchost.exe -k DevicesFlow -p
     DeviceAssociationBroker_70689: Enables apps to pair devices
     Microsoft Corporation
     10.0.18362.1
     c:\windows\system32\svchost.exe
     1997/1/11 6:26
   DeviceAssociationService
     %SystemRoot%\system32\svchost.exe -k LocalSystemNetworkRestricted -p
     Device Association Service: 在系统与有线或无线设备之间启用匹配。
     Microsoft Corporation
     10.0.18362.1
     c:\windows\system32\das.dll
     2012/9/16 19:48
   DeviceInstall
     %SystemRoot%\system32\svchost.exe -k DcomLaunch -p
     Device Install Service: 使计算机在极少或没有用户输入的情况下能识别并适应硬件的更改。终止或禁用此服务会造成系统不稳定。
     Microsoft Corporation
     10.0.18362.1
     c:\windows\system32\umpnpmgr.dll
     1947/11/16 17:19
   DevicePickerUserSvc
     %SystemRoot%\system32\svchost.exe -k DevicesFlow
     DevicePicker: 此用户服务用于管理 Miracast、DLNA 和拨号用户界面
     Microsoft Corporation
     10.0.18362.1
     c:\windows\system32\windows.devices.picker.dll
     1926/12/18 5:04
   DevicePickerUserSvc_70689
     C:\Windows\system32\svchost.exe -k DevicesFlow
     DevicePicker_70689: 此用户服务用于管理 Miracast、DLNA 和拨号用户界面
     Microsoft Corporation
     10.0.18362.1
     c:\windows\system32\svchost.exe
     1997/1/11 6:26
   DevicesFlowUserSvc
     %SystemRoot%\system32\svchost.exe -k DevicesFlow
     DevicesFlow: 允许 ConnectUX 和电脑设置连接 WLAN 显示器和蓝牙设备并与其配对。
     Microsoft Corporation
     10.0.18362.449
     c:\windows\system32\devicesflowbroker.dll
     1993/9/29 2:23
   DevicesFlowUserSvc_70689
     C:\Windows\system32\svchost.exe -k DevicesFlow
     DevicesFlow_70689: 允许 ConnectUX 和电脑设置连接 WLAN 显示器和蓝牙设备并与其配对。
     Microsoft Corporation
     10.0.18362.1
     c:\windows\system32\svchost.exe
     1997/1/11 6:26
   DevQueryBroker
     %SystemRoot%\system32\svchost.exe -k LocalSystemNetworkRestricted -p
     DevQuery Background Discovery Broker: 使应用能够发现具有后台任务的设备
     Microsoft Corporation
     10.0.18362.535
     c:\windows\system32\devquerybroker.dll
     2019/5/1 9:44
   Dhcp
     %SystemRoot%\system32\dhcpcore.dll
     DHCP Client: 为此计算机注册并更新 IP 地址。如果此服务停止，计算机将 不能接收动态 IP 地址和 DNS 更新。如果此服务被禁用，所有明确依赖它的服务都将不能启动。
     Microsoft Corporation
     10.0.18362.267
     c:\windows\system32\dhcpcore.dll
     1921/5/26 1:01
   diagnosticshub.standardcollector.service
     %SystemRoot%\system32\DiagSvcs\DiagnosticsHub.StandardCollector.Service.exe
     Microsoft (R) 诊断中心标准收集器服务: 诊断中心标准收集器服务。运行时，此服务会收集实时 ETW 事件，并对其进行处理。
     Microsoft Corporation
     11.0.18362.719
     c:\windows\system32\diagsvcs\diagnosticshub.standardcollector.service.exe
     1960/12/18 14:06
   diagsvc
     %SystemRoot%\System32\svchost.exe -k diagnostics
     Diagnostic Execution Service: Executes diagnostic actions for troubleshooting support
     Microsoft Corporation
     10.0.18362.449
     c:\windows\system32\diagsvc.dll
     1975/9/23 6:11
   DiagTrack
     %SystemRoot%\System32\svchost.exe -k utcsvc -p
     Connected User Experiences and Telemetry: Connected User Experiences and Telemetry 服务所启用的功能支持应用程序中用户体验和连接的用户体验。此外，如果在“反馈和诊断”下启用诊断和使用情况隐私选项设置，则此服务可以根 据事件来管理诊断和使用情况信息的收集和传输(用于改进 Windows 平台的体验和 质量)。
     Microsoft Corporation
     10.0.18362.778
     c:\windows\system32\diagtrack.dll
     1929/9/20 0:11
   DispBrokerDesktopSvc
     %SystemRoot%\system32\svchost.exe -k LocalService -p
     显示策略服务: 管理本地和远程显示器的连接和配置
     Microsoft Corporation
     10.0.18362.628
     c:\windows\system32\dispbroker.desktop.dll
     1960/5/17 21:01
   DisplayEnhancementService
     %SystemRoot%\system32\svchost.exe -k LocalSystemNetworkRestricted -p
     显示增强服务: 用于管理显示增强(如亮度控制)的服务。
     Microsoft Corporation
     10.0.18362.693
     c:\windows\system32\microsoft.graphics.display.displayenhancementservice.dll
     1978/7/10 22:04
   DmEnrollmentSvc
     %systemroot%\system32\svchost.exe -k netsvcs -p
     设备管理注册服务: 为设备管理执行设备注册活动
     Microsoft Corporation
     10.0.18362.752
     c:\windows\system32\windows.internal.management.dll
     1998/9/1 18:45
   dmwappushservice
     %SystemRoot%\system32\svchost.exe -k netsvcs -p
     设备管理无线应用程序协议 (WAP) 推送消息路由服务: 路由设备收到的无线 应用程序协议 (WAP) 推送消息并同步设备管理会话
     Microsoft Corporation
     10.0.18362.1
     c:\windows\system32\dmwappushsvc.dll
     2012/7/28 14:50
   Dnscache
     %SystemRoot%\system32\svchost.exe -k NetworkService -p
     DNS Client: DNS 客户端服务(dnscache)缓存域名系统(DNS)名称并注册该计 算机的完整计算机名。如果该服务被停止，将继续解析 DNS 名称。然而，将不缓存 DNS 名称的查询结果，且不注册计算机名。如果该服务被禁用，则任何明确依赖于它的服务都将无法启动。
     Microsoft Corporation
     10.0.18362.267
     c:\windows\system32\dnsrslvr.dll
     1948/6/5 15:29
   DoSvc
     %SystemRoot%\system32\dosvc.dll
     Delivery Optimization: 执行内容传递优化任务
     Microsoft Corporation
     10.0.18362.778
     c:\windows\system32\dosvc.dll
     2018/2/1 7:49
   dot3svc
     %SystemRoot%\system32\svchost.exe -k LocalSystemNetworkRestricted -p
     Wired AutoConfig: 有线自动配置(DOT3SVC)服务负责对以太网接口执行 IEEE 802.1X 身份验证。如果当前有线网络部署强制执行 802.1X 身份验证，则应配置 DOT3SVC 服务运行以用于建立第 2 层连接性和/或用于提供对网络资源的访问权限 。DOT3SVC 服务会影响到强制执行 802.1X 身份验证的有线网络。
     Microsoft Corporation
     10.0.18362.778
     c:\windows\system32\dot3svc.dll
     1930/2/9 1:46
   DPS
     %SystemRoot%\System32\svchost.exe -k LocalServiceNoNetwork -p
     Diagnostic Policy Service: 诊断策略服务启用了 Windows 组件的问题检测、疑难解答和解决方案。如果该服务被停止，诊断将不再运行。
     Microsoft Corporation
     10.0.18362.1
     c:\windows\system32\dps.dll
     2035/9/12 3:05
   DsmSvc
     %SystemRoot%\system32\svchost.exe -k netsvcs -p
     Device Setup Manager: 支持检测、下载和安装与设备相关的软件。如果此服务被禁用，则可能使用过期软件对设备进行配置，因此设备可能无法正常工作。
     Microsoft Corporation
     10.0.18362.1
     c:\windows\system32\devicesetupmanager.dll
     1993/9/3 13:55
   DsSvc
     %SystemRoot%\System32\svchost.exe -k LocalSystemNetworkRestricted -p
     Data Sharing Service: 提供应用程序之间的数据代理。
     Microsoft Corporation
     10.0.18362.657
     c:\windows\system32\dssvc.dll
     1961/11/23 23:10
   DusmSvc
     %SystemRoot%\System32\svchost.exe -k LocalServiceNetworkRestricted -p
     数据使用量: 网络数据使用量，流量上限，限制背景数据，按流量计费的网络。
     Microsoft Corporation
     10.0.18362.693
     c:\windows\system32\dusmsvc.dll
     1910/1/10 2:29
   Eaphost
     %SystemRoot%\System32\svchost.exe -k netsvcs -p
     Extensible Authentication Protocol: 可扩展的身份验证协议(EAP)服务在 以下情况下提供网络身份验证: 802.1x 有线和无线、VPN 和网络访问保护(NAP)。EAP 在身份验证过程中也提供网络访问客户端使用的应用程序编程接口(API)，包括 无线客户端和 VPN 客户端。如果禁用此服务，该计算机将无法访问需要 EAP 身份 验证的网络。
     Microsoft Corporation
     10.0.18362.1
     c:\windows\system32\eapsvc.dll
     1941/6/28 16:34
   EFS
     %SystemRoot%\System32\lsass.exe
     Encrypting File System (EFS): 提供用于在 NTFS 文件系统卷上存储加密文件的核心文件加密技术。如果停止或禁用此服务，则应用程序将无法访问加密的文 件。
     Microsoft Corporation
     10.0.18362.1
     c:\windows\system32\lsass.exe
     1947/7/4 6:51
   embeddedmode
     %SystemRoot%\System32\svchost.exe -k LocalSystemNetworkRestricted -p
     嵌入模式: 嵌入式服务启用与后台应用程序相关的方案。禁用此服务会阻止激活后台应用程序。
     Microsoft Corporation
     10.0.18362.1
     c:\windows\system32\embeddedmodesvc.dll
     2000/3/15 6:03
   EntAppSvc
     %systemroot%\system32\svchost.exe -k appmodel -p
     Enterprise App Management Service: 启用企业应用程序管理。
     Microsoft Corporation
     10.0.18362.1
     c:\windows\system32\enterpriseappmgmtsvc.dll
     1991/9/30 11:30
   EventLog
     %SystemRoot%\System32\svchost.exe -k LocalServiceNetworkRestricted -p
     Windows Event Log: 此服务管理事件和事件日志。它支持日志记录事件、查 询事件、订阅事件、归档事件日志以及管理事件元数据。它可以用 XML 和纯文本两种格式显示事件。停止该服务可能危及系统的安全性和可靠性。
     Microsoft Corporation
     10.0.18362.752
     c:\windows\system32\wevtsvc.dll
     1932/10/5 14:22
   EventSystem
     %SystemRoot%\system32\svchost.exe -k LocalService -p
     COM+ Event System: 支持系统事件通知服务 (SENS)，此服务为订阅的组件对象模型 (COM) 组件提供自动分布事件功能。如果停止此服务，SENS 将关闭，而且 不能提供登录和注销通知。如果禁用此服务，显式依赖此服务的其他服务都将无法 启动。
     Microsoft Corporation
     2001.12.10941.16384
     c:\windows\system32\es.dll
     1914/7/21 9:03
   Everything
     "C:\Program Files\Everything\Everything.exe" -svc
     Everything: Everything
     voidtools
     1.4.1.935
     c:\program files\everything\everything.exe
     2019/2/4 12:37
   Fax
     %systemroot%\system32\fxssvc.exe
     Fax: 利用计算机或网络上的可用传真资源发送和接收传真。
     Microsoft Corporation
     10.0.18362.1
     c:\windows\system32\fxssvc.exe
     2004/5/13 19:24
   fdPHost
     %SystemRoot%\system32\svchost.exe -k LocalService -p
     Function Discovery Provider Host: FDPHOST 服务承载功能发现(FD)网络发现提供程序。这些 FD 提供程序为简单服务发现协议(SSDP)和 Web 服务发现(WS-D)协议提供网络发现服务。使用 FD 时停止或禁用 FDPHOST 服务将禁用这些协议的网络发现。当该服务不可用时，使用 FD 和依靠这些发现协议的网络服务将无法找到 网络服务或资源。
     Microsoft Corporation
     10.0.18362.1
     c:\windows\system32\fdphost.dll
     2010/1/30 1:22
   FDResPub
     %SystemRoot%\system32\svchost.exe -k LocalServiceAndNoImpersonation -p
     Function Discovery Resource Publication: 发布该计算机以及连接到该计 算机的资源，以便能够在网络上发现这些资源。如果该服务被停止，将不再发布网 络资源，网络上的其他计算机将无法发现这些资源。
     Microsoft Corporation
     10.0.18362.1
     c:\windows\system32\fdrespub.dll
     1965/6/24 17:03
   fhsvc
     %SystemRoot%\system32\svchost.exe -k LocalSystemNetworkRestricted -p
     File History Service: 将用户文件复制到备份位置以防意外丢失
     Microsoft Corporation
     10.0.18362.1
     c:\windows\system32\fhsvc.dll
     1918/8/27 12:39
   FLEXnet Licensing Service
     "C:\Program Files (x86)\Common Files\Macrovision Shared\FLEXnet Publisher\FNPLicensingService.exe"
     FLEXnet Licensing Service: This service performs licensing functions on behalf of FLEXnet enabled products.
     Macrovision Europe Ltd.
     11.5.0.0
     c:\program files (x86)\common files\macrovision shared\flexnet publisher\fnplicensingservice.exe
     2007/11/28 3:30
   FontCache
     %SystemRoot%\system32\svchost.exe -k LocalService -p
     Windows Font Cache Service: 通过缓存常用字体数据优化应用程序的性能。如果尚未运行该服务，则应用程序将启动该服务。也可以禁用该服务，但是这样做 会降低应用程序性能。
     Microsoft Corporation
     10.0.18362.693
     c:\windows\system32\fntcache.dll
     1961/12/24 15:55
   FontCache3.0.0.0
     %systemroot%\Microsoft.Net\Framework64\v3.0\WPF\PresentationFontCache.exe
     Windows Presentation Foundation Font Cache 3.0.0.0: 通过缓存常用的字体数据来优化 Windows Presentation Foundation (WPF) 应用程序的性能。WPF 应用程序将启动此服务(如果尚未启动)。可以禁用此服务，尽管这样做会降低 WPF 应用程序的性能。
     Microsoft Corporation
     3.0.6920.9135
     c:\windows\microsoft.net\framework64\v3.0\wpf\presentationfontcache.exe
     2019/1/26 12:17
   FrameServer
     %SystemRoot%\System32\svchost.exe -k Camera
     Windows Camera Frame Server: 允许多个客户端从相机设备访问视频帧。
     Microsoft Corporation
     10.0.18362.628
     c:\windows\system32\frameserver.dll
     2027/7/25 17:08
   GoogleChromeElevationService
     "C:\Program Files (x86)\Google\Chrome\Application\81.0.4044.138\elevation_service.exe"
     Google Chrome Elevation Service: Google Chrome
     Google LLC
     81.0.4044.138
     c:\program files (x86)\google\chrome\application\81.0.4044.138\elevation_service.exe
     2020/5/2 5:41
   gpsvc
     %systemroot%\system32\svchost.exe -k netsvcs -p
     Group Policy Client: 此服务负责应用管理员通过组策略组件为计算机和用 户配置的设置。如果禁用此服务，将不会应用这些设置，并且将无法通过组策略管 理应用程序和组件。如果禁用此服务，依赖于组策略组件的所有组件或应用程序都 将无法正常运行。
     Microsoft Corporation
     10.0.18362.1
     c:\windows\system32\gpsvc.dll
     1994/3/30 8:05
   GraphicsPerfSvc
     %SystemRoot%\System32\svchost.exe -k GraphicsPerfSvcGroup
     GraphicsPerfSvc: Graphics performance monitor service
     Microsoft Corporation
     10.0.18362.1
     c:\windows\system32\graphicsperfsvc.dll
     1946/4/24 11:01
   gupdate
     "C:\Program Files (x86)\Google\Update\GoogleUpdate.exe" /svc
     Google 更新服务 (gupdate): 请确保使用最新版的 Google 软件。如果停用 或中断此服务，则您的 Google 软件就无法及时更新，这意味着无法修复潜在的安 全漏洞，同时某些功能也无法正常运行。如果没有任何 Google 软件使用此服务， 则此服务会自行卸载。
     Google LLC
     1.3.34.11
     c:\program files (x86)\google\update\googleupdate.exe
     2019/5/7 7:16
   gupdatem
     "C:\Program Files (x86)\Google\Update\GoogleUpdate.exe" /medsvc
     Google 更新服务 (gupdatem): 请确保使用最新版的 Google 软件。如果停用或中断此服务，则您的 Google 软件就无法及时更新，这意味着无法修复潜在的安 全漏洞，同时某些功能也无法正常运行。如果没有任何 Google 软件使用此服务， 则此服务会自行卸载。
     Google LLC
     1.3.34.11
     c:\program files (x86)\google\update\googleupdate.exe
     2019/5/7 7:16
   hidserv
     %SystemRoot%\system32\svchost.exe -k LocalSystemNetworkRestricted -p
     Human Interface Device Service: 激活键盘、遥控器和其他多媒体设备上的热按钮并继续使用这些按钮。建议你让此服务一直运行。
     Microsoft Corporation
     10.0.18362.1
     c:\windows\system32\hidserv.dll
     1916/12/9 8:17
   HipsDaemon
     "D:\Huorong\Sysdiag\bin\HipsDaemon.exe" -sHipsDaemon
     Huorong Internet Security Daemon: Huorong Internet Security Daemon
     北京火绒网络科技有限公司
     5.0.1.1
     d:\huorong\sysdiag\bin\hipsdaemon.exe
     2020/4/26 10:56
   HRWSCCtrl
     "D:\Huorong\Sysdiag\bin\wsctrl.exe" /svc_run
     Huorong Windows Security Center: 火绒安全软件
     北京火绒网络科技有限公司
     5.0.0.0
     d:\huorong\sysdiag\bin\wsctrl.exe
     2019/5/16 13:53
   HuaweiHiSuiteService64.exe
     "C:\Program Files (x86)\HiSuite\HandSetService\HuaweiHiSuiteService64.exe" -/service
     HuaweiHiSuiteService64.exe: Service for runing HiSuite applications autorun.
     2.0.0.42
     c:\program files (x86)\hisuite\handsetservice\huaweihisuiteservice64.exe
     2016/8/25 17:27
   HvHost
     %SystemRoot%\system32\svchost.exe -k LocalSystemNetworkRestricted -p
     HV 主机服务: 为 Hyper-V 虚拟机监控程序提供接口，以便为主机操作系统提供单分区性能计数器。
     Microsoft Corporation
     10.0.18362.476
     c:\windows\system32\hvhostsvc.dll
     1959/4/13 4:03
   icssvc
     %SystemRoot%\system32\svchost.exe -k LocalServiceNetworkRestricted -p
     Windows 移动热点服务: 提供与其他设备共享手机网络数据连接的功能。
     Microsoft Corporation
     10.0.18362.387
     c:\windows\system32\tetheringservice.dll
     2036/9/22 20:13
   igfxCUIService2.0.0.0
     %SystemRoot%\system32\igfxCUIService.exe
     Intel(R) HD Graphics Control Panel Service: Service for Intel(R) HD Graphics Control Panel
     Intel Corporation
     6.15.10.4835
     c:\windows\system32\igfxcuiservice.exe
     2017/10/17 1:43
   IKEEXT
     %systemroot%\system32\svchost.exe -k netsvcs -p
     IKE and AuthIP IPsec Keying Modules: IKEEXT 服务托管 Internet 密钥交换(IKE)和身份验证 Internet 协议(AuthIP)键控模块。这些键控模块用于 Internet 协议安全(IPSec)中的身份验证和密钥交换。停止或禁用 IKEEXT 服务将禁用与对等计算机的 IKE/AuthIP 密钥交换。通常将 IPSec 配置为使用 IKE 或 AuthIP，因此停止或禁用 IKEEXT 服务将导致 IPSec 故障并且危及系统的安全。强烈建议运行 IKEEXT 服务。
     Microsoft Corporation
     10.0.18362.207
     c:\windows\system32\ikeext.dll
     1902/3/3 6:37
   InstallService
     %SystemRoot%\System32\svchost.exe -k netsvcs -p
     Microsoft Store 安装服务: 为 Microsoft Store 提供基础结构支持。此服 务按需启动，如被禁用，则安装将无法正常运行。
     Microsoft Corporation
     10.0.18362.778
     c:\windows\system32\installservice.dll
     1935/3/18 17:46
   iphlpsvc
     %SystemRoot%\System32\svchost.exe -k NetSvcs -p
     IP Helper: 使用 IPv6 转换技术(6to4、ISATAP、端口代理和 Teredo)和 IP-HTTPS 提供隧道连接。如果停止该服务，则计算机将不具备这些技术提供的增强连 接优势。
     Microsoft Corporation
     10.0.18362.476
     c:\windows\system32\iphlpsvc.dll
     1955/4/10 6:27
   IpxlatCfgSvc
     %SystemRoot%\System32\svchost.exe -k LocalSystemNetworkRestricted -p
     IP 转换配置服务: 配置和启用从 v4 到 v6 的转换，反之亦然
     Microsoft Corporation
     10.0.18362.1
     c:\windows\system32\ipxlatcfg.dll
     2019/3/21 18:00
   KeyIso
     %SystemRoot%\system32\lsass.exe
     CNG Key Isolation: CNG 密钥隔离服务宿主在 LSA 进程中。如一般原则所要求，该服务为私钥和相关加密操作提供密钥进程隔离。该服务在与一般原则要求相 一致的安全进程中存储和使用生存期长的密钥。
     Microsoft Corporation
     10.0.18362.1
     c:\windows\system32\lsass.exe
     1947/7/4 6:51
   knatsvc
     "E:\kwifi\knatsvc.exe" /service knatsvc
     猎豹免费WiFi核心服务程序: 猎豹免费WiFi核心服务程序
     Kingsoft Corporation
     2016.4.14.1419
     e:\kwifi\knatsvc.exe
     2016/4/14 20:36
   KtmRm
     %SystemRoot%\System32\svchost.exe -k NetworkServiceAndNoImpersonation -p
     KtmRm for Distributed Transaction Coordinator: 协调分布式事务处理协 调器(MSDTC)和内核事务管理器(KTM)之间的事务。如果不需要，建议保持该服务的 停止状态。如果需要，MSDTC 和 KTM 将自动启动该服务。如果此服务已禁用，任何与内核资源管理器交互的 MSDTC 事务将失败，并且任何显式依赖它的服务将无法启动。
     Microsoft Corporation
     2001.12.10941.16384
     c:\windows\system32\msdtckrm.dll
     1986/1/17 21:44
   LanmanServer
     %SystemRoot%\system32\svchost.exe -k netsvcs -p
     Server: 支持此计算机通过网络的文件、打印、和命名管道共享。如果服务停止，这些功能不可用。如果服务被禁用，任何直接依赖于此服务的服务将无法启动 。
     Microsoft Corporation
     10.0.18362.1
     c:\windows\system32\srvsvc.dll
     1927/12/31 11:11
   LanmanWorkstation
     %SystemRoot%\System32\svchost.exe -k NetworkService -p
     Workstation: 使用 SMB 协议创建并维护客户端网络与远程服务器之间的连接。如果此服务已停止，这些连接将无法使用。如果此服务已禁用，任何明确依赖它 的服务将无法启动。
     Microsoft Corporation
     10.0.18362.267
     c:\windows\system32\wkssvc.dll
     1980/1/12 1:15
   lfsvc
     %SystemRoot%\system32\svchost.exe -k netsvcs -p
     Geolocation Service: 此服务将监视系统的当前位置并管理地理围栏(具有关联事件的地理位置)。如果你禁用此服务，应用程序将无法使用或接收有关地理位置或地理围栏的通知。
     Microsoft Corporation
     10.0.18362.1
     c:\windows\system32\lfsvc.dll
     1980/1/30 8:34
   LicenseManager
     %SystemRoot%\System32\svchost.exe -k LocalService -p
     Windows 许可证管理器服务: 为 Microsoft Store 提供基础结构支持。此服 务按需启动，如果禁用此服务，则通过 Microsoft Store 获得的内容将无法正常运行。
     Microsoft Corporation
     10.0.18362.1
     c:\windows\system32\licensemanagersvc.dll
     2029/10/5 19:51
   lltdsvc
     %SystemRoot%\System32\svchost.exe -k LocalService -p
     Link-Layer Topology Discovery Mapper: 创建网络映射，它由电脑和设备拓扑(连接)信息以及说明每个电脑和设备的元数据组成。如果禁用此服务，则网络映 射将不能正常工作。
     Microsoft Corporation
     10.0.18362.1
     c:\windows\system32\lltdsvc.dll
     1934/3/29 19:45
   lmhosts
     %SystemRoot%\System32\svchost.exe -k LocalServiceNetworkRestricted -p
     TCP/IP NetBIOS Helper: 提供 TCP/IP (NetBT) 服务上的 NetBIOS 和网络上客户端的 NetBIOS 名称解析的支持，从而使用户能够共享文件、打印和登录到网络。如果此服务被停用，这些功能可能不可用。如果此服务被禁用，任何依赖它的服 务将无法启动。
     Microsoft Corporation
     10.0.18362.1
     c:\windows\system32\svchost.exe
     1997/1/11 6:26
   LSM
     %SystemRoot%\system32\svchost.exe -k DcomLaunch -p
     Local Session Manager: 管理本地用户会话的核心 Windows 服务。停止或禁用此服务将导致系统不稳定。
     Microsoft Corporation
     10.0.18362.1
     c:\windows\system32\lsm.dll
     1931/7/21 3:30
   LxpSvc
     %SystemRoot%\system32\svchost.exe -k netsvcs
     语言体验服务: 为部署和配置 Windows 本地化资源提供基础结构支持。此服 务将按需启动，如果禁用，其他 Windows 语言将不会部署到系统，Windows 可能无法正常工作。
     Microsoft Corporation
     10.0.18362.1
     c:\windows\system32\languageoverlayserver.dll
     2035/1/24 21:50
   MapsBroker
     %SystemRoot%\System32\svchost.exe -k NetworkService -p
     Downloaded Maps Manager: 供应用程序访问已下载地图的 Windows 服务。此服务由访问已下载地图的应用程序按需启动。禁用此服务将阻止应用访问地图。
     Microsoft Corporation
     10.0.18362.1
     c:\windows\system32\moshost.dll
     2002/8/30 8:11
   MessagingService
     %SystemRoot%\system32\svchost.exe -k UnistackSvcGroup
     MessagingService: 支持短信及相关功能的服务。
     Microsoft Corporation
     10.0.18362.1
     c:\windows\system32\messagingservice.dll
     1946/5/2 4:09
   MessagingService_70689
     C:\Windows\system32\svchost.exe -k UnistackSvcGroup
     MessagingService_70689: 支持短信及相关功能的服务。
     Microsoft Corporation
     10.0.18362.1
     c:\windows\system32\svchost.exe
     1997/1/11 6:26
   Mobile Broadband HL Service
     "C:\Program Files (x86)\MobileBrServ\mbbservice.exe" -service
     Mobile Broadband HL Service: Provide service for mobile broadband device.
     22.29.0.3
     c:\program files (x86)\mobilebrserv\mbbservice.exe
     2016/3/24 16:20
   mpssvc
     %SystemRoot%\system32\svchost.exe -k LocalServiceNoNetworkFirewall -p
     Windows Defender Firewall: Windows Defender 防火墙通过阻止未授权用户通过 Internet 或网络访问你的计算机来帮助保护计算机。
     Microsoft Corporation
     10.0.18362.449
     c:\windows\system32\mpssvc.dll
     2000/5/24 14:40
   MSDTC
     %SystemRoot%\System32\msdtc.exe
     Distributed Transaction Coordinator: 协调跨多个数据库、消息队列、文 件系统等资源管理器的事务。如果停止此服务，这些事务将会失败。如果禁用此服 务，显式依赖此服务的其他服务将无法启动。
     Microsoft Corporation
     2001.12.10941.16384
     c:\windows\system32\msdtc.exe
     1966/9/5 6:27
   MSiSCSI
     %systemroot%\system32\svchost.exe -k netsvcs -p
     Microsoft iSCSI Initiator Service: 管理从这台计算机到远程 iSCSI 目标设备的 Internet SCSI (iSCSI)会话。如果该服务已停止，则该计算机将无法登录 或访问 iSCSI 目标设备。如果该服务已禁用，则所有显式依赖于该服务的服务将不会启动。
     Microsoft Corporation
     10.0.18362.1
     c:\windows\system32\iscsiexe.dll
     1968/9/17 22:37
   msiserver
     %systemroot%\system32\msiexec.exe /V
     Windows Installer: 添加、修改和删除作为 Windows Installer 程序包(*.msi、*.msp)提供的应用程序。如果禁用此服务，则任何显式依赖它的服务均将无法 启动。
     Microsoft Corporation
     5.0.18362.1
     c:\windows\system32\msiexec.exe
     2017/2/9 9:03
   NaturalAuthentication
     %SystemRoot%\system32\svchost.exe -k netsvcs -p
     自然身份验证: 信号聚合器服务，用于根据时间、网络、地理位置、蓝牙和 CDF 因素评估信号。支持的功能包括设备解锁、动态锁定和动态 MDM 策略
     Microsoft Corporation
     10.0.18362.1
     c:\windows\system32\naturalauth.dll
     1947/5/21 9:08
   NcaSvc
     %SystemRoot%\System32\svchost.exe -k NetSvcs -p
     Network Connectivity Assistant: 提供 UI 组件的 DirectAccess 状态通知
     Microsoft Corporation
     10.0.18362.356
     c:\windows\system32\ncasvc.dll
     1957/10/8 18:34
   NcbService
     %SystemRoot%\System32\svchost.exe -k LocalSystemNetworkRestricted -p
     Network Connection Broker: 允许 Windows 应用商店应用从 Internet 接收通知的代理连接。
     Microsoft Corporation
     10.0.18362.752
     c:\windows\system32\ncbservice.dll
     1919/10/18 19:26
   NcdAutoSetup
     %SystemRoot%\System32\svchost.exe -k LocalServiceNoNetwork -p
     Network Connected Devices Auto-Setup: 网络连接设备自动安装服务会监视和安装连接到合格网络的合格设备。停止或禁用此服务将阻止 Windows 自动发现和安装合格的网络连接设备。用户仍然可以通过用户界面将网络连接设备手动添加到 电脑。
     Microsoft Corporation
     10.0.18362.1
     c:\windows\system32\ncdautosetup.dll
     1958/3/12 22:05
   Netlogon
     %systemroot%\system32\lsass.exe
     Netlogon: 为用户和服务身份验证维护此计算机和域控制器之间的安全通道。如果此服务被停用，计算机可能无法验证用户和服务身份并且域控制器无法注册 DNS 记录。如果此服务被禁用，任何依赖它的服务将无法启动。
     Microsoft Corporation
     10.0.18362.1
     c:\windows\system32\lsass.exe
     1947/7/4 6:51
   Netman
     %SystemRoot%\System32\svchost.exe -k LocalSystemNetworkRestricted -p
     Network Connections: 管理“网络和拨号连接”文件夹中对象，在其中你可 以查看局域网和远程连接。
     Microsoft Corporation
     10.0.18362.719
     c:\windows\system32\netman.dll
     2021/4/16 4:08
   netprofm
     %SystemRoot%\System32\svchost.exe -k LocalService -p
     Network List Service: 识别计算机已连接的网络，收集和存储这些网络的属性，并在更改这些属性时通知应用程序。
     Microsoft Corporation
     10.0.18362.719
     c:\windows\system32\netprofmsvc.dll
     1962/4/12 18:25
   NetSetupSvc
     %SystemRoot%\System32\svchost.exe -k netsvcs -p
     Network Setup Service: 网络安装服务用于管理网络驱动程序的安装，并允 许配置低级别网络设置。如果停止此服务，可能会取消正在进行的所有驱动程序安 装。
     Microsoft Corporation
     10.0.18362.1
     c:\windows\system32\netsetupsvc.dll
     1937/3/2 14:41
   NgcCtnrSvc
     %SystemRoot%\system32\svchost.exe -k LocalServiceNetworkRestricted -p
     Microsoft Passport Container: 管理用于针对标识提供者及 TPM 虚拟智能 卡为用户进行身份验证的本地用户标识密钥。如果禁用了此服务，则将无法访问本 地用户标识密钥和 TPM 虚拟智能卡。建议你不要重新配置此服务。
     Microsoft Corporation
     10.0.18362.329
     c:\windows\system32\ngcctnrsvc.dll
     1943/10/4 7:37
   NgcSvc
     %SystemRoot%\system32\svchost.exe -k LocalSystemNetworkRestricted -p
     Microsoft Passport: 为用于对用户关联的标识提供者进行身份验证的加密密钥提供进程隔离。如果禁用了此服务，则这些密钥的所有使用和管理将无法进行， 其中包括应用和网站的计算机登录和单一登录。此服务自动启动和停止。建议你不 要重新配置此服务。
     Microsoft Corporation
     10.0.18362.267
     c:\windows\system32\ngcsvc.dll
     1920/8/10 11:41
   NlaSvc
     %SystemRoot%\System32\svchost.exe -k NetworkService -p
     Network Location Awareness: 收集和存储网络的配置信息，并在此信息被修改时向程序发出通知。如果停止此服务，则配置信息可能不可用；如果禁用此服务 ，则显式依赖此服务的所有服务都将无法启动。
     Microsoft Corporation
     10.0.18362.693
     c:\windows\system32\nlasvc.dll
     1916/6/30 19:48
   nsi
     %systemroot%\system32\svchost.exe -k LocalService -p
     Network Store Interface Service: 此服务向用户模式客户端发送网络通知(例如，添加/删除接口等)。停止此服务将导致丢失网络连接。如果禁用此服务，则 显式依赖此服务的所有其他服务都将无法启动。
     Microsoft Corporation
     10.0.18362.1
     c:\windows\system32\svchost.exe
     1997/1/11 6:26
   nvsvc
     "C:\Windows\system32\nvvsvc.exe"
     NVIDIA Display Driver Service: Provides system and desktop level support to the NVIDIA display driver
     NVIDIA Corporation
     8.17.13.6909
     c:\windows\system32\nvvsvc.exe
     2016/8/1 20:37
   OneSyncSvc
     %SystemRoot%\system32\svchost.exe -k UnistackSvcGroup
     同步主机: 此服务将同步邮件、联系人、日历和各种其他用户数据。此服务没有运行时，依赖于此功能的邮件和其他应用程序将无法正常工作。
     Microsoft Corporation
     10.0.18362.1
     c:\windows\system32\aphostservice.dll
     2034/1/31 4:05
   OneSyncSvc_70689
     C:\Windows\system32\svchost.exe -k UnistackSvcGroup
     同步主机_70689: 此服务将同步邮件、联系人、日历和各种其他用户数据。此服务没有运行时，依赖于此功能的邮件和其他应用程序将无法正常工作。
     Microsoft Corporation
     10.0.18362.1
     c:\windows\system32\svchost.exe
     1997/1/11 6:26
   ose
     "c:\Program Files (x86)\Common Files\Microsoft Shared\Source Engine\OSE.EXE"
     Office  Source Engine: Saves installation files used for updates and repairs and is required for the downloading of Setup updates and Watson error reports.
     Microsoft Corporation
     16.0.12730.20188
     c:\program files (x86)\common files\microsoft shared\source engine\ose.exe
     2020/4/24 5:59
   p2pimsvc
     %SystemRoot%\System32\svchost.exe -k LocalServicePeerNet
     Peer Networking Identity Manager: 向对等名称解析协议(PNRP)和对等分组服务提供标识服务。如果禁用该功能，对等名称解析协议和对等分组服务可能无法 正常运行，且某些应用程序(如家庭组和远程协助)可能无法正常运行。
     Microsoft Corporation
     10.0.18362.295
     c:\windows\system32\pnrpsvc.dll
     1931/8/24 12:49
   p2psvc
     %SystemRoot%\System32\svchost.exe -k LocalServicePeerNet
     Peer Networking Grouping: 使用对等分组启用多方通信。如果禁用该功能，某些应用程序(如家庭组)可能无法正常运行。
     Microsoft Corporation
     10.0.18362.295
     c:\windows\system32\p2psvc.dll
     1962/10/28 3:24
   PcaSvc
     %systemroot%\system32\svchost.exe -k LocalSystemNetworkRestricted -p
     Program Compatibility Assistant Service: 此服务为程序兼容性助手(PCA)提供支持。PCA 监视由用户安装和运行的程序，并检测已知兼容性问题。如果停止 此服务，PCA 将无法正常运行。
     Microsoft Corporation
     10.0.18362.752
     c:\windows\system32\pcasvc.dll
     2005/9/9 15:43
   PeerDistSvc
     %SystemRoot%\System32\svchost.exe -k PeerDist
     BranchCache: 此服务缓存来自本地子网上对等方的网络内容。
     Microsoft Corporation
     10.0.18362.1
     c:\windows\system32\peerdistsvc.dll
     1968/11/5 22:33
   perceptionsimulation
     %systemroot%\system32\PerceptionSimulation\PerceptionSimulationService.exe
     Windows 感知模拟服务: 实现空间感知模拟、虚拟相机管理和空间输入模拟。
     Microsoft Corporation
     10.0.18362.1
     c:\windows\system32\perceptionsimulation\perceptionsimulationservice.exe
     2016/9/14 22:45
   PerfHost
     %SystemRoot%\SysWow64\perfhost.exe
     Performance Counter DLL Host: 使远程用户和 64 位进程能够查询 32 位 DLL 提供的性能计数器。如果停止此服务，则只有本地用户和 32 位进程能够查询 32 位 DLL 提供的性能计数器。
     Microsoft Corporation
     10.0.18362.1
     c:\windows\syswow64\perfhost.exe
     2021/6/2 13:18
   PhoneSvc
     %SystemRoot%\system32\svchost.exe -k LocalService -p
     Phone Service: 在设备上管理电话服务状态
     Microsoft Corporation
     10.0.18362.1
     c:\windows\system32\phoneservice.dll
     1926/12/8 9:33
   PimIndexMaintenanceSvc
     %SystemRoot%\system32\svchost.exe -k UnistackSvcGroup
     Contact Data: 为联系人数据编制索引以进行快速联系人搜索。如果停止或禁用此服务，你的搜索结果中可能会缺少联系人。
     Microsoft Corporation
     10.0.18362.1
     c:\windows\system32\pimindexmaintenance.dll
     2010/6/21 3:59
   PimIndexMaintenanceSvc_70689
     C:\Windows\system32\svchost.exe -k UnistackSvcGroup
     Contact Data_70689: 为联系人数据编制索引以进行快速联系人搜索。如果停止或禁用此服务，你的搜索结果中可能会缺少联系人。
     Microsoft Corporation
     10.0.18362.1
     c:\windows\system32\svchost.exe
     1997/1/11 6:26
   pla
     %SystemRoot%\System32\svchost.exe -k LocalServiceNoNetwork -p
     Performance Logs & Alerts: 性能日志和警报根据预配置的计划参数从本地 或远程计算机收集性能数据，然后将该数据写入日志或触发警报。如果停止此服务 ，将不收集性能信息。如果禁用此服务，则明确依赖它的所有服务将无法启动。
     Microsoft Corporation
     10.0.18362.1
     c:\windows\system32\pla.dll
     2017/4/22 13:35
   PlugPlay
     %SystemRoot%\system32\svchost.exe -k DcomLaunch -p
     Plug and Play: 使计算机在极少或没有用户输入的情况下能识别并适应硬件 的更改。终止或禁用此服务会造成系统不稳定。
     Microsoft Corporation
     10.0.18362.1
     c:\windows\system32\umpnpmgr.dll
     1947/11/16 17:19
   PNRPAutoReg
     %SystemRoot%\System32\svchost.exe -k LocalServicePeerNet
     PNRP Machine Name Publication Service: 此服务使用对等名称解析协议发 布计算机名称。配置是通过 Netsh 上下文“p2p pnrp peer”管理的
     Microsoft Corporation
     10.0.18362.1
     c:\windows\system32\pnrpauto.dll
     2008/8/4 7:29
   PNRPsvc
     %SystemRoot%\System32\svchost.exe -k LocalServicePeerNet
     Peer Name Resolution Protocol: 使用对等名称解析协议(PNRP)在 Internet 上启用无服务器对等名称解析。如果禁用该功能，则某些对等应用程序和协作应用程序(如远程协助)可能无法运行。
     Microsoft Corporation
     10.0.18362.295
     c:\windows\system32\pnrpsvc.dll
     1931/8/24 12:49
   PolicyAgent
     %SystemRoot%\system32\svchost.exe -k NetworkServiceNetworkRestricted -p
     IPsec Policy Agent: Internet 协议安全(IPsec)支持网络级别的对等身份验证、数据原始身份验证、数据完整性、数据机密性(加密)以及重播保护。此服务强 制执行通过 IP 安全策略管理单元或命令行工具 "netsh ipsec" 创建的 IPsec 策 略。停止此服务时，如果策略需要连接使用 IPsec，可能会遇到网络连接问题。同 样，此服务停止时，Windows Defender 防火墙的远程管理也不再可用。
     Microsoft Corporation
     10.0.18362.1
     c:\windows\system32\ipsecsvc.dll
     1996/1/12 23:46
   Power
     %SystemRoot%\system32\svchost.exe -k DcomLaunch -p
     Power: 管理电源策略和电源策略通知传递。
     Microsoft Corporation
     10.0.18362.778
     c:\windows\system32\umpo.dll
     1944/8/23 9:25
   PrintNotify
     %SystemRoot%\system32\svchost.exe -k print
     Printer Extensions and Notifications: 此服务可打开自定义打印机对话框并处理来自远程打印服务器或打印机的通知。如果你关闭此服务，将无法看到打印 机扩展或通知。
     Microsoft Corporation
     0.3.18362.145
     c:\windows\system32\spool\drivers\x64\3\printconfig.dll
     1963/10/1 2:55
   PrintWorkflowUserSvc
     %SystemRoot%\system32\svchost.exe -k PrintWorkflow
     PrintWorkflow: 打印工作流
     Microsoft Corporation
     10.0.18362.1
     c:\windows\system32\printworkflowservice.dll
     1996/5/3 23:56
   PrintWorkflowUserSvc_70689
     C:\Windows\system32\svchost.exe -k PrintWorkflow
     PrintWorkflow_70689: 打印工作流
     Microsoft Corporation
     10.0.18362.1
     c:\windows\system32\svchost.exe
     1997/1/11 6:26
   ProfSvc
     %systemroot%\system32\svchost.exe -k netsvcs -p
     User Profile Service: 此服务负责加载和卸载用户配置文件。如果已停止或禁用此服务，用户将无法再成功登录或注销，应用在获取用户数据时可能会出问题 ，而且为接收配置文件事件通知注册的组件将无法接收这些通知。
     Microsoft Corporation
     10.0.18362.693
     c:\windows\system32\profsvc.dll
     1962/12/27 17:07
   PushToInstall
     %SystemRoot%\System32\svchost.exe -k netsvcs -p
     Windows PushToInstall 服务: 为 Microsoft Store 提供基础结构支持。此 服务自动启动，如果禁用，则远程安装将无法正常运行。
     Microsoft Corporation
     10.0.18362.1
     c:\windows\system32\pushtoinstall.dll
     2002/5/8 8:07
   QPCore
     "C:\Program Files (x86)\Common Files\Tencent\QQProtect\Bin\QQProtect.exe"
     QPCore Service: 腾讯安全服务
     Tencent
     4.5.0.9406
     c:\program files (x86)\common files\tencent\qqprotect\bin\qqprotect.exe
     2019/11/20 17:31
   QWAVE
     %windir%\system32\svchost.exe -k LocalServiceAndNoImpersonation -p
     Quality Windows Audio Video Experience: 优质 Windows 音频视频体验(qWave)是用于 IP 家庭网络上的音频视频(AV)流应用程序的网络平台。通过确保 AV  应用程序的网络服务质量(QoS)，qWave 增强了 AV 流的性能和可靠性。它提供了许可控制机制、运行时监视和实施、应用程序反馈以及流量优先顺序。
     Microsoft Corporation
     10.0.18362.1
     c:\windows\system32\qwave.dll
     1976/9/4 3:49
   RasAuto
     %SystemRoot%\System32\svchost.exe -k netsvcs -p
     Remote Access Auto Connection Manager: 无论什么时候，当某个程序引用 一个远程 DNS 或者 NetBIOS 名称或者地址，就创建一个到远程的连接。
     Microsoft Corporation
     10.0.18362.1
     c:\windows\system32\rasauto.dll
     1949/11/12 0:08
   RasMan
     %SystemRoot%\System32\svchost.exe -k netsvcs
     Remote Access Connection Manager: 管理从这台计算机到 Internet 或其他远程网络的拨号和虚拟专用网络(VPN)连接。如果禁用该项服务，则明确依赖该服务的任何服务都将无法启动。
     Microsoft Corporation
     10.0.18362.752
     c:\windows\system32\rasmans.dll
     1929/5/18 11:32
   RetailDemo
     %SystemRoot%\System32\svchost.exe -k rdxgroup
     零售演示服务: 当设备处于零售演示模式时，零售演示服务将控制设备活动。
     Microsoft Corporation
     10.0.18362.387
     c:\windows\system32\rdxservice.dll
     1984/1/9 2:38
   RmSvc
     %SystemRoot%\System32\svchost.exe -k LocalServiceNetworkRestricted
     无线电管理服务: 无线电管理和飞行模式服务
     Microsoft Corporation
     10.0.18362.449
     c:\windows\system32\rmapi.dll
     1964/9/10 12:07
   RpcEptMapper
     %SystemRoot%\system32\svchost.exe -k RPCSS -p
     RPC Endpoint Mapper: 解析 RPC 接口标识符以传输端点。如果此服务被停止或禁用，使用远程过程调用(RPC)服务的程序将无法正常运行。
     Microsoft Corporation
     10.0.18362.1
     c:\windows\system32\rpcepmap.dll
     1979/5/14 20:53
   RpcLocator
     %SystemRoot%\system32\locator.exe
     Remote Procedure Call (RPC) Locator: 在 Windows 2003 和 Windows 的早期版本中，远程过程调用(RPC)定位器服务可管理 RPC 名称服务数据库。在 Windows Vista 和 Windows 的更新版本中，此服务不提供任何功能，但可用于应用程序兼容性。
     Microsoft Corporation
     10.0.18362.1
     c:\windows\system32\locator.exe
     2029/10/6 11:23
   RpcSs
     %SystemRoot%\system32\svchost.exe -k rpcss -p
     Remote Procedure Call (RPC): RPCSS 服务是 COM 和 DCOM 服务器的服务控制管理器。它执行 COM 和 DCOM 服务器的对象激活请求、对象导出程序解析和分布式垃圾回收。如果此服务被停用或禁用，则使用 COM 或 DCOM 的程序将无法正常工作。强烈建议你运行 RPCSS 服务。
     Microsoft Corporation
     10.0.18362.752
     c:\windows\system32\rpcss.dll
     1942/9/3 2:10
   RtkAudioService
     "C:\Program Files\Realtek\Audio\HDA\RtkAudioService64.exe"
     Realtek Audio Service: For cooperation with Realtek audio driver.
     Realtek Semiconductor
     1.0.0.67
     c:\program files\realtek\audio\hda\rtkaudioservice64.exe
     2015/7/21 16:33
   SamSs
     %SystemRoot%\system32\lsass.exe
     Security Accounts Manager: 启动此服务将向其他服务发出信号: 安全帐户 管理器(SAM)已准备就绪，可以接受请求。禁用此服务将导致在 SAM 准备就绪时， 无法通知系统中的其他服务，从而可能导致这些服务无法正确启动。不应禁用此服 务。
     Microsoft Corporation
     10.0.18362.1
     c:\windows\system32\lsass.exe
     1947/7/4 6:51
   SangforSP
     "C:\Program Files (x86)\Sangfor\SSL\Promote\SangforPromoteService.exe"
     SangforSP: Promote Service
     Sangfor Technologies Inc.
     7.6.7.1
     c:\program files (x86)\sangfor\ssl\promote\sangforpromoteservice.exe
     2019/10/15 11:09
   SCardSvr
     %SystemRoot%\system32\svchost.exe -k LocalServiceAndNoImpersonation
     Smart Card: 管理此计算机对智能卡的取读访问。如果此服务被终止，此计算机将无法取读智能卡。如果此服务被禁用，任何依赖它的服务将无法启动。
     Microsoft Corporation
     10.0.18362.1
     c:\windows\system32\scardsvr.dll
     1967/4/24 22:28
   ScDeviceEnum
     %SystemRoot%\system32\svchost.exe -k LocalSystemNetworkRestricted
     Smart Card Device Enumeration Service: 为给定会话可访问的所有智能卡 读卡器创建软件设备节点。如果已禁用此服务，则 WinRT API 将无法枚举智能卡读卡器。
     Microsoft Corporation
     10.0.18362.1
     c:\windows\system32\scdeviceenum.dll
     2030/9/9 1:33
   Schedule
     %systemroot%\system32\svchost.exe -k netsvcs -p
     Task Scheduler: 使用户可以在此计算机上配置和计划自动任务。此服务还托管多个 Windows 系统关键任务。如果此服务被停止或禁用，这些任务将无法在计划的时间运行。如果此服务被禁用，则明确依赖它的所有服务将无法启动。
     Microsoft Corporation
     10.0.18362.387
     c:\windows\system32\schedsvc.dll
     2008/6/3 19:18
   SCPolicySvc
     %SystemRoot%\system32\svchost.exe -k netsvcs
     Smart Card Removal Policy: 允许系统配置为移除智能卡时锁定用户桌面
     Microsoft Corporation
     10.0.18362.1
     c:\windows\system32\certprop.dll
     1981/3/4 21:47
   SDRSVC
     %SystemRoot%\system32\svchost.exe -k SDRSVC
     Windows 备份: 提供 Windows 备份和还原功能。
     Microsoft Corporation
     10.0.18362.657
     c:\windows\system32\sdrsvc.dll
     1961/10/5 20:21
   seclogon
     %windir%\system32\svchost.exe -k netsvcs -p
     Secondary Logon: 在不同凭据下启用启动过程。如果此服务被停止，这种类 型的登录访问将不可用。如果此服务被禁用，任何明确依赖它的服务都将不能启动 。
     Microsoft Corporation
     10.0.18362.1
     c:\windows\system32\seclogon.dll
     1970/10/19 13:44
   SecurityHealthService
     %SystemRoot%\system32\SecurityHealthService.exe
     Windows 安全中心服务: Windows 安全中心服务处理统一的设备保护和运行状况信息
     Microsoft Corporation
     4.18.1901.16384
     c:\windows\system32\securityhealthservice.exe
     2000/3/2 17:11
   SEMgrSvc
     %SystemRoot%\system32\svchost.exe -k LocalService -p
     付款和 NFC/SE 管理器: 管理付款和基于近场通信(NFC)的安全元件。
     Microsoft Corporation
     10.0.18362.1
     c:\windows\system32\semgrsvc.dll
     1968/8/12 16:27
   SENS
     %SystemRoot%\system32\svchost.exe -k netsvcs -p
     System Event Notification Service: 监视系统事件并通知订户这些事件的 COM+ 事件系统。
     Microsoft Corporation
     10.0.18362.1
     c:\windows\system32\sens.dll
     1904/9/2 8:13
   Sense
     "%ProgramFiles%\Windows Defender Advanced Threat Protection\MsSense.exe"
     Windows Defender Advanced Threat Protection Service: Windows Defender 高级威胁防护服务通过监视和报告计算机上发生的安全事件来防范高级威胁。
     Microsoft Corporation
     10.6940.18362.778
     c:\program files\windows defender advanced threat protection\mssense.exe
     1992/10/28 16:45
   SensorDataService
     %SystemRoot%\System32\SensorDataService.exe
     Sensor Data Service: 从各种传感器传送数据
     Microsoft Corporation
     10.0.18362.1
     c:\windows\system32\sensordataservice.exe
     1942/8/7 16:25
   SensorService
     %SystemRoot%\system32\svchost.exe -k LocalSystemNetworkRestricted -p
     Sensor Service: 一项用于管理各种传感器的功能的传感器服务。管理传感器的简单设备方向(SDO)和历史记录。加载对设备方向变化进行报告的 SDO 传感器。 如果停止或禁用了此服务，则将不会加载 SDO 传感器，因此不会发生自动旋转。来自传感器的历史记录收集也将停止。
     Microsoft Corporation
     10.0.18362.1
     c:\windows\system32\sensorservice.dll
     1950/12/14 15:08
   SensrSvc
     %SystemRoot%\system32\svchost.exe -k LocalServiceAndNoImpersonation -p
     Sensor Monitoring Service: 监视各种传感器，以公开数据和适应系统和用 户状态。如果此服务停止或禁用，显示器亮度将不根据照明条件进行调节。停止此 服务还可能会影响其他系统功能和特性。
     Microsoft Corporation
     10.0.18362.1
     c:\windows\system32\sensrsvc.dll
     1966/2/15 3:36
   SessionEnv
     %SystemRoot%\System32\svchost.exe -k netsvcs -p
     Remote Desktop Configuration: 远程桌面配置服务(RDCS)负责需要 SYSTEM 上下文的所有远程桌面服务和远程桌面相关的配置和会话维护活动。这些包括每会 话临时文件夹、RD 主题和 RD 证书。
     Microsoft Corporation
     10.0.18362.387
     c:\windows\system32\sessenv.dll
     1961/3/18 7:45
   SgrmBroker
     %SystemRoot%\system32\SgrmBroker.exe
     System Guard 运行时监视器代理: 监视并证明 Windows 平台的完整性。
     Microsoft Corporation
     10.0.18362.1
     c:\windows\system32\sgrmbroker.exe
     2017/3/29 16:40
   SharedAccess
     %SystemRoot%\System32\svchost.exe -k netsvcs -p
     Internet Connection Sharing (ICS): 为家庭和小型办公网络提供网络地址 转换、寻址、名称解析和/或入侵保护服务。
     Microsoft Corporation
     10.0.18362.778
     c:\windows\system32\ipnathlp.dll
     1908/7/1 4:13
   SharedRealitySvc
     %SystemRoot%\system32\svchost.exe -k LocalService -p
     空间数据服务: 此服务用于空间感知方案
     Microsoft Corporation
     10.0.18362.239
     c:\windows\system32\sharedrealitysvc.dll
     1930/8/19 8:55
   ShellHWDetection
     %SystemRoot%\System32\svchost.exe -k netsvcs -p
     Shell Hardware Detection: 为自动播放硬件事件提供通知。
     Microsoft Corporation
     10.0.18362.1
     c:\windows\system32\shsvcs.dll
     1909/6/9 6:37
   smphost
     %SystemRoot%\System32\svchost.exe -k smphost
     Microsoft Storage Spaces SMP: Microsoft 存储空间管理提供程序的主机服务。如果阻止或禁用这项服务，则无法管理存储空间。
     Microsoft Corporation
     10.0.18362.1
     c:\windows\system32\smphost.dll
     1915/12/23 5:06
   SmsRouter
     %SystemRoot%\system32\svchost.exe -k LocalServiceNetworkRestricted -p
     Microsoft Windows SMS 路由器服务。: 根据规则将消息路由到相应客户端。
     Microsoft Corporation
     10.0.18362.387
     c:\windows\system32\smsroutersvc.dll
     1956/9/18 20:16
   SNMPTRAP
     %SystemRoot%\System32\snmptrap.exe
     SNMP 陷阱: 接收本地或远程简单网络管理协议 (SNMP) 代理程序生成的陷阱 消息并将消息转发到此计算机上运行的 SNMP 管理程序。如果此服务被停用，此计 算机上基于 SNMP 的程序将不会接收 SNMP trap 消息。如果此服务被禁用，任何依赖它的服务将无法启动。
     Microsoft Corporation
     10.0.18362.1
     c:\windows\system32\snmptrap.exe
     1966/2/25 0:50
   spectrum
     %systemroot%\system32\spectrum.exe
     Windows 感知服务: 启用空间感知、空间输入和全息绘制。
     Microsoft Corporation
     10.0.18362.239
     c:\windows\system32\spectrum.exe
     2026/9/7 5:52
   Spooler
     %SystemRoot%\System32\spoolsv.exe
     Print Spooler: 该服务在后台执行打印作业并处理与打印机的交互。如果关 闭该服务，则无法进行打印或查看打印机。
     Microsoft Corporation
     10.0.18362.476
     c:\windows\system32\spoolsv.exe
     1976/8/6 20:51
   sppsvc
     %SystemRoot%\system32\sppsvc.exe
     Software Protection: 启用 Windows 和 Windows 应用程序的数字许可证的 下载、安装和实施。如果禁用该服务，操作系统和许可的应用程序可能以通知模式 运行。强烈建议你不要禁用软件保护服务。
     Microsoft Corporation
     10.0.18362.778
     c:\windows\system32\sppsvc.exe
     1962/2/1 13:44
   SSDPSRV
     %SystemRoot%\system32\svchost.exe -k LocalServiceAndNoImpersonation -p
     SSDP Discovery: 当发现了使用 SSDP 协议的网络设备和服务，如 UPnP 设备，同时还报告了运行在本地计算机上使用的 SSDP 设备和服务。如果停止此服务， 基于 SSDP 的设备将不会被发现。如果禁用此服务，任何依赖此服务的服务都无法 正常启动。
     Microsoft Corporation
     10.0.18362.295
     c:\windows\system32\ssdpsrv.dll
     1978/2/19 12:52
   SstpSvc
     %SystemRoot%\system32\svchost.exe -k LocalService -p
     Secure Socket Tunneling Protocol Service: 提供使用 VPN 连接到远程计 算机的安全套接字隧道协议(SSTP)的支持。如果该服务被禁用，则用户将无法使用 SSTP 访问远程服务器。
     Microsoft Corporation
     10.0.18362.1
     c:\windows\system32\sstpsvc.dll
     1927/7/22 11:29
   StateRepository
     %SystemRoot%\system32\svchost.exe -k appmodel -p
     State Repository Service: 为应用程序模型提供所需的基础结构支持。
     Microsoft Corporation
     10.0.18362.1
     c:\windows\system32\windows.staterepository.dll
     1940/11/26 22:44
   Steam Client Service
     "C:\Program Files (x86)\Common Files\Steam\SteamService.exe" /RunAsService
     Steam Client Service: Steam Client Service monitors and updates Steam content
     Valve Corporation
     5.83.4.58
     c:\program files (x86)\common files\steam\steamservice.exe
     2020/4/28 5:54
   Stereo Service
     "C:\Program Files (x86)\NVIDIA Corporation\3D Vision\nvscpapisvr.exe"
     NVIDIA Stereoscopic 3D Driver Service: Provides system support for NVIDIA Stereoscopic 3D driver
     NVIDIA Corporation
     7.17.13.6909
     c:\program files (x86)\nvidia corporation\3d vision\nvscpapisvr.exe
     2016/8/1 20:11
   stisvc
     %SystemRoot%\system32\svchost.exe -k imgsvc
     Windows Image Acquisition (WIA): 为扫描仪和照相机提供图像采集服务
     Microsoft Corporation
     10.0.18362.592
     c:\windows\system32\wiaservc.dll
     1950/12/15 22:51
   StorSvc
     %SystemRoot%\System32\svchost.exe -k LocalSystemNetworkRestricted -p
     Storage Service: 为存储设置和外部存储扩展提供启用服务
     Microsoft Corporation
     10.0.18362.778
     c:\windows\system32\storsvc.dll
     1978/9/4 20:43
   SupportAssistAgent
     "C:\Program Files\Dell\SupportAssistAgent\bin\SupportAssistAgent.exe"
     Dell SupportAssist: Dell SupportAssist keeps your PC up to date and running at its best with recommended software and driver updates. It also helps resolve issues quickly by detecting common problems and sending issue details to Dell Technical Support agents on your behalf.
     Dell Inc.
     3.5.0.448
     c:\program files\dell\supportassistagent\bin\supportassistagent.exe
     2020/5/3 20:20
   svsvc
     %SystemRoot%\system32\svchost.exe -k LocalSystemNetworkRestricted -p
     Spot Verifier: 验证潜在的文件系统损坏。
     Microsoft Corporation
     10.0.18362.1
     c:\windows\system32\svsvc.dll
     1988/12/23 19:29
   swprv
     %SystemRoot%\System32\svchost.exe -k swprv
     Microsoft Software Shadow Copy Provider: 管理卷影复制服务制作的基于 软件的卷影副本。如果该服务被停止，将无法管理基于软件的卷影副本。如果该服 务被禁用，任何依赖它的服务将无法启动。
     Microsoft Corporation
     10.0.18362.1
     c:\windows\system32\swprv.dll
     1926/8/4 8:29
   SynTPEnhService
     "C:\Program Files\Synaptics\SynTP\SynTPEnhService.exe"
     SynTPEnh Caller Service: 64-bit Synaptics Pointing Enhance Service
     Synaptics Incorporated
     19.2.17.70
     c:\program files\synaptics\syntp\syntpenhservice.exe
     2018/6/28 5:58
   SysMain
     %systemroot%\system32\svchost.exe -k LocalSystemNetworkRestricted -p
     SysMain: 维护和提高一段时间内的系统性能。
     Microsoft Corporation
     10.0.18362.657
     c:\windows\system32\sysmain.dll
     1965/3/1 0:35
   SystemEventsBroker
     %SystemRoot%\system32\svchost.exe -k DcomLaunch -p
     System Events Broker: 协调执行 WinRT 应用程序的后台作业。如果停止或 禁用此服务，则可能不会触发后台作业。
     Microsoft Corporation
     10.0.18362.387
     c:\windows\system32\systemeventsbrokerserver.dll
     1982/10/12 3:38
   TabletInputService
     %SystemRoot%\System32\svchost.exe -k LocalSystemNetworkRestricted -p
     Touch Keyboard and Handwriting Panel Service: 启用触摸键盘和手写面板笔和墨迹功能
     Microsoft Corporation
     10.0.18362.1
     c:\windows\system32\tabsvc.dll
     2004/1/17 21:43
   TapiSrv
     %SystemRoot%\System32\svchost.exe -k NetworkService -p
     Telephony: 提供电话服务 API (TAPI)支持，以便各程序控制本地计算机上的电话服务设备以及通过 LAN 同样运行该服务的服务器上的设备。
     Microsoft Corporation
     10.0.18362.657
     c:\windows\system32\tapisrv.dll
     1932/8/9 8:10
   TeamViewer
     "D:\teamviewer\TeamViewer_Service.exe"
     TeamViewer 14: TeamViewer Remote Software
     TeamViewer GmbH
     14.6.2452.0
     d:\teamviewer\teamviewer_service.exe
     2019/9/16 16:23
   TermService
     %SystemRoot%\System32\svchost.exe -k NetworkService
     Remote Desktop Services: 允许用户以交互方式连接到远程计算机。远程桌 面和远程桌面会话主机服务器依赖此服务。若要防止远程使用此计算机，请清除“ 系统”属性控制面板项目的“远程”选项卡上的复选框。
     Microsoft Corporation
     10.0.18362.657
     c:\windows\system32\termsrv.dll
     1938/6/29 10:28
   Themes
     %SystemRoot%\System32\svchost.exe -k netsvcs -p
     Themes: 为用户提供使用主题管理的体验。
     Microsoft Corporation
     10.0.18362.1
     c:\windows\system32\themeservice.dll
     2000/11/28 8:56
   TieringEngineService
     %SystemRoot%\system32\TieringEngineService.exe
     Storage Tiers Management: 优化系统中所有分层存储空间的存储层中的数据放置。
     Microsoft Corporation
     10.0.18362.1
     c:\windows\system32\tieringengineservice.exe
     2034/7/6 0:35
   TimeBrokerSvc
     %SystemRoot%\system32\svchost.exe -k LocalServiceNetworkRestricted -p
     Time Broker: 协调执行 WinRT 应用程序的后台作业。如果停止或禁用此服务，则可能不会触发后台作业。
     Microsoft Corporation
     10.0.18362.1
     c:\windows\system32\timebrokerserver.dll
     1934/7/17 0:54
   TokenBroker
     %SystemRoot%\system32\svchost.exe -k netsvcs -p
     Web 帐户管理器: Web 帐户管理器利用此服务实现应用和服务的单一登录。
     Microsoft Corporation
     10.0.18362.752
     c:\windows\system32\tokenbroker.dll
     1930/5/9 5:31
   TrkWks
     %SystemRoot%\System32\trkwks.dll
     Distributed Link Tracking Client: 维护某个计算机内或某个网络中的计算机的 NTFS 文件之间的链接。
     Microsoft Corporation
     10.0.18362.1
     c:\windows\system32\trkwks.dll
     2028/12/6 8:29
   TroubleshootingSvc
     %systemroot%\system32\svchost.exe -k netsvcs -p
     建议疑难解答服务: 通过应用建议疑难解答启用针对已知问题的自动缓解。如果停止，你的设备将不会获得针对设备上问题的建议疑难解答。
     Microsoft Corporation
     10.0.18362.1
     c:\windows\system32\mitigationclient.dll
     1965/8/3 2:20
   TrustedInstaller
     %SystemRoot%\servicing\TrustedInstaller.exe
     Windows Modules Installer: 启用 Windows 更新和可选组件的安装、修改和移除。如果此服务被禁用，则此计算机的 Windows 更新的安装或卸载可能会失败。
     Microsoft Corporation
     10.0.18362.719
     c:\windows\servicing\trustedinstaller.exe
     1929/5/31 23:09
   UmRdpService
     %SystemRoot%\System32\svchost.exe -k LocalSystemNetworkRestricted -p
     Remote Desktop Services UserMode Port Redirector: 允许为 RDP 连接重 定向打印机/驱动程序/端口
     Microsoft Corporation
     10.0.18362.1
     c:\windows\system32\umrdp.dll
     1967/3/6 16:19
   UnistoreSvc
     %SystemRoot%\System32\svchost.exe -k UnistackSvcGroup
     User Data Storage: 处理结构化用户数据(包括联系人信息、日历、消息和其他内容)的存储。如果停止或禁用此服务，使用此数据的应用可能无法正常工作。
     Microsoft Corporation
     10.0.18362.356
     c:\windows\system32\unistore.dll
     1965/4/22 6:55
   UnistoreSvc_70689
     C:\Windows\System32\svchost.exe -k UnistackSvcGroup
     User Data Storage_70689: 处理结构化用户数据(包括联系人信息、日历、消息和其他内容)的存储。如果停止或禁用此服务，使用此数据的应用可能无法正常工作。
     Microsoft Corporation
     10.0.18362.1
     c:\windows\system32\svchost.exe
     1997/1/11 6:26
   upnphost
     %SystemRoot%\system32\svchost.exe -k LocalServiceAndNoImpersonation -p
     UPnP Device Host: 允许 UPnP 设备宿主在此计算机上。如果停止此服务，则所有宿主的 UPnP 设备都将停止工作，并且不能添加其他宿主设备。如果禁用此服 务，则任何显式依赖于它的服务将都无法启动。
     Microsoft Corporation
     10.0.18362.719
     c:\windows\system32\upnphost.dll
     1960/6/24 10:24
   UserDataSvc
     %SystemRoot%\system32\svchost.exe -k UnistackSvcGroup
     User Data Access: 提供对结构化用户数据(包括联系人信息、日历、消息和 其他内容)的应用访问。如果停止或禁用此服务，使用此数据的应用可能无法正常工作。
     Microsoft Corporation
     10.0.18362.1
     c:\windows\system32\userdataservice.dll
     1936/4/12 7:12
   UserDataSvc_70689
     C:\Windows\system32\svchost.exe -k UnistackSvcGroup
     User Data Access_70689: 提供对结构化用户数据(包括联系人信息、日历、 消息和其他内容)的应用访问。如果停止或禁用此服务，使用此数据的应用可能无法正常工作。
     Microsoft Corporation
     10.0.18362.1
     c:\windows\system32\svchost.exe
     1997/1/11 6:26
   UserManager
     %SystemRoot%\system32\svchost.exe -k netsvcs -p
     User Manager: 用户管理器提供多用户交互所需要的运行时组件。如果停止此服务，某些应用程序可能无法正确运行。
     Microsoft Corporation
     10.0.18362.1
     c:\windows\system32\usermgr.dll
     1976/4/10 20:30
   UsoSvc
     %systemroot%\system32\svchost.exe -k netsvcs -p
     更新 Orchestrator 服务: 管理 Windows 更新。如果停止，你的设备将无法 下载和安装最新更新。
     Microsoft Corporation
     10.0.18362.719
     c:\windows\system32\usosvc.dll
     2002/11/7 10:12
   VacSvc
     %SystemRoot%\System32\svchost.exe -k LocalServiceNetworkRestricted -p
     立体音频组合器服务: 用于混合现实音频仿真的主机空间分析。
     Microsoft Corporation
     10.0.18362.1
     c:\windows\system32\vac.dll
     1940/1/5 23:41
   VaultSvc
     %SystemRoot%\system32\lsass.exe
     Credential Manager: 为用户、应用程序和安全服务包提供凭据的安全存储和检索。
     Microsoft Corporation
     10.0.18362.1
     c:\windows\system32\lsass.exe
     1947/7/4 6:51
   VBoxSDS
     D:\box\VBoxSDS.exe
     VirtualBox system service: Used as a COM server for VirtualBox API.
     Oracle Corporation
     6.0.8.30520
     d:\box\vboxsds.exe
     2019/5/13 21:15
   vds
     %SystemRoot%\System32\vds.exe
     Virtual Disk: 提供用于磁盘、卷、文件系统和存储阵列的管理服务。
     Microsoft Corporation
     10.0.18362.267
     c:\windows\system32\vds.exe
     2011/1/18 3:53
   VMAuthdService
     D:\player\vmware-authd.exe
     VMware Authorization Service: 用于启动和访问虚拟机的授权及身份验证服务。
     VMware, Inc.
     15.1.0.46741
     d:\player\vmware-authd.exe
     2019/5/5 14:18
   vmicguestinterface
     %systemroot%\system32\svchost.exe -k LocalSystemNetworkRestricted -p
     Hyper-V Guest Service Interface: 为 Hyper-V 主机提供一个接口，以便与虚拟机内运行的特定服务进行交互。
     Microsoft Corporation
     10.0.18362.1
     c:\windows\system32\icsvc.dll
     2016/5/7 21:17
   vmicheartbeat
     %systemroot%\system32\svchost.exe -k ICService -p
     Hyper-V Heartbeat Service: 通过定期报告检测信号来监视此虚拟机的状态 。此服务有助于你识别哪些运行的虚拟机已停止响应。
     Microsoft Corporation
     10.0.18362.1
     c:\windows\system32\icsvc.dll
     2016/5/7 21:17
   vmickvpexchange
     %systemroot%\system32\svchost.exe -k LocalSystemNetworkRestricted -p
     Hyper-V Data Exchange Service: 提供一种机制，用于在虚拟机和运行在物 理计算机上的操作系统之间交换数据。
     Microsoft Corporation
     10.0.18362.1
     c:\windows\system32\icsvc.dll
     2016/5/7 21:17
   vmicrdv
     %systemroot%\system32\svchost.exe -k ICService -p
     Hyper-V 远程桌面虚拟化服务: 提供一个平台以在虚拟机和物理计算机上运行的操作系统之间进行通信。
     Microsoft Corporation
     10.0.18362.1
     c:\windows\system32\icsvcext.dll
     2000/1/10 21:52
   vmicshutdown
     %systemroot%\system32\svchost.exe -k LocalSystemNetworkRestricted -p
     Hyper-V Guest Shutdown Service: 提供一种机制，用于从物理计算机上的管理界面关闭此虚拟机的操作系统。
     Microsoft Corporation
     10.0.18362.1
     c:\windows\system32\icsvc.dll
     2016/5/7 21:17
   vmictimesync
     %systemroot%\system32\svchost.exe -k LocalServiceNetworkRestricted -p
     Hyper-V Time Synchronization Service: 将此虚拟机的系统时间与物理计算机的系统时间同步。
     Microsoft Corporation
     10.0.18362.1
     c:\windows\system32\icsvc.dll
     2016/5/7 21:17
   vmicvmsession
     %systemroot%\system32\svchost.exe -k LocalSystemNetworkRestricted -p
     Hyper-V PowerShell Direct Service: 提供了一种在不使用虚拟网络的情况 下，通过 VM 会话使用 PowerShell 管理虚拟机的机制。
     Microsoft Corporation
     10.0.18362.1
     c:\windows\system32\icsvc.dll
     2016/5/7 21:17
   vmicvss
     %systemroot%\system32\svchost.exe -k LocalSystemNetworkRestricted -p
     Hyper-V 卷影复制请求程序: 协调使用卷影复制服务所需的通讯，以从物理计算机上的操作系统备份此虚拟机上的应用程序和数据。
     Microsoft Corporation
     10.0.18362.1
     c:\windows\system32\icsvcext.dll
     2000/1/10 21:52
   VMnetDHCP
     C:\Windows\SysWOW64\vmnetdhcp.exe
     VMware DHCP Service: DHCP service for virtual networks.
     VMware, Inc.
     15.1.0.46741
     c:\windows\syswow64\vmnetdhcp.exe
     2019/5/5 14:29
   VMUSBArbService
     "C:\Program Files (x86)\Common Files\VMware\USB\vmware-usbarbitrator64.exe"
     VMware USB Arbitration Service: Arbitration and enumeration of USB devices for virtual machines
     VMware, Inc.
     18.1.2.0
     c:\program files (x86)\common files\vmware\usb\vmware-usbarbitrator64.exe
     2018/11/2 20:21
   VMware NAT Service
     C:\Windows\SysWOW64\vmnat.exe
     VMware NAT Service: Network address translation for virtual networks.
     VMware, Inc.
     15.1.0.46741
     c:\windows\syswow64\vmnat.exe
     2019/5/5 14:29
   VSS
     %systemroot%\system32\vssvc.exe
     Volume Shadow Copy: 管理并执行用于备份和其它用途的卷影复制。如果此服务被终止，备份将没有卷影复制，并且备份会失败。如果此服务被禁用，任何依赖 它的服务将无法启动。
     Microsoft Corporation
     10.0.18362.1
     c:\windows\system32\vssvc.exe
     2028/5/9 18:50
   VSStandardCollectorService150
     "C:\Program Files (x86)\Microsoft Visual Studio\Shared\Common\DiagnosticsHub.Collection.Service\StandardCollector.Service.exe"
     Visual Studio Standard Collector Service 150: Visual Studio Data Collection Service. When running, this service collects real-time ETW events and processes them.
     Microsoft Corporation
     15.9.18214.2
     c:\program files (x86)\microsoft visual studio\shared\common\diagnosticshub.collection.service\standardcollector.service.exe
     2018/8/3 5:38
   W32Time
     %SystemRoot%\system32\svchost.exe -k LocalService
     Windows Time: 维护在网络上的所有客户端和服务器的时间和日期同步。如果此服务被停止，时间和日期的同步将不可用。如果此服务被禁用，任何明确依赖它 的服务都将不能启动。
     Microsoft Corporation
     10.0.18362.1
     c:\windows\system32\w32time.dll
     1975/9/25 18:00
   WaaSMedicSvc
     %systemroot%\system32\svchost.exe -k wusvcs -p
     Windows Update Medic Service: Enables remediation and protection of Windows Update components.
     Microsoft Corporation
     10.0.18362.778
     c:\windows\system32\waasmedicsvc.dll
     2035/10/23 14:30
   WalletService
     %SystemRoot%\System32\svchost.exe -k appmodel -p
     WalletService: 电子钱包客户端使用的主机对象
     Microsoft Corporation
     10.0.18362.1
     c:\windows\system32\walletservice.dll
     1944/8/6 21:56
   WarpJITSvc
     %SystemRoot%\System32\svchost.exe -k LocalServiceNetworkRestricted
     WarpJITSvc: Provides a JIT out of process service for WARP when running with ACG enabled.
     Microsoft Corporation
     10.0.18362.1
     c:\windows\system32\windows.warp.jitservice.dll
     1968/5/8 22:03
   wbengine
     "%systemroot%\system32\wbengine.exe"
     Block Level Backup Engine Service: Windows 备份使用 WBENGINE 服务执 行备份和恢复操作。如果用户停止了此服务，这可能会导致当前运行的备份或恢复 操作失败。使用此计算机上的 Windows 备份禁用此服务可能会禁用备份和恢复操作。
     Microsoft Corporation
     10.0.18362.657
     c:\windows\system32\wbengine.exe
     1981/4/21 12:40
   WbioSrvc
     %SystemRoot%\system32\svchost.exe -k WbioSvcGroup
     Windows Biometric Service: Windows 生物识别服务使客户端应用程序能够 捕获、比较、操纵和存储生物特征数据，而无需直接访问任何生物识别硬件或示例 。该服务宿主在某个特权 SVCHOST 进程中。
     Microsoft Corporation
     10.0.18362.1
     c:\windows\system32\wbiosrvc.dll
     1927/8/16 13:17
   Wcmsvc
     %SystemRoot%\system32\svchost.exe -k LocalServiceNetworkRestricted -p
     Windows Connection Manager: 根据电脑当前可用的网络连接选项做出自动连接/断开连接决策，并根据“组策略”设置启用网络连接管理。
     Microsoft Corporation
     10.0.18362.693
     c:\windows\system32\wcmsvc.dll
     2021/1/18 10:01
   wcncsvc
     %SystemRoot%\System32\svchost.exe -k LocalServiceAndNoImpersonation -p
     Windows Connect Now - Config Registrar: WCNCSVC 承载 Windows 立即连 接配置，该配置是 Microsoft 执行的无线保护设置(WPS)协议。该配置用于配置接 入点(AP)或无线设备的无线 LAN 设置。该服务根据需要有计划地启动。
     Microsoft Corporation
     10.0.18362.1
     c:\windows\system32\wcncsvc.dll
     1930/11/5 3:02
   WdiServiceHost
     %SystemRoot%\System32\svchost.exe -k LocalService -p
     Diagnostic Service Host: 诊断服务主机被诊断策略服务用来承载需要在本 地服务上下文中运行的诊断。如果停止该服务，则依赖于该服务的任何诊断将不再 运行。
     Microsoft Corporation
     10.0.18362.1
     c:\windows\system32\wdi.dll
     1940/5/29 21:41
   WdiSystemHost
     %SystemRoot%\System32\svchost.exe -k LocalSystemNetworkRestricted -p
     Diagnostic System Host: 诊断系统主机被诊断策略服务用来承载需要在本地系统上下文中运行的诊断。如果停止该服务，则依赖于该服务的任何诊断将不再运 行。
     Microsoft Corporation
     10.0.18362.1
     c:\windows\system32\wdi.dll
     1940/5/29 21:41
   WdNisSvc
     "%ProgramData%\Microsoft\Windows Defender\platform\4.18.1907.4-0\NisSrv.exe"
     Windows Defender Antivirus Network Inspection Service: 帮助防止针对 网络协议中的已知和新发现的漏洞发起的入侵企图
     Microsoft Corporation
     4.18.1907.4
     c:\programdata\microsoft\windows defender\platform\4.18.1907.4-0\nissrv.exe
     1933/11/3 13:43
   WebClient
     %SystemRoot%\system32\svchost.exe -k LocalService -p
     WebClient: 使基于 Windows 的程序能创建、访问和修改基于 Internet 的文件。如果此服务被停止，这些功能将不可用。如果此服务被禁用，则明确依赖该服 务的任何服务都将无法启动。
     Microsoft Corporation
     10.0.18362.1
     c:\windows\system32\webclnt.dll
     1977/11/11 7:54
   Wecsvc
     %SystemRoot%\system32\svchost.exe -k NetworkService -p
     Windows Event Collector: 此服务将管理对支持 WS-Management 协议的远程源中事件的永久订阅。这包括 Windows Vista 事件日志、硬件以及启用 IPMI 的事件源。该服务将转发的事件存储在本地活动日志中。如果停止或禁用此服务，将无 法创建事件订阅，并且无法接受转发的事件。
     Microsoft Corporation
     10.0.18362.1
     c:\windows\system32\wecsvc.dll
     2014/8/12 0:34
   WEPHOSTSVC
     %systemroot%\system32\svchost.exe -k WepHostSvcGroup
     Windows Encryption Provider Host Service: Windows Encryption Provider 主机服务代理加密相关功能 - 从第三方加密提供程序到需要评估和应用 EAS 策 略的进程。停止此服务将损害连接的邮件帐户已经建立的合规检查
     Microsoft Corporation
     10.0.18362.1
     c:\windows\system32\wephostsvc.dll
     2025/2/6 2:37
   wercplsupport
     %SystemRoot%\System32\svchost.exe -k netsvcs -p
     Problem Reports and Solutions Control Panel Support: 此服务为查看、 发送和删除“问题报告和解决方案”控制面板的系统级问题报告提供支持。
     Microsoft Corporation
     10.0.18362.719
     c:\windows\system32\wercplsupport.dll
     2033/9/8 12:52
   WerSvc
     %SystemRoot%\System32\svchost.exe -k WerSvcGroup
     Windows Error Reporting Service: 允许在程序停止运行或停止响应时报告 错误，并允许提供现有解决方案。还允许为诊断和修复服务生成日志。如果此服务 被停止，则错误报告将无法正确运行，而且可能不显示诊断服务和修复的结果。
     Microsoft Corporation
     10.0.18362.657
     c:\windows\system32\wersvc.dll
     1932/10/14 1:07
   WFDSConMgrSvc
     %SystemRoot%\system32\svchost.exe -k LocalServiceNetworkRestricted -p
     WLAN Direct 服务连接管理器服务: 管理与无线服务(包括无线显示和插接)的连接。
     Microsoft Corporation
     10.0.18362.1
     c:\windows\system32\wfdsconmgrsvc.dll
     1963/1/20 5:08
   WiaRpc
     %SystemRoot%\system32\svchost.exe -k LocalSystemNetworkRestricted -p
     Still Image Acquisition Events: 启动与静态映像获取事件关联的应用程序。
     Microsoft Corporation
     10.0.18362.592
     c:\windows\system32\wiarpc.dll
     1976/10/12 23:50
   WinDefend
     "C:\ProgramData\Microsoft\Windows Defender\platform\4.18.1907.4-0\MsMpEng.exe"
     Windows Defender Antivirus Service: 帮助用户防止恶意软件及其他潜在的垃圾软件。
     Microsoft Corporation
     4.18.1907.4
     c:\programdata\microsoft\windows defender\platform\4.18.1907.4-0\msmpeng.exe
     2001/11/23 3:53
   WinHttpAutoProxySvc
     %SystemRoot%\system32\svchost.exe -k LocalServiceNetworkRestricted -p
     WinHTTP Web Proxy Auto-Discovery Service: WinHTTP 实现了客户端 HTTP 堆栈并向开发人员提供 Win32 API 和 COM 自动化组件以供发送 HTTP 请求和接收 响应。此外，通过执行 Web 代理自动发现(WPAD)协议，WinHTTP 还提供对自动发现代理服务器配置的支持。
     Microsoft Corporation
     10.0.18362.778
     c:\windows\system32\winhttp.dll
     1927/4/19 20:41
   Winmgmt
     %systemroot%\system32\svchost.exe -k netsvcs -p
     Windows Management Instrumentation: 提供共同的界面和对象模式以便访问有关操作系统、设备、应用程序和服务的管理信息。如果此服务被终止，多数基于 Windows 的软件将无法正常运行。如果此服务被禁用，任何依赖它的服务将无法启 动。
     Microsoft Corporation
     10.0.18362.1
     c:\windows\system32\wbem\wmisvc.dll
     1991/7/1 18:04
   WinRM
     %SystemRoot%\System32\svchost.exe -k NetworkService -p
     Windows Remote Management (WS-Management): Windows 远程管理(WinRM)服务执行 WS-Management 协议来实现远程管理。WS-Management 是用于远程软件和硬件管理的标准 Web 服务协议。WinRM 服务侦听网络上的 WS-Management 请求并对 它们进行处理。通过组策略或使用 winrm.cmd 命令行工具的侦听程序，来配置 WinRM 服务，以使其可通过网络侦听。WinRM 服务提供对 WMI 数据的访问并启用事件 集合。事件集合及对事件的订阅需要服务处于运行状态。传输 WinRM 消息时使用 HTTP 和 HTTPS 协议。WinRM 服务不依赖于 IIS ，但在同一计算机上预配置为与 IIS 共享端口。WinRM 服务保留 /wsman URL 前缀。若要防止与 IIS 发生冲突，管理员应确保 IIS 上承载的所有网站均不使用 /wsman URL 前缀。
     Microsoft Corporation
     10.0.18362.693
     c:\windows\system32\wsmsvc.dll
     2002/8/1 10:21
   wisvc
     %systemroot%\system32\svchost.exe -k netsvcs -p
     Windows 预览体验成员服务: 为 Windows 预览体验计划提供基础结构支持。 此服务必须保持启用状态，Windows 预览体验计划才能正常运行。
     Microsoft Corporation
     10.0.18362.752
     c:\windows\system32\flightsettings.dll
     1954/1/6 22:28
   WlanSvc
     %SystemRoot%\system32\svchost.exe -k LocalSystemNetworkRestricted -p
     WLAN AutoConfig: WLANSVC 服务提供配置、发现、连接、断开与 IEEE 802.11 标准定义的无线局域网(WLAN)的连接所需的逻辑。它还包含将计算机变成软件访 问点的逻辑，以便其他设备或计算机可以使用支持它的 WLAN 适配器无线连接到计 算机。停止或禁用 WLANSVC 服务将使得计算机上的所有 WLAN 适配器无法访问 Windows 网络连接 UI。强烈建议: 如果你的计算机具有 WLAN 适配器，则运行 WLANSVC 服务。
     Microsoft Corporation
     10.0.18362.239
     c:\windows\system32\wlansvc.dll
     1954/3/18 16:41
   wlidsvc
     %SystemRoot%\system32\svchost.exe -k netsvcs -p
     Microsoft Account Sign-in Assistant: 支持用户通过 Microsoft 帐户标识服务登录。如果此服务已停止，用户将无法使用其 Microsoft 帐户登录到此计算机。
     Microsoft Corporation
     10.0.18362.693
     c:\windows\system32\wlidsvc.dll
     1915/11/20 13:18
   wlpasvc
     %SystemRoot%\system32\svchost.exe -k LocalServiceNetworkRestricted -p
     本地配置文件助手服务: 此服务为订户标识模块提供配置文件管理
     Microsoft Corporation
     10.0.18362.1
     c:\windows\system32\lpasvc.dll
     1906/10/6 4:19
   WManSvc
     %systemroot%\system32\svchost.exe -k netsvcs -p
     Windows 管理服务: 执行包括预配和注册活动的管理操作
     Microsoft Corporation
     10.0.18362.752
     c:\windows\system32\windows.management.service.dll
     1966/1/5 20:52
   wmiApSrv
     %systemroot%\system32\wbem\WmiApSrv.exe
     WMI Performance Adapter: 向网络上的客户端提供 Windows Management Instrumentation (WMI) 提供程序中的性能库信息。只有在激活了性能数据助手时，才会运行此服务。
     Microsoft Corporation
     10.0.18362.1
     c:\windows\system32\wbem\wmiapsrv.exe
     1928/8/7 14:09
   WMPNetworkSvc
     "%PROGRAMFILES%\Windows Media Player\wmpnetwk.exe"
     Windows Media Player Network Sharing Service: 使用通用即插即用设备与其他网络播放机和媒体设备共享 Windows Media Player 媒体库
     Microsoft Corporation
     12.0.18362.1
     c:\program files\windows media player\wmpnetwk.exe
     2031/8/28 3:43
   workfolderssvc
     %SystemRoot%\System32\svchost.exe -k LocalService -p
     Work Folders: 此服务将与工作文件夹服务器同步文件，从而使你能够使用已设置工作文件夹的任何电脑和设备上的文件。
     Microsoft Corporation
     10.0.18362.778
     c:\windows\system32\workfolderssvc.dll
     1960/6/12 22:22
   WpcMonSvc
     %SystemRoot%\system32\svchost.exe -k LocalService
     家长控制: 对 Windows 中的子帐户强制执行家长控制。如果此服务被停止或 禁用，家长控制可能无法强制执行。
     Microsoft Corporation
     10.0.18362.778
     c:\windows\system32\wpcdesktopmonsvc.dll
     1967/4/27 0:38
   WPDBusEnum
     %SystemRoot%\system32\svchost.exe -k LocalSystemNetworkRestricted
     Portable Device Enumerator Service: 强制可移动大容量存储设备的组策略。使应用程序(如 Windows Media Player 和图像导入向导)能够使用可移动大容量 存储设备传输和同步内容。
     Microsoft Corporation
     10.0.18362.387
     c:\windows\system32\wpdbusenum.dll
     1984/8/24 13:59
   WpnService
     %systemroot%\system32\svchost.exe -k netsvcs -p
     Windows 推送通知系统服务: 此服务在会话 0 中运行，并托管通知平台和连 接提供程序(用于处理设备与 WNS 服务器之间的连接)。
     Microsoft Corporation
     10.0.18362.693
     c:\windows\system32\wpnservice.dll
     1940/2/6 11:29
   WpnUserService
     %SystemRoot%\system32\svchost.exe -k UnistackSvcGroup
     Windows Push Notifications User Service: 此服务托管为本地通知和推送 通知提供支持的 Windows 通知平台。支持的通知为磁贴、Toast 和 Raw。
     Microsoft Corporation
     10.0.18362.1
     c:\windows\system32\wpnuserservice.dll
     1958/5/7 10:58
   WpnUserService_70689
     C:\Windows\system32\svchost.exe -k UnistackSvcGroup
     Windows Push Notifications User Service_70689: 此服务托管为本地通知 和推送通知提供支持的 Windows 通知平台。支持的通知为磁贴、Toast 和 Raw。
     Microsoft Corporation
     10.0.18362.1
     c:\windows\system32\svchost.exe
     1997/1/11 6:26
   wscsvc
     %SystemRoot%\System32\svchost.exe -k LocalServiceNetworkRestricted -p
     Security Center: WSCSVC(Windows 安全中心)服务监视并报告计算机上的安 全健康设置。健康设置包括防火墙(打开/关闭)、防病毒(打开/关闭/过期)、反间谍软件(打开/关闭/过期)、Windows 更新(自动/手动下载并安装更新)、用户帐户控制(打开/关闭)以及 Internet 设置(推荐/不推荐)。该服务为独立软件供应商提供 COM API 以便向安全中心服务注册并记录其产品的状态。安全和维护 UI 使用该服务 在“安全和维护”控制面板中提供 systray 警报和安全健康状况的图形视图。网络访问保护(NAP)使用该服务向 NAP 网络策略服务器报告客户端的安全健康状况，以 便进行网络隔离决策。该服务还提供一个公共 API，以允许外部客户以编程方式检 索系统的聚合安全健康状况。
     Microsoft Corporation
     10.0.18362.449
     c:\windows\system32\wscsvc.dll
     1944/7/4 7:31
   WSearch
     %systemroot%\system32\SearchIndexer.exe /Embedding
     Windows Search: 为文件、电子邮件和其他内容提供内容索引、属性缓存和搜索结果。
     Microsoft Corporation
     7.0.18362.719
     c:\windows\system32\searchindexer.exe
     2026/8/15 13:20
   wuauserv
     %systemroot%\system32\svchost.exe -k netsvcs -p
     Windows Update: 启用检测、下载和安装 Windows 和其他程序的更新。如果 此服务被禁用，这台计算机的用户将无法使用 Windows 更新或其自动更新功能，  并且这些程序将无法使用 Windows 更新代理(WUA) API。
     Microsoft Corporation
     10.0.18362.778
     c:\windows\system32\wuaueng.dll
     1926/7/16 20:52
   WwanSvc
     %SystemRoot%\system32\svchost.exe -k LocalSystemNetworkRestricted -p
     WWAN AutoConfig: 该服务管理移动宽带(GSM 和 CDMA)数据卡/嵌入式模块适 配器和自动配置网络的连接。强烈建议: 保持运行此服务，以便获取移动宽带设备 的最佳用户体验。
     Microsoft Corporation
     10.0.18362.752
     c:\windows\system32\wwansvc.dll
     1990/8/12 1:51
   XblAuthManager
     %SystemRoot%\system32\svchost.exe -k netsvcs -p
     Xbox Live 身份验证管理器: 提供用于与 Xbox Live 进行交互的身份验证和 授权服务，如果此服务被停止，可能会造成某些应用程序无法正确操作。
     Microsoft Corporation
     10.0.18362.1
     c:\windows\system32\xblauthmanager.dll
     2011/11/17 11:03
   XblGameSave
     %SystemRoot%\system32\svchost.exe -k netsvcs -p
     Xbox Live 游戏保存: 此服务为 Xbox Live 可保存游戏同步保存数据。如果 此服务被停止，游戏保存数据将不会上传至 Xbox Live 或从 Xbox Live 下载。
     Microsoft Corporation
     10.0.18362.1
     c:\windows\system32\xblgamesave.dll
     1977/8/24 18:08
   XboxGipSvc
     %SystemRoot%\system32\svchost.exe -k netsvcs -p
     Xbox Accessory Management Service: This service manages connected Xbox Accessories.
     Microsoft Corporation
     10.0.18362.1
     c:\windows\system32\xboxgipsvc.dll
     2007/1/3 23:50
   XboxNetApiSvc
     %SystemRoot%\system32\svchost.exe -k netsvcs -p
     Xbox Live 网络服务: 此服务支持 Windows.Networking.XboxLive 应用程序 编程接口。
     Microsoft Corporation
     10.0.18362.1
     c:\windows\system32\xboxnetapisvc.dll
     2002/5/30 4:01
   XLServicePlatform
     %SystemRoot%\system32\svchost.exe -k netsvcs -p -s XLServicePlatform
     迅雷下载基础服务（用于快速申请磁盘空间及接管浏览器下载请求）: 迅雷基础服务，为迅雷下载软件的正常运行提供支持，保证迅雷下载软件能更稳定快速的 运行。
     深圳市迅雷网络技术有限公司
     3.0.0.6
     c:\program files (x86)\common files\thunder network\serviceplatform\xlsp.dll
     2019/9/18 14:44

HKLM\System\CurrentControlSet\Services
   1394ohci
     \SystemRoot\System32\drivers\1394ohci.sys
     1394 OHCI Compliant Host Controller: 1394 OpenHCI Driver
     Microsoft Corporation
     10.0.18362.1
     c:\windows\system32\drivers\1394ohci.sys
     1990/3/13 8:46
   3ware
     System32\drivers\3ware.sys
     3ware: LSI 3ware SCSI Storport Driver
     LSI
     5.1.0.51
     c:\windows\system32\drivers\3ware.sys
     2015/5/19 6:28
   ACPI
     System32\drivers\ACPI.sys
     Microsoft ACPI Driver: 用于 NT 的 ACPI 驱动程序
     Microsoft Corporation
     10.0.18362.329
     c:\windows\system32\drivers\acpi.sys
     1910/11/4 12:58
   AcpiDev
     \SystemRoot\System32\drivers\AcpiDev.sys
     ACPI 设备驱动程序: ACPI Devices Driver
     Microsoft Corporation
     10.0.18362.1
     c:\windows\system32\drivers\acpidev.sys
     1975/4/13 15:30
   acpiex
     System32\Drivers\acpiex.sys
     Microsoft ACPIEx Driver: ACPIEx Driver
     Microsoft Corporation
     10.0.18362.1
     c:\windows\system32\drivers\acpiex.sys
     1993/3/1 19:04
   acpipagr
     \SystemRoot\System32\drivers\acpipagr.sys
     ACPI 处理器聚合器驱动程序: ACPI Processor Aggregator Device Driver
     Microsoft Corporation
     10.0.18362.1
     c:\windows\system32\drivers\acpipagr.sys
     1902/4/23 3:29
   AcpiPmi
     \SystemRoot\System32\drivers\acpipmi.sys
     ACPI 电源表驱动程序: ACPI Power Metering Driver
     Microsoft Corporation
     10.0.18362.1
     c:\windows\system32\drivers\acpipmi.sys
     2005/6/19 13:27
   acpitime
     \SystemRoot\System32\drivers\acpitime.sys
     ACPI 唤醒警报驱动程序: ACPI Wake Alarm
     Microsoft Corporation
     10.0.18362.1
     c:\windows\system32\drivers\acpitime.sys
     1952/2/14 3:01
   Acx01000
     system32\drivers\Acx01000.sys
     Acx01000: Audio KMDF Class Extension
     Microsoft Corporation
     10.0.18362.693
     c:\windows\system32\drivers\acx01000.sys
     1974/12/3 20:23
   ADP80XX
     System32\drivers\ADP80XX.SYS
     ADP80XX: PMC-Sierra Storport  Driver For SPC8x6G SAS/SATA controller
     PMC-Sierra
     1.3.0.10769
     c:\windows\system32\drivers\adp80xx.sys
     2015/4/10 4:49
   AFD
     \SystemRoot\system32\drivers\afd.sys
     Ancillary Function Driver for Winsock: Ancillary Function Driver for Winsock
     Microsoft Corporation
     10.0.18362.693
     c:\windows\system32\drivers\afd.sys
     1932/1/7 21:23
   afunix
     \SystemRoot\system32\drivers\afunix.sys
     afunix: AF_UNIX socket provider
     Microsoft Corporation
     10.0.18362.693
     c:\windows\system32\drivers\afunix.sys
     1917/8/5 9:58
   ahcache
     system32\DRIVERS\ahcache.sys
     Application Compatibility Cache: Cache Compatibility Data and Attributes for Individual PE File
     Microsoft Corporation
     10.0.18362.693
     c:\windows\system32\drivers\ahcache.sys
     1987/8/7 0:06
   amdgpio2
     \SystemRoot\System32\drivers\amdgpio2.sys
     AMD GPIO Client Driver: AMD GPIO Controller Driver
     Advanced Micro Devices, Inc
     2.2.0.71
     c:\windows\system32\drivers\amdgpio2.sys
     2019/2/7 17:32
   amdi2c
     \SystemRoot\System32\drivers\amdi2c.sys
     AMD I2C Controller Service: AMD I2C Controller Driver
     Advanced Micro Devices, Inc
     1.2.0.94
     c:\windows\system32\drivers\amdi2c.sys
     2018/6/13 13:25
   AmdK8
     \SystemRoot\System32\drivers\amdk8.sys
     AMD K8 Processor Driver: Processor Device Driver
     Microsoft Corporation
     10.0.18362.693
     c:\windows\system32\drivers\amdk8.sys
     1924/9/3 11:58
   AmdPPM
     \SystemRoot\System32\drivers\amdppm.sys
     AMD Processor Driver: Processor Device Driver
     Microsoft Corporation
     10.0.18362.693
     c:\windows\system32\drivers\amdppm.sys
     1999/4/24 23:19
   amdsata
     System32\drivers\amdsata.sys
     amdsata: AHCI 1.3 Device Driver
     Advanced Micro Devices
     1.1.3.277
     c:\windows\system32\drivers\amdsata.sys
     2015/5/14 20:14
   amdsbs
     System32\drivers\amdsbs.sys
     amdsbs: AMD Technology AHCI Compatible Controller Driver for Windows - AMD64 platform
     AMD Technologies Inc.
     3.7.1540.43
     c:\windows\system32\drivers\amdsbs.sys
     2012/12/12 5:21
   amdxata
     System32\drivers\amdxata.sys
     amdxata: Storage Filter Driver
     Advanced Micro Devices
     1.1.3.277
     c:\windows\system32\drivers\amdxata.sys
     2015/5/1 8:55
   AppID
     system32\drivers\appid.sys
     AppID 驱动程序: 标识应用程序并强制执行软件限制策略。
     Microsoft Corporation
     10.0.18362.449
     c:\windows\system32\drivers\appid.sys
     2035/7/14 19:15
   AppleKmdfFilter
     \SystemRoot\System32\drivers\AppleKmdfFilter.sys
     Apple KMDF Filter Driver: Apple Mobile Device USB Device
     Apple Inc.
     423.36.0.0
     c:\windows\system32\drivers\applekmdffilter.sys
     2018/5/8 12:16
   AppleLowerFilter
     \SystemRoot\System32\drivers\AppleLowerFilter.sys
     Apple Lower Filter Driver: Apple Mobile Device USB Device
     Apple Inc.
     423.36.0.0
     c:\windows\system32\drivers\applelowerfilter.sys
     2018/5/8 12:16
   applockerfltr
     system32\drivers\applockerfltr.sys
     Smartlocker 筛选器驱动程序: 标识由授权的安装程序创建的文件。
     Microsoft Corporation
     10.0.18362.449
     c:\windows\system32\drivers\applockerfltr.sys
     1925/10/24 2:54
   AppvStrm
     \SystemRoot\system32\drivers\AppvStrm.sys
     AppvStrm: Microsoft App-V Streaming Mini-Filter Driver
     Microsoft Corporation
     10.0.18362.628
     c:\windows\system32\drivers\appvstrm.sys
     1924/8/25 9:43
   AppvVemgr
     \SystemRoot\system32\drivers\AppvVemgr.sys
     AppvVemgr: Microsoft App-V Virtual Environment Manager Driver
     Microsoft Corporation
     10.0.18362.628
     c:\windows\system32\drivers\appvvemgr.sys
     1973/1/19 13:24
   AppvVfs
     \SystemRoot\system32\drivers\AppvVfs.sys
     AppvVfs: Microsoft App-V VFS Mini-Filter Driver
     Microsoft Corporation
     10.0.18362.628
     c:\windows\system32\drivers\appvvfs.sys
     1977/5/12 6:53
   arcsas
     System32\drivers\arcsas.sys
     Adaptec SAS/SATA-II RAID Storport's Miniport Driver: Adaptec SAS RAID WS03 Driver
     PMC-Sierra, Inc.
     7.5.0.32048
     c:\windows\system32\drivers\arcsas.sys
     2015/4/10 3:12
   AsyncMac
     \SystemRoot\System32\drivers\asyncmac.sys
     RAS 异步媒体驱动程序: RAS 异步媒体驱动程序
     Microsoft Corporation
     10.0.18362.1
     c:\windows\system32\drivers\asyncmac.sys
     1935/9/6 9:45
   atapi
     System32\drivers\atapi.sys
     IDE 通道: ATAPI IDE Miniport Driver
     Microsoft Corporation
     10.0.18362.693
     c:\windows\system32\drivers\atapi.sys
     1902/5/1 17:54
   b06bdrv
     System32\drivers\bxvbda.sys
     QLogic 网络适配器 VBD: QLogic Gigabit Ethernet VBD
     QLogic Corporation
     7.12.31.105
     c:\windows\system32\drivers\bxvbda.sys
     2016/5/25 15:03
   bam
     system32\drivers\bam.sys
     Background Activity Moderator Driver: Controls activity of background applications
     Microsoft Corporation
     10.0.18362.1
     c:\windows\system32\drivers\bam.sys
     1988/2/17 20:13
   BasicDisplay
     \SystemRoot\System32\DriverStore\FileRepository\basicdisplay.inf_amd64_307898c750ba9e44\BasicDisplay.sys
     BasicDisplay: Microsoft Basic Display Driver
     Microsoft Corporation
     10.0.18362.329
     c:\windows\system32\driverstore\filerepository\basicdisplay.inf_amd64_307898c750ba9e44\basicdisplay.sys
     2011/9/12 21:15
   BasicRender
     \SystemRoot\System32\DriverStore\FileRepository\basicrender.inf_amd64_ba2a8de08ea0d469\BasicRender.sys
     BasicRender: Microsoft Basic Render Driver
     Microsoft Corporation
     10.0.18362.329
     c:\windows\system32\driverstore\filerepository\basicrender.inf_amd64_ba2a8de08ea0d469\basicrender.sys
     1903/5/14 21:33
   bcbtums
     \SystemRoot\system32\drivers\bcbtums.sys
     Bluetooth RAM Firmware Download USB Filter: Broadcom Bluetooth Firmware Download Filter
     Broadcom Corporation.
     12.0.1.410
     c:\windows\system32\drivers\bcbtums.sys
     2015/3/24 5:31
   BCM43XX
     \SystemRoot\system32\DRIVERS\bcmwl63a.sys
     Broadcom 802.11 网络适配器驱动程序: Broadcom WiFi Driver wireless driver
     Broadcom Corp
     2016.11.22.0
     c:\windows\system32\drivers\bcmwl63a.sys
     2016/11/23 1:51
   bcmfn2
     \SystemRoot\System32\drivers\bcmfn2.sys
     bcmfn2 Service: BCM Function 2  Device Driver
     Windows (R) Win 7 DDK provider
     6.3.9600.17336
     c:\windows\system32\drivers\bcmfn2.sys
     2016/11/1 10:09
   BCMWL63A
     \SystemRoot\system32\DRIVERS\bcmwl63a.sys
     Broadcom 802.11 Network Adapter Driver: Broadcom WiFi Driver wireless driver
     Broadcom Corp
     2016.11.22.0
     c:\windows\system32\drivers\bcmwl63a.sys
     2016/11/23 1:51
   Beep
     Beep
     Beep: BEEP Driver
     Microsoft Corporation
     10.0.18362.1
     c:\windows\system32\drivers\beep.sys
     2013/11/22 10:31
   bindflt
     \SystemRoot\system32\drivers\bindflt.sys
     Windows Bind Filter Driver: Binds filesystem namespaces to different locations and hides this remapping from the user
     Microsoft Corporation
     10.0.18362.628
     c:\windows\system32\drivers\bindflt.sys
     1910/1/18 22:50
   bowser
     system32\DRIVERS\bowser.sys
     浏览器: NT Lan 管理器数据报接收器驱动程序
     Microsoft Corporation
     10.0.18362.1
     c:\windows\system32\drivers\bowser.sys
     1946/5/5 16:03
   BthA2dp
     \SystemRoot\System32\drivers\BthA2dp.sys
     Microsoft Bluetooth A2dp driver: Bluetooth A2DP Driver
     Microsoft Corporation
     10.0.18362.356
     c:\windows\system32\drivers\btha2dp.sys
     1904/10/18 10:10
   BthEnum
     \SystemRoot\System32\drivers\BthEnum.sys
     蓝牙枚举器服务: 蓝牙总线扩展器
     Microsoft Corporation
     10.0.18362.693
     c:\windows\system32\drivers\bthenum.sys
     1985/6/27 14:16
   BthHFAud
     \SystemRoot\System32\drivers\BthHfAud.sys
     Microsoft Bluetooth 免提音频驱动程序: Bluetooth Hands-free Audio Device Driver
     Microsoft Corporation
     10.0.18362.1
     c:\windows\system32\drivers\bthhfaud.sys
     2004/9/4 9:25
   BthHFEnum
     \SystemRoot\System32\drivers\bthhfenum.sys
     Microsoft Bluetooth 免提配置文件驱动程序: Bluetooth Hands-Free Audio and Call Control HID Enumerator
     Microsoft Corporation
     10.0.18362.1
     c:\windows\system32\drivers\bthhfenum.sys
     1961/1/5 10:52
   BthLEEnum
     \SystemRoot\System32\drivers\Microsoft.Bluetooth.Legacy.LEEnumerator.sys
     蓝牙低能耗驱动程序: Legacy Bluetooth LE Bus Enumerator
     Microsoft Corporation
     10.0.18362.1
     c:\windows\system32\drivers\microsoft.bluetooth.legacy.leenumerator.sys
     1910/3/25 21:02
   BthMini
     \SystemRoot\System32\drivers\BTHMINI.sys
     蓝牙无线收发器驱动程序: Bluetooth Transport Extensibility Miniport Driver
     Microsoft Corporation
     10.0.18362.693
     c:\windows\system32\drivers\bthmini.sys
     1942/5/22 0:25
   BTHMODEM
     \SystemRoot\System32\drivers\bthmodem.sys
     蓝牙调制解调器通信驱动程序: Bluetooth Communications Driver
     Microsoft Corporation
     10.0.18362.1
     c:\windows\system32\drivers\bthmodem.sys
     1966/1/27 20:38
   BthPan
     \SystemRoot\System32\drivers\bthpan.sys
     蓝牙设备(个人区域网): 蓝牙设备(个人区域网)
     Microsoft Corporation
     10.0.18362.1
     c:\windows\system32\drivers\bthpan.sys
     1987/6/26 13:54
   BTHPORT
     \SystemRoot\System32\drivers\BTHport.sys
     蓝牙端口驱动程序: 蓝牙总线驱动程序
     Microsoft Corporation
     10.0.18362.693
     c:\windows\system32\drivers\bthport.sys
     1924/5/9 12:35
   BTHUSB
     \SystemRoot\System32\drivers\BTHUSB.sys
     蓝牙无线电收发器 USB 驱动程序: 蓝牙微型端口驱动程序
     Microsoft Corporation
     10.0.18362.693
     c:\windows\system32\drivers\bthusb.sys
     1990/5/12 16:22
   bttflt
     System32\drivers\bttflt.sys
     Microsoft Hyper-V VHDPMEM BTT 筛选器: VHD BTT Filter Driver
     Microsoft Corporation
     10.0.18362.1
     c:\windows\system32\drivers\bttflt.sys
     1967/11/8 20:14
   btwampfl
     \SystemRoot\system32\DRIVERS\btwampfl.sys
     btwampfl: btwampfl Bluetooth filter driver
     Broadcom Corporation.
     12.0.1.410
     c:\windows\system32\drivers\btwampfl.sys
     2015/3/24 5:30
   btwaudio
     \SystemRoot\system32\drivers\btwaudio.sys
     蓝牙音频设备: Bluetooth Audio Device
     Broadcom Corporation.
     12.0.1.715
     c:\windows\system32\drivers\btwaudio.sys
     2015/7/24 1:41
   btwavdt
     \SystemRoot\system32\drivers\btwavdt.sys
     Bluetooth AVDT Service: Broadcom Bluetooth AVDT Service
     Broadcom Corporation.
     12.0.1.715
     c:\windows\system32\drivers\btwavdt.sys
     2015/7/24 1:39
   btwl2cap
     \SystemRoot\system32\DRIVERS\btwl2cap.sys
     Bluetooth L2CAP Service: Broadcom Bluetooth L2CAP Service
     Broadcom Corporation.
     12.0.0.1680
     c:\windows\system32\drivers\btwl2cap.sys
     2012/7/26 23:14
   btwrchid
     \SystemRoot\System32\drivers\btwrchid.sys
     btwrchid: Bluetooth Remote Control HID Minidriver
     Broadcom Corporation.
     12.0.1.715
     c:\windows\system32\drivers\btwrchid.sys
     2015/7/24 1:42
   buttonconverter
     \SystemRoot\System32\drivers\buttonconverter.sys
     针对便携式设备控制装置的服务: Button Converter Driver
     Microsoft Corporation
     10.0.18362.1
     c:\windows\system32\drivers\buttonconverter.sys
     1938/6/18 22:09
   CAD
     \SystemRoot\System32\drivers\CAD.sys
     充电均衡驱动程序: Charge Arbiration Driver
     Microsoft Corporation
     10.0.18362.1
     c:\windows\system32\drivers\cad.sys
     2016/2/25 10:45
   cdrom
     \SystemRoot\System32\drivers\cdrom.sys
     CD-ROM Driver: SCSI CD-ROM Driver
     Microsoft Corporation
     10.0.18362.1
     c:\windows\system32\drivers\cdrom.sys
     1918/8/27 23:55
   cht4iscsi
     System32\drivers\cht4sx64.sys
     cht4iscsi: Chelsio iSCSI VMiniport Driver
     Chelsio Communications
     6.9.12.400
     c:\windows\system32\drivers\cht4sx64.sys
     2018/5/8 21:27
   cht4vbd
     \SystemRoot\System32\drivers\cht4vx64.sys
     Chelsio 虚拟总线驱动程序: Virtual Bus Driver for Chelsio ® T5/T6 Chipset
     Chelsio Communications
     6.9.12.400
     c:\windows\system32\drivers\cht4vx64.sys
     2018/5/8 21:23
   circlass
     \SystemRoot\System32\drivers\circlass.sys
     Consumer IR Devices: Consumer IR Class Driver for eHome
     Microsoft Corporation
     10.0.18362.1
     c:\windows\system32\drivers\circlass.sys
     1952/9/6 23:34
   CldFlt
     system32\drivers\cldflt.sys
     Windows Cloud Files Filter Driver: Cloud Files Mini Filter Driver
     Microsoft Corporation
     10.0.18362.693
     c:\windows\system32\drivers\cldflt.sys
     1962/12/21 6:23
   CLFS
     System32\drivers\CLFS.sys
     Common Log (CLFS): General-purpose logging service
     Microsoft Corporation
     10.0.18362.657
     c:\windows\system32\drivers\clfs.sys
     1967/8/8 5:02
   CmBatt
     \SystemRoot\System32\drivers\CmBatt.sys
     Microsoft ACPI 控制方法电池驱动程序: Control Method Battery Driver
     Microsoft Corporation
     10.0.18362.1
     c:\windows\system32\drivers\cmbatt.sys
     1981/7/12 17:27
   CNG
     System32\Drivers\cng.sys
     CNG: Kernel Cryptography, Next Generation
     Microsoft Corporation
     10.0.18362.295
     c:\windows\system32\drivers\cng.sys
     2014/10/20 15:11
   CompositeBus
     \SystemRoot\System32\DriverStore\FileRepository\compositebus.inf_amd64_43ac632006e874bb\CompositeBus.sys
     复合总线枚举器驱动程序: Multi-Transport Composite Bus Enumerator
     Microsoft Corporation
     10.0.18362.329
     c:\windows\system32\driverstore\filerepository\compositebus.inf_amd64_43ac632006e874bb\compositebus.sys
     1961/8/30 18:10
   condrv
     System32\drivers\condrv.sys
     Console Driver: Console Driver
     Microsoft Corporation
     10.0.18362.1
     c:\windows\system32\drivers\condrv.sys
     1926/11/21 4:40
   CSC
     system32\drivers\csc.sys
     Offline Files Driver: 允许在本地计算机处于脱机状态时使用网络文件。
     Microsoft Corporation
     10.0.18362.693
     c:\windows\system32\drivers\csc.sys
     1999/10/24 6:39
   dam
     system32\drivers\dam.sys
     Desktop Activity Moderator Driver: Controls activity of desktop applications
     Microsoft Corporation
     10.0.18362.1
     c:\windows\system32\drivers\dam.sys
     2008/12/16 23:45
   DDDriver
     \SystemRoot\System32\drivers\dddriver64Dcsa.sys
     DDDriver: Dell Diags Universal Device Driver
     Dell Inc.
     2.0.3.0
     c:\windows\system32\drivers\dddriver64dcsa.sys
     2019/10/30 13:51
   DellRbtn
     \SystemRoot\System32\drivers\DellRbtn.sys
     Airplane Mode Switch: Airplane Mode Switch Driver
     OSR Open Systems Resources, Inc.
     1.0.0.0
     c:\windows\system32\drivers\dellrbtn.sys
     2018/5/2 17:36
   Dfsc
     System32\Drivers\dfsc.sys
     DFS Namespace Client Driver: 用于访问 DFS 命名空间的客户端驱动程序
     Microsoft Corporation
     10.0.18362.1
     c:\windows\system32\drivers\dfsc.sys
     1967/3/17 13:19
   disk
     System32\drivers\disk.sys
     磁盘驱动程序: PnP Disk Driver
     Microsoft Corporation
     10.0.18362.1
     c:\windows\system32\drivers\disk.sys
     1999/12/10 2:07
   dmvsc
     \SystemRoot\System32\drivers\dmvsc.sys
     dmvsc: 动态内存
     Microsoft Corporation
     10.0.18362.1
     c:\windows\system32\drivers\dmvsc.sys
     1905/6/27 21:25
   drmkaud
     \SystemRoot\System32\drivers\drmkaud.sys
     Microsoft Trusted Audio Drivers: Microsoft Trusted Audio Drivers
     Microsoft Corporation
     10.0.18362.1
     c:\windows\system32\drivers\drmkaud.sys
     2000/9/24 9:00
   DXGKrnl
     \SystemRoot\System32\drivers\dxgkrnl.sys
     LDDM Graphics Subsystem: Controls the underlying video driver stacks to provide fully-featured display capabilities.
     Microsoft Corporation
     10.0.18362.778
     c:\windows\system32\drivers\dxgkrnl.sys
     2006/9/7 9:02
   ebdrv
     System32\drivers\evbda.sys
     QLogic 10 Gigabit Ethernet Adapter VBD: QLogic 10 GigE VBD
     QLogic Corporation
     7.13.65.105
     c:\windows\system32\drivers\evbda.sys
     2016/5/25 15:01
   EhStorClass
     System32\drivers\EhStorClass.sys
     Enhanced Storage Filter Driver: Enhanced Storage Filter Driver
     Microsoft Corporation
     10.0.18362.1
     c:\windows\system32\drivers\ehstorclass.sys
     2013/10/27 15:34
   EhStorTcgDrv
     System32\drivers\EhStorTcgDrv.sys
     支持 IEEE 1667 和 TCG 协议的 Microsoft 存储设备驱动程序: Microsoft driver for storage devices supporting IEEE 1667 and TCG protocols
     Microsoft Corporation
     10.0.18362.1
     c:\windows\system32\drivers\ehstortcgdrv.sys
     1902/1/20 16:37
   ErrDev
     \SystemRoot\System32\drivers\errdev.sys
     Microsoft Hardware Error Device Driver: Error Device Driver
     Microsoft Corporation
     10.0.18362.1
     c:\windows\system32\drivers\errdev.sys
     1931/9/30 23:40
   ew_usbccgpfilter
     \SystemRoot\System32\drivers\ew_usbccgpfilter.sys
     HwHandSet_CompositeFilter: Filter Driver
     Huawei Technologies Co., Ltd.
     1.0.9.0
     c:\windows\system32\drivers\ew_usbccgpfilter.sys
     2016/4/25 10:47
   exfat
     exfat
     exFAT File System Driver: exFAT File System Driver
     Microsoft Corporation
     10.0.18362.535
     c:\windows\system32\drivers\exfat.sys
     1946/12/3 0:52
   fastfat
     fastfat
     FAT12/16/32 File System Driver: Note - dependance on CDROM.SYS only if required to read/write DVD-RAM media (which appears as CD class device). (Core) (All pieces)
     Microsoft Corporation
     10.0.18362.535
     c:\windows\system32\drivers\fastfat.sys
     1990/11/5 12:17
   fdc
     \SystemRoot\System32\drivers\fdc.sys
     软盘控制器驱动程序: Floppy Disk Controller Driver
     Microsoft Corporation
     10.0.18362.1
     c:\windows\system32\drivers\fdc.sys
     1931/12/14 2:50
   FileCrypt
     system32\drivers\filecrypt.sys
     FileCrypt: Windows sandboxing and encryption filter.
     Microsoft Corporation
     10.0.18362.1
     c:\windows\system32\drivers\filecrypt.sys
     2011/10/30 23:56
   FileInfo
     System32\drivers\fileinfo.sys
     File Information FS MiniFilter: Collects information about files in memory to be consumed by other system services.
     Microsoft Corporation
     10.0.18362.1
     c:\windows\system32\drivers\fileinfo.sys
     1989/7/13 9:15
   Filetrace
     system32\drivers\filetrace.sys
     Filetrace: ETW File Trace Filter
     Microsoft Corporation
     10.0.18362.1
     c:\windows\system32\drivers\filetrace.sys
     1990/12/29 7:44
   flpydisk
     \SystemRoot\System32\drivers\flpydisk.sys
     软盘驱动程序: Floppy Driver
     Microsoft Corporation
     10.0.18362.752
     c:\windows\system32\drivers\flpydisk.sys
     1977/2/24 14:22
   FltMgr
     system32\drivers\fltmgr.sys
     FltMgr: 文件系统筛选器管理器驱动程序
     Microsoft Corporation
     10.0.18362.267
     c:\windows\system32\drivers\fltmgr.sys
     1902/1/3 4:50
   FsDepends
     System32\drivers\FsDepends.sys
     File System Dependency Minifilter: This minifilter tracks the dependencies associated with the various nested volumes/filesystems
     Microsoft Corporation
     10.0.18362.1
     c:\windows\system32\drivers\fsdepends.sys
     1961/8/30 11:45
   fvevol
     System32\DRIVERS\fvevol.sys
     BitLocker Drive Encryption Filter Driver: BitLocker Drive Encryption Filter Driver
     Microsoft Corporation
     10.0.18362.267
     c:\windows\system32\drivers\fvevol.sys
     1946/12/27 3:43
   gencounter
     \SystemRoot\System32\drivers\vmgencounter.sys
     Microsoft Hyper-V 生成计数器: Virtual Machine Generation Counter
     Microsoft Corporation
     10.0.18362.1
     c:\windows\system32\drivers\vmgencounter.sys
     1943/12/2 9:53
   genericusbfn
     \SystemRoot\System32\DriverStore\FileRepository\genericusbfn.inf_amd64_b9c53b80e63af230\genericusbfn.sys
     通用 USB 函数类: Generic USB Function Class Driver
     Microsoft Corporation
     10.0.18362.329
     c:\windows\system32\driverstore\filerepository\genericusbfn.inf_amd64_b9c53b80e63af230\genericusbfn.sys
     1917/11/26 9:10
   GPIOClx0101
     System32\Drivers\msgpioclx.sys
     Microsoft GPIO Class Extension Driver: GPIO Class Extension Driver
     Microsoft Corporation
     10.0.18362.329
     c:\windows\system32\drivers\msgpioclx.sys
     1980/5/14 6:06
   GpuEnergyDrv
     System32\drivers\gpuenergydrv.sys
     GPU Energy Driver: Computes energy consumed by GPU
     Microsoft Corporation
     10.0.18362.1
     c:\windows\system32\drivers\gpuenergydrv.sys
     1976/10/13 20:27
   hcmon
     \SystemRoot\system32\DRIVERS\hcmon.sys
     VMware hcmon: VMware USB Host Controller Monitor
     VMware, Inc.
     8.11.6.0
     c:\windows\system32\drivers\hcmon.sys
     2018/8/31 12:19
   HdAudAddService
     \SystemRoot\System32\drivers\HdAudio.sys
     用于 High Definition Audio 服务的 Microsoft 1.1 UAA 函数驱动程序: High Definition Audio Function Driver
     Microsoft Corporation
     10.0.18362.356
     c:\windows\system32\drivers\hdaudio.sys
     2009/5/19 7:56
   HDAudBus
     \SystemRoot\System32\drivers\HDAudBus.sys
     用于 High Definition Audio 的 Microsoft UAA 总线驱动程序: High Definition Audio Bus Driver
     Microsoft Corporation
     10.0.18362.693
     c:\windows\system32\drivers\hdaudbus.sys
     1918/6/10 3:14
   HidBatt
     \SystemRoot\System32\drivers\HidBatt.sys
     HID UPS 电池驱动程序: Hid Battery Driver
     Microsoft Corporation
     10.0.18362.1
     c:\windows\system32\drivers\hidbatt.sys
     1912/3/24 2:34
   HidBth
     \SystemRoot\System32\drivers\hidbth.sys
     Microsoft Bluetooth HID Miniport: HID 设备的蓝牙微型端口驱动程序
     Microsoft Corporation
     10.0.18362.1
     c:\windows\system32\drivers\hidbth.sys
     2034/2/26 14:20
   hidi2c
     \SystemRoot\System32\drivers\hidi2c.sys
     Microsoft I2C HID 微型端口驱动程序: I2C HID Miniport Driver
     Microsoft Corporation
     10.0.18362.1
     c:\windows\system32\drivers\hidi2c.sys
     2004/1/22 5:52
   hidinterrupt
     \SystemRoot\System32\drivers\hidinterrupt.sys
     通过中断实施的 HID 按钮的通用驱动程序: HID Button over Interrupt Driver
     Microsoft Corporation
     10.0.18362.1
     c:\windows\system32\drivers\hidinterrupt.sys
     1908/1/30 15:32
   HidIr
     \SystemRoot\System32\drivers\hidir.sys
     Microsoft Infrared HID Driver: Infrared Miniport Driver for Input Devices
     Microsoft Corporation
     10.0.18362.1
     c:\windows\system32\drivers\hidir.sys
     1989/11/4 17:38
   hidspi
     \SystemRoot\System32\drivers\hidspi.sys
     Microsoft SPI HID 微型端口驱动程序: SPI HID Miniport Driver
     Microsoft Corporation
     10.0.18362.387
     c:\windows\system32\drivers\hidspi.sys
     1942/9/2 7:28
   HidUsb
     \SystemRoot\System32\drivers\hidusb.sys
     Microsoft HID Class Driver: USB Miniport Driver for Input Devices
     Microsoft Corporation
     10.0.18362.175
     c:\windows\system32\drivers\hidusb.sys
     2035/9/11 23:00
   HpSAMD
     System32\drivers\HpSAMD.sys
     HpSAMD: Smart Array SAS/SATA Controller Media Driver
     Hewlett-Packard Company
     8.0.4.0
     c:\windows\system32\drivers\hpsamd.sys
     2013/3/27 5:36
   hrdevmon
     system32\DRIVERS\hrdevmon.sys
     Huorong Internet Security Devmon Kext: Huorong Internet Security Devmon Kext
     Beijing Huorong Network Technology Co., Ltd.
     1.0.0.0
     c:\windows\system32\drivers\hrdevmon.sys
     2019/11/15 11:19
   hrwfpdrv
     system32\DRIVERS\hrwfpdrv.sys
     Huorong Internet Security Firewall Core Kext (WFP): Huorong Internet Security Firewall Core Kext (WFP)
     Beijing Huorong Network Technology Co., Ltd.
     1.0.0.0
     c:\windows\system32\drivers\hrwfpdrv.sys
     2020/4/14 12:29
   HTTP
     system32\drivers\HTTP.sys
     HTTP Service: HTTP Service
     Microsoft Corporation
     10.0.18362.752
     c:\windows\system32\drivers\http.sys
     1969/5/19 10:25
   hvservice
     system32\drivers\hvservice.sys
     Hypervisor/Virtual Machine Support Driver: Hypervisor/Virtual Machine Support Driver
     Microsoft Corporation
     10.0.18362.752
     c:\windows\system32\drivers\hvservice.sys
     1982/6/12 20:22
   HwNClx0101
     System32\Drivers\mshwnclx.sys
     Microsoft Hardware Notifications Class Extension Driver: Hardware Notification Class Extension Driver
     Microsoft Corporation
     10.0.18362.1
     c:\windows\system32\drivers\mshwnclx.sys
     2030/11/16 3:49
   hwpolicy
     System32\drivers\hwpolicy.sys
     Hardware Policy Driver: Contains Processor and other policies
     Microsoft Corporation
     10.0.18362.752
     c:\windows\system32\drivers\hwpolicy.sys
     1959/1/11 7:49
   hyperkbd
     \SystemRoot\System32\drivers\hyperkbd.sys
     hyperkbd: Microsoft VMBus Synthetic Keyboard Driver
     Microsoft Corporation
     10.0.18362.1
     c:\windows\system32\drivers\hyperkbd.sys
     1938/3/3 2:46
   HyperVideo
     \SystemRoot\System32\drivers\HyperVideo.sys
     HyperVideo: Microsoft VMBus Video Device Miniport Driver
     Microsoft Corporation
     10.0.18362.1
     c:\windows\system32\drivers\hypervideo.sys
     2010/2/1 3:36
   i8042prt
     \SystemRoot\System32\drivers\i8042prt.sys
     i8042 键盘和 PS/2 鼠标端口驱动程序: i8042 端口驱动程序
     Microsoft Corporation
     10.0.18362.1
     c:\windows\system32\drivers\i8042prt.sys
     1955/10/24 11:52
   iagpio
     \SystemRoot\System32\drivers\iagpio.sys
     Intel 串行 IO GPIO 控制器驱动程序: Intel(R) Serial IO GPIO Controller Driver
     Intel(R) Corporation
     1.1.1.0
     c:\windows\system32\drivers\iagpio.sys
     2018/7/23 17:04
   iai2c
     \SystemRoot\System32\drivers\iai2c.sys
     Intel(R) 串行 IO I2C 主机控制器: Intel(R) Serial IO I2C Driver
     Intel(R) Corporation
     1.1.1.0
     c:\windows\system32\drivers\iai2c.sys
     2018/7/23 17:04
   iaLPSS2i_GPIO2
     \SystemRoot\System32\drivers\iaLPSS2i_GPIO2.sys
     Intel(R) 串行 IO GPIO 驱动程序 v2: Intel(R) Serial IO GPIO Driver v2
     Intel Corporation
     30.100.1816.3
     c:\windows\system32\drivers\ialpss2i_gpio2.sys
     2018/4/19 15:53
   iaLPSS2i_GPIO2_BXT_P
     \SystemRoot\System32\drivers\iaLPSS2i_GPIO2_BXT_P.sys
     Intel(R) 串行 IO GPIO 驱动程序 v2: Intel(R) Serial IO GPIO Driver v2
     Intel Corporation
     30.100.1816.1
     c:\windows\system32\drivers\ialpss2i_gpio2_bxt_p.sys
     2018/4/17 17:25
   iaLPSS2i_GPIO2_CNL
     \SystemRoot\System32\drivers\iaLPSS2i_GPIO2_CNL.sys
     Intel(R) 串行 IO GPIO 驱动程序 v2: Intel(R) Serial IO GPIO Driver v2
     Intel Corporation
     30.100.1816.3
     c:\windows\system32\drivers\ialpss2i_gpio2_cnl.sys
     2018/4/17 15:07
   iaLPSS2i_GPIO2_GLK
     \SystemRoot\System32\drivers\iaLPSS2i_GPIO2_GLK.sys
     Intel(R) 串行 IO GPIO 驱动程序 v2: Intel(R) Serial IO GPIO Driver v2
     Intel Corporation
     30.100.1820.1
     c:\windows\system32\drivers\ialpss2i_gpio2_glk.sys
     2018/5/16 13:46
   iaLPSS2i_I2C
     \SystemRoot\System32\drivers\iaLPSS2i_I2C.sys
     Intel(R) 串行 IO I2C 驱动程序 v2: Intel(R) Serial IO I2C Driver v2
     Intel Corporation
     30.100.1816.3
     c:\windows\system32\drivers\ialpss2i_i2c.sys
     2018/4/19 15:52
   iaLPSS2i_I2C_BXT_P
     \SystemRoot\System32\drivers\iaLPSS2i_I2C_BXT_P.sys
     Intel(R) 串行 IO I2C 驱动程序 v2: Intel(R) Serial IO I2C Driver v2
     Intel Corporation
     30.100.1816.1
     c:\windows\system32\drivers\ialpss2i_i2c_bxt_p.sys
     2018/4/17 17:24
   iaLPSS2i_I2C_CNL
     \SystemRoot\System32\drivers\iaLPSS2i_I2C_CNL.sys
     Intel(R) 串行 IO I2C 驱动程序 v2: Intel(R) Serial IO I2C Driver v2
     Intel Corporation
     30.100.1816.3
     c:\windows\system32\drivers\ialpss2i_i2c_cnl.sys
     2018/4/17 15:06
   iaLPSS2i_I2C_GLK
     \SystemRoot\System32\drivers\iaLPSS2i_I2C_GLK.sys
     Intel(R) 串行 IO I2C 驱动程序 v2: Intel(R) Serial IO I2C Driver v2
     Intel Corporation
     30.100.1820.1
     c:\windows\system32\drivers\ialpss2i_i2c_glk.sys
     2018/5/16 13:46
   iaLPSSi_GPIO
     \SystemRoot\System32\drivers\iaLPSSi_GPIO.sys
     Intel(R) 串行 IO GPIO 主机控制器驱动程序: Intel(R) Serial IO GPIO Controller Driver
     Intel Corporation
     1.1.250.0
     c:\windows\system32\drivers\ialpssi_gpio.sys
     2015/2/2 17:00
   iaLPSSi_I2C
     \SystemRoot\System32\drivers\iaLPSSi_I2C.sys
     Intel(R) 串行 IO I2C 控制器驱动程序: Intel(R) Serial IO I2C Controller Driver
     Intel Corporation
     1.1.253.0
     c:\windows\system32\drivers\ialpssi_i2c.sys
     2015/2/24 23:52
   iaLPSS_UART2
     \SystemRoot\System32\drivers\iaLPSS_UART2.sys
     Intel(R) Serial IO UART Driver v2: Intel(R) Serial IO UART Driver
     Intel Corporation
     1.1.253.0
     c:\windows\system32\drivers\ialpss_uart2.sys
     2015/2/24 23:51
   iaStorAVC
     System32\drivers\iaStorAVC.sys
     Intel Chipset SATA RAID 控制器: Intel(R) Rapid Storage Technology driver (inbox) - x64
     Intel Corporation
     15.44.0.1010
     c:\windows\system32\drivers\iastoravc.sys
     2018/2/7 19:53
   iaStorV
     System32\drivers\iaStorV.sys
     Intel RAID Controller Windows 7: Intel Matrix Storage Manager driver - x64
     Intel Corporation
     8.6.2.1019
     c:\windows\system32\drivers\iastorv.sys
     2011/4/12 2:48
   ibbus
     \SystemRoot\System32\drivers\ibbus.sys
     Mellanox InfiniBand 总线/AL (筛选器驱动程序): InfiniBand Fabric Bus Driver
     Mellanox
     5.50.14643.0
     c:\windows\system32\drivers\ibbus.sys
     2018/4/26 0:29
   IDMWFP
     \SystemRoot\system32\DRIVERS\idmwfp.sys
     IDMWFP: Internet Download Manager WFP Driver
     Tonec Inc.
     6.32.3.80
     c:\windows\system32\drivers\idmwfp.sys
     2018/12/19 22:52
   igfx
     \SystemRoot\system32\DRIVERS\igdkmd64.sys
     igfx: Intel Graphics Kernel Mode Driver
     Intel Corporation
     20.19.15.4835
     c:\windows\system32\drivers\igdkmd64.sys
     2017/10/17 2:17
   IndirectKmd
     \SystemRoot\System32\drivers\IndirectKmd.sys
     Indirect Displays 内核模式驱动程序: 实现了 Indirect Displays 框架的 内核模式驱动程序。
     Microsoft Corporation
     10.0.18362.1
     c:\windows\system32\drivers\indirectkmd.sys
     1963/11/21 22:34
   IntcAzAudAddService
     \SystemRoot\system32\drivers\RTKVHD64.sys
     Service for Realtek HD Audio (WDM): Realtek(r) High Definition Audio Function Driver
     Realtek Semiconductor Corp.
     6.0.1.7564
     c:\windows\system32\drivers\rtkvhd64.sys
     2015/7/21 19:33
   IntcDAud
     \SystemRoot\System32\drivers\IntcDAud.sys
     英特尔(R) 显示器音频: Intel(R) Display Audio Driver
     Intel(R) Corporation
     6.16.0.3197
     c:\windows\system32\drivers\intcdaud.sys
     2016/5/10 16:08
   intelide
     System32\drivers\intelide.sys
     intelide: Intel PCI IDE Driver
     Microsoft Corporation
     10.0.18362.693
     c:\windows\system32\drivers\intelide.sys
     1905/11/14 12:03
   intelpep
     System32\drivers\intelpep.sys
     Intel(R) Power Engine Plug-in Driver: Intel Power Engine Plugin
     Microsoft Corporation
     10.0.18362.693
     c:\windows\system32\drivers\intelpep.sys
     2003/9/21 10:51
   intelpmax
     \SystemRoot\System32\drivers\intelpmax.sys
     Intel 功率限制驱动程序: Intel Power Limit Driver
     Microsoft Corporation
     10.0.18362.1
     c:\windows\system32\drivers\intelpmax.sys
     2009/9/14 13:03
   intelppm
     \SystemRoot\System32\drivers\intelppm.sys
     Intel Processor Driver: Processor Device Driver
     Microsoft Corporation
     10.0.18362.693
     c:\windows\system32\drivers\intelppm.sys
     1934/2/10 11:57
   iorate
     system32\drivers\iorate.sys
     磁盘 I/O 速率筛选器驱动程序: 为磁盘 I/O 流量提供速率控制。
     Microsoft Corporation
     10.0.18362.1
     c:\windows\system32\drivers\iorate.sys
     1983/3/16 8:54
   IpFilterDriver
     system32\DRIVERS\ipfltdrv.sys
     IP 流量筛选器驱动程序: IP 流量筛选器驱动程序
     Microsoft Corporation
     10.0.18362.1
     c:\windows\system32\drivers\ipfltdrv.sys
     1961/9/18 1:59
   IPMIDRV
     \SystemRoot\System32\drivers\IPMIDrv.sys
     IPMIDRV: WMI IPMI 驱动程序
     Microsoft Corporation
     10.0.18362.1
     c:\windows\system32\drivers\ipmidrv.sys
     1939/1/22 16:15
   IPNAT
     System32\drivers\ipnat.sys
     IP Network Address Translator: IP Network Address Translator
     Microsoft Corporation
     10.0.18362.1
     c:\windows\system32\drivers\ipnat.sys
     2005/10/2 9:07
   IPT
     \SystemRoot\System32\drivers\ipt.sys
     IPT: IPT Driver
     Microsoft Corporation
     10.0.18362.1
     c:\windows\system32\drivers\ipt.sys
     1930/11/27 20:28
   isapnp
     System32\drivers\isapnp.sys
     isapnp: PNP ISA 总线驱动程序
     Microsoft Corporation
     10.0.18362.267
     c:\windows\system32\drivers\isapnp.sys
     1907/2/3 0:36
   iScsiPrt
     \SystemRoot\System32\drivers\msiscsi.sys
     iScsiPort 驱动程序: Microsoft iSCSI Initiator Driver
     Microsoft Corporation
     10.0.18362.449
     c:\windows\system32\drivers\msiscsi.sys
     1953/7/1 17:26
   ItSas35i
     System32\drivers\ItSas35i.sys
     ItSas35i: Avago SAS Gen3.5 Driver (StorPort)
     Avago Technologies
     2.60.59.80
     c:\windows\system32\drivers\itsas35i.sys
     2018/5/3 17:57
   kbdclass
     \SystemRoot\System32\drivers\kbdclass.sys
     Keyboard Class Driver: 键盘类驱动程序
     Microsoft Corporation
     10.0.18362.1
     c:\windows\system32\drivers\kbdclass.sys
     1975/12/31 8:56
   kbdhid
     \SystemRoot\System32\drivers\kbdhid.sys
     Keyboard HID Driver: HID 键盘筛选器驱动程序
     Microsoft Corporation
     10.0.18362.1
     c:\windows\system32\drivers\kbdhid.sys
     2010/12/2 1:57
   kdnic
     \SystemRoot\System32\drivers\kdnic.sys
     Microsoft 内核调试网络微型端口(NDIS 6.20): Microsoft Kernel Debugger Network Miniport
     Microsoft Corporation
     6.1.0.0
     c:\windows\system32\drivers\kdnic.sys
     1986/12/29 12:11
   kmloop
     \SystemRoot\System32\drivers\loop.sys
     Microsoft KM-TEST 环回适配器驱动程序: Loopback Network Driver
     Microsoft Corporation
     10.0.18362.1
     c:\windows\system32\drivers\loop.sys
     1995/5/20 11:02
   KSecDD
     System32\Drivers\ksecdd.sys
     KSecDD: Kernel Security Support Provider Interface
     Microsoft Corporation
     10.0.18362.113
     c:\windows\system32\drivers\ksecdd.sys
     1920/10/3 16:55
   KSecPkg
     System32\Drivers\ksecpkg.sys
     KSecPkg: Kernel Security Support Provider Interface Packages
     Microsoft Corporation
     10.0.18362.657
     c:\windows\system32\drivers\ksecpkg.sys
     1953/12/27 12:30
   ksthunk
     \SystemRoot\system32\drivers\ksthunk.sys
     Kernel Streaming Thunks: Kernel Streaming WOW Thunk Service
     Microsoft Corporation
     10.0.18362.1
     c:\windows\system32\drivers\ksthunk.sys
     1981/5/1 21:52
   LiebaoNAT
     \SystemRoot\system32\DRIVERS\liebaonat64.sys
     Liebao WiFi NAT Driver: Liebao WiFi NAT Driver
     Kingsoft Corporation
     2015.1.4.1020
     c:\windows\system32\drivers\liebaonat64.sys
     2015/1/4 19:02
   lltdio
     system32\drivers\lltdio.sys
     链路层拓扑发现映射器 I/O 驱动程序: 链路层拓扑发现映射器 I/O 驱动程序
     Microsoft Corporation
     10.0.18362.1
     c:\windows\system32\drivers\lltdio.sys
     2029/10/22 14:02
   LSI_SAS
     System32\drivers\lsi_sas.sys
     LSI_SAS: LSI Fusion-MPT SAS Driver (StorPort)
     LSI Corporation
     1.34.3.83
     c:\windows\system32\drivers\lsi_sas.sys
     2015/3/26 3:36
   LSI_SAS2i
     System32\drivers\lsi_sas2i.sys
     LSI_SAS2i: LSI SAS Gen2 Driver (StorPort)
     LSI Corporation
     2.0.79.82
     c:\windows\system32\drivers\lsi_sas2i.sys
     2017/8/2 21:29
   LSI_SAS3i
     System32\drivers\lsi_sas3i.sys
     LSI_SAS3i: Avago SAS Gen3 Driver (StorPort)
     Avago Technologies
     2.51.24.80
     c:\windows\system32\drivers\lsi_sas3i.sys
     2018/5/2 17:40
   LSI_SSS
     System32\drivers\lsi_sss.sys
     LSI_SSS: LSI SSS PCIe/Flash Driver (StorPort)
     LSI Corporation
     2.10.61.81
     c:\windows\system32\drivers\lsi_sss.sys
     2013/3/16 7:39
   luafv
     \SystemRoot\system32\drivers\luafv.sys
     UAC File Virtualization: 虚拟化每个用户位置的文件写入失败。
     Microsoft Corporation
     10.0.18362.53
     c:\windows\system32\drivers\luafv.sys
     1974/8/9 21:33
   mausbhost
     \SystemRoot\System32\drivers\mausbhost.sys
     MA-USB 主机控制器驱动程序: MA-USB Host Controller Driver
     Microsoft Corporation
     10.0.18362.1
     c:\windows\system32\drivers\mausbhost.sys
     1989/11/6 9:59
   mausbip
     \SystemRoot\System32\drivers\mausbip.sys
     MA-USB IP 筛选器驱动程序: MA-USB IP Driver
     Microsoft Corporation
     10.0.18362.1
     c:\windows\system32\drivers\mausbip.sys
     1979/7/23 15:30
   MbbCx
     system32\drivers\MbbCx.sys
     MBB Network Adapter Class Extension: Windows Mobile Broadband Class Extension
     Microsoft Corporation
     10.0.18362.449
     c:\windows\system32\drivers\mbbcx.sys
     1972/6/16 11:56
   megasas
     System32\drivers\megasas.sys
     megasas: MEGASAS RAID Controller Driver for Windows
     Avago Technologies
     6.706.6.0
     c:\windows\system32\drivers\megasas.sys
     2015/3/5 10:36
   megasas2i
     System32\drivers\MegaSas2i.sys
     megasas2i: MEGASAS RAID Controller Driver for Windows
     Avago Technologies
     6.714.5.0
     c:\windows\system32\drivers\megasas2i.sys
     2017/7/24 17:46
   megasas35i
     System32\drivers\megasas35i.sys
     megasas35i: MEGASAS RAID Controller Driver for Windows
     Avago Technologies
     7.708.13.0
     c:\windows\system32\drivers\megasas35i.sys
     2018/12/7 1:45
   megasr
     System32\drivers\megasr.sys
     megasr: LSI MegaRAID Software RAID Driver
     LSI Corporation, Inc.
     15.2.2013.129
     c:\windows\system32\drivers\megasr.sys
     2013/6/4 6:02
   MEIx64
     \SystemRoot\System32\drivers\TeeDriverW8x64.sys
     Intel(R) Management Engine Interface : Intel(R) Management Engine Interface
     Intel Corporation
     1815.12.0.2021
     c:\windows\system32\drivers\teedriverw8x64.sys
     2018/4/11 22:46
   Microsoft_Bluetooth_AvrcpTransport
     \SystemRoot\System32\drivers\Microsoft.Bluetooth.AvrcpTransport.sys
     Microsoft 蓝牙 AVRCP 传输驱动程序: Microsoft 蓝牙 AVRCP 传输驱动程序
     Microsoft Corporation
     10.0.18362.1
     c:\windows\system32\drivers\microsoft.bluetooth.avrcptransport.sys
     2008/5/14 4:54
   mlx4_bus
     \SystemRoot\System32\drivers\mlx4_bus.sys
     Mellanox ConnectX 总线枚举器: MLX4 Bus Driver
     Mellanox
     5.50.14643.0
     c:\windows\system32\drivers\mlx4_bus.sys
     2018/4/26 0:29
   MMCSS
     \SystemRoot\system32\drivers\mmcss.sys
     Multimedia Class Scheduler: Enables relative prioritization of work based on system-wide task priorities. This is intended mainly for multimedia applications.  If this service is stopped, individual tasks resort to their default priority.
     Microsoft Corporation
     10.0.18362.1
     c:\windows\system32\drivers\mmcss.sys
     2003/6/9 12:56
   Modem
     system32\drivers\modem.sys
     Modem: 调制解调器设备驱动程序
     Microsoft Corporation
     10.0.18362.1
     c:\windows\system32\drivers\modem.sys
     2026/2/15 7:08
   monitor
     \SystemRoot\System32\drivers\monitor.sys
     Microsoft Monitor Class Function Driver Service: Monitor Driver
     Microsoft Corporation
     10.0.18362.693
     c:\windows\system32\drivers\monitor.sys
     2022/3/28 7:22
   mouclass
     \SystemRoot\System32\drivers\mouclass.sys
     Mouse Class Driver: 鼠标类驱动程序
     Microsoft Corporation
     10.0.18362.1
     c:\windows\system32\drivers\mouclass.sys
     2009/6/1 6:07
   mouhid
     \SystemRoot\System32\drivers\mouhid.sys
     Mouse HID Driver: HID 鼠标筛选器驱动程序
     Microsoft Corporation
     10.0.18362.1
     c:\windows\system32\drivers\mouhid.sys
     1919/8/19 6:45
   mountmgr
     System32\drivers\mountmgr.sys
     Mount Point Manager: 负责维护永久性驱动器号和卷名的驱动程序
     Microsoft Corporation
     10.0.18362.449
     c:\windows\system32\drivers\mountmgr.sys
     2023/1/27 22:42
   mpsdrv
     System32\drivers\mpsdrv.sys
     Windows Defender Firewall Authorization Driver: Windows Defender Firewall Authorization Driver is a kernel mode driver that provides deep inspection services on inbound and outbound network traffic.
     Microsoft Corporation
     10.0.18362.1
     c:\windows\system32\drivers\mpsdrv.sys
     2036/8/23 21:53
   MRxDAV
     \SystemRoot\system32\drivers\mrxdav.sys
     WebDav Client Redirector Driver: 为 WebClient 服务提供 WebDAV 文件访问权限的网络重定向程序
     Microsoft Corporation
     10.0.18362.387
     c:\windows\system32\drivers\mrxdav.sys
     2002/12/30 4:04
   mrxsmb
     system32\DRIVERS\mrxsmb.sys
     SMB MiniRedirector Wrapper and Engine: 执行 SMB 文件系统重定向程序的框架
     Microsoft Corporation
     10.0.18362.753
     c:\windows\system32\drivers\mrxsmb.sys
     1955/5/1 7:59
   mrxsmb10
     system32\DRIVERS\mrxsmb10.sys
     SMB 1.x MiniRedirector: 执行 SMB 1.x (CIFS)协议。该协议提供与 Windows Vista 以前版本的服务器上的网络资源的连接
     Microsoft Corporation
     10.0.18362.1
     c:\windows\system32\drivers\mrxsmb10.sys
     2019/11/24 17:16
   mrxsmb20
     system32\DRIVERS\mrxsmb20.sys
     SMB 2.0 MiniRedirector: 执行 SMB 2.0 协议，该协议提供与 Windows Vista 以及更高版本的服务器上的网络资源的连接
     Microsoft Corporation
     10.0.18362.693
     c:\windows\system32\drivers\mrxsmb20.sys
     1941/10/23 3:10
   MsBridge
     System32\drivers\bridge.sys
     Microsoft MAC 桥: Microsoft MAC 桥
     Microsoft Corporation
     10.0.18362.1
     c:\windows\system32\drivers\bridge.sys
     1978/1/7 13:10
   Msfs
     Msfs
     Msfs: Mailslot driver
     Microsoft Corporation
     10.0.18362.267
     c:\windows\system32\drivers\msfs.sys
     1911/7/8 23:34
   msgpiowin32
     \SystemRoot\System32\drivers\msgpiowin32.sys
     用于按钮、停靠模式和笔记本电脑/平板电脑指示器的通用驱动程序: GPIO Button Driver
     Microsoft Corporation
     10.0.18362.1
     c:\windows\system32\drivers\msgpiowin32.sys
     2026/10/24 9:10
   mshidkmdf
     \SystemRoot\System32\drivers\mshidkmdf.sys
     Pass-through HID to KMDF Filter Driver: Device Filter to provide pass-through interface between HIDCLASS and KMDF
     Microsoft Corporation
     10.0.18362.1
     c:\windows\system32\drivers\mshidkmdf.sys
     1942/12/11 11:10
   mshidumdf
     \SystemRoot\System32\drivers\mshidumdf.sys
     Pass-through HID to UMDF Driver: 设备驱动程序在 HIDCLASS 和 UMDF 之 间提供传递接口
     Microsoft Corporation
     10.0.18362.1
     c:\windows\system32\drivers\mshidumdf.sys
     1951/8/2 20:03
   msisadrv
     System32\drivers\msisadrv.sys
     msisadrv: ISA Driver
     Microsoft Corporation
     10.0.18362.267
     c:\windows\system32\drivers\msisadrv.sys
     2020/2/15 4:58
   MSKSSRV
     \SystemRoot\System32\drivers\MSKSSRV.sys
     Microsoft 流服务代理: MS KS Server
     Microsoft Corporation
     10.0.18362.207
     c:\windows\system32\drivers\mskssrv.sys
     1935/11/1 18:03
   MsLldp
     system32\drivers\mslldp.sys
     Microsoft 链路层发现协议驱动程序
     Microsoft Corporation
     10.0.18362.1
     c:\windows\system32\drivers\mslldp.sys
     1981/7/28 2:08
   MSPCLOCK
     \SystemRoot\System32\drivers\MSPCLOCK.sys
     Microsoft 流时钟代理: MS Proxy Clock
     Microsoft Corporation
     10.0.18362.1
     c:\windows\system32\drivers\mspclock.sys
     1982/12/3 16:54
   MSPQM
     \SystemRoot\System32\drivers\MSPQM.sys
     Microsoft 流质量管理器代理: MS Proxy Quality Manager
     Microsoft Corporation
     10.0.18362.1
     c:\windows\system32\drivers\mspqm.sys
     1981/9/2 17:30
   MsRPC
     MsRPC
     MsRPC: Kernel Remote Procedure Call Provider
     Microsoft Corporation
     10.0.18362.476
     c:\windows\system32\drivers\msrpc.sys
     2034/1/1 20:43
   MsSecFlt
     system32\drivers\mssecflt.sys
     Microsoft 安全事件组件微筛选器: Microsoft 安全事件组件文件系统筛选器驱动程序
     Microsoft Corporation
     10.0.18362.693
     c:\windows\system32\drivers\mssecflt.sys
     1908/7/8 16:48
   mssmbios
     \SystemRoot\System32\drivers\mssmbios.sys
     Microsoft System Management BIOS Driver: System Management BIOS Driver
     Microsoft Corporation
     10.0.18362.1
     c:\windows\system32\drivers\mssmbios.sys
     1956/8/20 18:02
   MSTEE
     \SystemRoot\System32\drivers\MSTEE.sys
     Microsoft 流 Tee/Sink-to-Sink 转换器: WDM Tee/Communication Transform Filter
     Microsoft Corporation
     10.0.18362.1
     c:\windows\system32\drivers\mstee.sys
     2006/6/29 12:15
   MTConfig
     \SystemRoot\System32\drivers\MTConfig.sys
     Microsoft Input Configuration Driver: Microsoft 多点触控 HID 驱动程 序
     Microsoft Corporation
     10.0.18362.1
     c:\windows\system32\drivers\mtconfig.sys
     1911/6/1 20:26
   Mup
     System32\Drivers\mup.sys
     Mup: 多个 UNC 提供程序驱动程序
     Microsoft Corporation
     10.0.18362.207
     c:\windows\system32\drivers\mup.sys
     2015/12/2 4:29
   mvumis
     System32\drivers\mvumis.sys
     mvumis: Marvell Flash Controller Driver
     Marvell Semiconductor, Inc.
     1.0.5.1016
     c:\windows\system32\drivers\mvumis.sys
     2014/5/24 4:39
   NativeWifiP
     system32\DRIVERS\nwifi.sys
     NativeWiFi 筛选器: NativeWiFi 微型端口驱动程序
     Microsoft Corporation
     10.0.18362.387
     c:\windows\system32\drivers\nwifi.sys
     1953/4/29 11:26
   ndfltr
     \SystemRoot\System32\drivers\ndfltr.sys
     NetworkDirect 服务: NetworkDirect Support Filter Driver
     Mellanox
     5.50.14643.0
     c:\windows\system32\drivers\ndfltr.sys
     2018/4/26 0:28
   NDIS
     system32\drivers\ndis.sys
     NDIS System Driver: NDIS 系统驱动程序
     Microsoft Corporation
     10.0.18362.693
     c:\windows\system32\drivers\ndis.sys
     2023/5/5 8:07
   NdisCap
     System32\drivers\ndiscap.sys
     Microsoft NDIS 捕获: Microsoft NDIS 捕获
     Microsoft Corporation
     10.0.18362.1
     c:\windows\system32\drivers\ndiscap.sys
     1991/4/13 7:02
   NdisImPlatform
     System32\drivers\NdisImPlatform.sys
     Microsoft 网络适配器多路传送器协议: Microsoft 网络适配器多路传送器协议
     Microsoft Corporation
     10.0.18362.693
     c:\windows\system32\drivers\ndisimplatform.sys
     1931/8/16 2:41
   NdisTapi
     System32\DRIVERS\ndistapi.sys
     远程访问 NDIS TAPI 驱动程序: 远程访问 NDIS TAPI 驱动程序
     Microsoft Corporation
     10.0.18362.387
     c:\windows\system32\drivers\ndistapi.sys
     2025/11/7 5:03
   Ndisuio
     system32\drivers\ndisuio.sys
     NDIS Usermode I/O Protocol: NDIS 用户模式 I/O 驱动程序
     Microsoft Corporation
     10.0.18362.1
     c:\windows\system32\drivers\ndisuio.sys
     2000/4/19 10:58
   NdisVirtualBus
     \SystemRoot\System32\drivers\NdisVirtualBus.sys
     Microsoft 虚拟网络适配器枚举器: Microsoft 虚拟网络适配器枚举器
     Microsoft Corporation
     10.0.18362.1
     c:\windows\system32\drivers\ndisvirtualbus.sys
     1945/8/5 15:47
   NdisWan
     \SystemRoot\System32\drivers\ndiswan.sys
     远程访问 NDIS WAN 驱动程序: 远程访问 NDIS WAN 驱动程序
     Microsoft Corporation
     10.0.18362.719
     c:\windows\system32\drivers\ndiswan.sys
     1983/2/7 9:15
   ndiswanlegacy
     System32\DRIVERS\ndiswan.sys
     远程访问旧版 NDIS WAN 驱动程序: 远程访问旧版 NDIS WAN 驱动程序
     Microsoft Corporation
     10.0.18362.719
     c:\windows\system32\drivers\ndiswan.sys
     1983/2/7 9:15
   NDKPing
     system32\drivers\NDKPing.sys
     NDKPing Driver: RDMA Sample Driver
     Microsoft Corporation
     10.0.18362.1
     c:\windows\system32\drivers\ndkping.sys
     2033/11/15 12:58
   ndproxy
     System32\DRIVERS\NDProxy.sys
     NDIS Proxy Driver: NDIS Proxy Driver
     Microsoft Corporation
     10.0.18362.387
     c:\windows\system32\drivers\ndproxy.sys
     1983/6/5 7:45
   Ndu
     system32\drivers\Ndu.sys
     Windows Network Data Usage Monitoring Driver: This service provides network data usage monitoring functionality
     Microsoft Corporation
     10.0.18362.1
     c:\windows\system32\drivers\ndu.sys
     1988/11/5 9:27
   NetAdapterCx
     system32\drivers\NetAdapterCx.sys
     Network Adapter Wdf Class Extension Library: Network Adapter Class Extension for WDF
     Microsoft Corporation
     10.0.18362.1
     c:\windows\system32\drivers\netadaptercx.sys
     2031/11/8 16:04
   NetBIOS
     system32\drivers\netbios.sys
     NetBIOS Interface: NetBIOS Interface
     Microsoft Corporation
     10.0.18362.1
     c:\windows\system32\drivers\netbios.sys
     1929/5/1 8:57
   NetBT
     System32\DRIVERS\netbt.sys
     NetBT: This service implements NetBios over TCP/IP.
     Microsoft Corporation
     10.0.18362.145
     c:\windows\system32\drivers\netbt.sys
     1979/3/2 19:12
   netvsc
     \SystemRoot\System32\drivers\netvsc.sys
     netvsc: 虚拟 NDIS 微型端口
     Microsoft Corporation
     10.0.18362.1
     c:\windows\system32\drivers\netvsc.sys
     1927/1/31 10:03
   npcap
     \SystemRoot\system32\DRIVERS\npcap.sys
     Npcap Packet Driver (NPCAP): Npcap Packet Driver (NPCAP)
     Insecure.Com LLC.
     5.0.995.510
     c:\windows\system32\drivers\npcap.sys
     2019/5/11 8:04
   npf
     \??\C:\Windows\system32\drivers\npf.sys
     NetGroup Packet Filter Driver: npf.sys (NT5/6 AMD64) Kernel Driver
     Riverbed Technology, Inc.
     4.1.0.2980
     c:\windows\system32\drivers\npf.sys
     2013/3/1 9:31
   Npfs
     Npfs
     Npfs: NPFS Driver
     Microsoft Corporation
     10.0.18362.267
     c:\windows\system32\drivers\npfs.sys
     1927/8/8 12:25
   npsvctrig
     \SystemRoot\System32\drivers\npsvctrig.sys
     Named pipe service trigger provider: Named pipe service triggers
     Microsoft Corporation
     10.0.18362.1
     c:\windows\system32\drivers\npsvctrig.sys
     1977/9/12 23:19
   nsiproxy
     system32\drivers\nsiproxy.sys
     NSI Proxy Service Driver: NSI Proxy Service
     Microsoft Corporation
     10.0.18362.449
     c:\windows\system32\drivers\nsiproxy.sys
     2013/11/21 14:00
   Ntfs
     Ntfs
     Ntfs: NT 文件系统驱动程序
     Microsoft Corporation
     10.0.18362.719
     c:\windows\system32\drivers\ntfs.sys
     1937/5/13 19:16
   Null
     Null
     Null: NULL Driver
     Microsoft Corporation
     10.0.18362.1
     c:\windows\system32\drivers\null.sys
     1957/4/24 19:26
   nvdimm
     \SystemRoot\System32\drivers\nvdimm.sys
     Microsoft NVDIMM 设备驱动程序: NVDIMM 设备驱动程序
     Microsoft Corporation
     10.0.18362.1
     c:\windows\system32\drivers\nvdimm.sys
     1961/5/4 11:45
   nvlddmkm
     \SystemRoot\System32\DriverStore\FileRepository\nvdmwu.inf_amd64_26aa6356770b2e86\nvlddmkm.sys
     nvlddmkm: NVIDIA Windows Kernel Mode Driver, Version 369.09
     NVIDIA Corporation
     21.21.13.6909
     c:\windows\system32\driverstore\filerepository\nvdmwu.inf_amd64_26aa6356770b2e86\nvlddmkm.sys
     2016/8/1 20:00
   nvraid
     System32\drivers\nvraid.sys
     nvraid: NVIDIA® nForce(TM) RAID Driver
     NVIDIA Corporation
     10.6.0.23
     c:\windows\system32\drivers\nvraid.sys
     2014/4/22 2:28
   nvstor
     System32\drivers\nvstor.sys
     nvstor: NVIDIA® nForce(TM) Sata Performance Driver
     NVIDIA Corporation
     10.6.0.23
     c:\windows\system32\drivers\nvstor.sys
     2014/4/22 2:34
   Parport
     \SystemRoot\System32\drivers\parport.sys
     Parallel port driver: 并行端口驱动程序
     Microsoft Corporation
     10.0.18362.1
     c:\windows\system32\drivers\parport.sys
     1973/5/15 11:44
   partmgr
     System32\drivers\partmgr.sys
     Partition driver: 用于管理分区并向卷管理器拍卖分区的磁盘类筛选器驱动程序。
     Microsoft Corporation
     10.0.18362.752
     c:\windows\system32\drivers\partmgr.sys
     1903/12/11 16:58
   pci
     System32\drivers\pci.sys
     PCI 总线驱动程序: NT 即插即用 PCI 仿真程序
     Microsoft Corporation
     10.0.18362.752
     c:\windows\system32\drivers\pci.sys
     1985/8/13 1:17
   pciide
     System32\drivers\pciide.sys
     pciide: Generic PCI IDE Bus Driver
     Microsoft Corporation
     10.0.18362.693
     c:\windows\system32\drivers\pciide.sys
     2002/8/10 0:44
   pcmcia
     System32\drivers\pcmcia.sys
     pcmcia: PCMCIA 总线驱动程序
     Microsoft Corporation
     10.0.18362.1
     c:\windows\system32\drivers\pcmcia.sys
     2010/9/22 2:01
   pcw
     System32\drivers\pcw.sys
     Performance Counters for Windows Driver: Performance Counters for Windows Driver
     Microsoft Corporation
     10.0.18362.1
     c:\windows\system32\drivers\pcw.sys
     2027/2/15 23:09
   pdc
     system32\drivers\pdc.sys
     pdc: 电源相关性协调器驱动程序
     Microsoft Corporation
     10.0.18362.693
     c:\windows\system32\drivers\pdc.sys
     1999/7/7 13:35
   PEAUTH
     system32\drivers\peauth.sys
     PEAUTH: Protected Environment Authentication and Authorization Export Driver
     Microsoft Corporation
     10.0.18362.295
     c:\windows\system32\drivers\peauth.sys
     2015/1/12 9:52
   percsas2i
     System32\drivers\percsas2i.sys
     percsas2i: MEGASAS RAID Controller Driver for Windows
     Avago Technologies
     6.805.3.0
     c:\windows\system32\drivers\percsas2i.sys
     2016/3/15 8:50
   percsas3i
     System32\drivers\percsas3i.sys
     percsas3i: MEGASAS RAID Controller Driver for Windows
     Avago Technologies
     6.604.6.0
     c:\windows\system32\drivers\percsas3i.sys
     2018/6/2 5:47
   PktMon
     system32\drivers\PktMon.sys
     Packet Monitor Driver: 数据包监视驱动程序
     Microsoft Corporation
     10.0.18362.1
     c:\windows\system32\drivers\pktmon.sys
     1990/5/23 0:54
   pmem
     \SystemRoot\System32\drivers\pmem.sys
     Microsoft 持久性内存磁盘驱动程序: 持久性内存驱动程序
     Microsoft Corporation
     10.0.18362.1
     c:\windows\system32\drivers\pmem.sys
     2023/9/22 13:03
   PNPMEM
     \SystemRoot\System32\drivers\pnpmem.sys
     Microsoft Memory Module Driver: 即插即用内存驱动程序
     Microsoft Corporation
     10.0.18362.1
     c:\windows\system32\drivers\pnpmem.sys
     1912/2/14 1:46
   portcfg
     \SystemRoot\System32\drivers\portcfg.sys
     portcfg: Port Device Class Configuration Filter Driver
     Microsoft Corporation
     10.0.18362.1
     c:\windows\system32\drivers\portcfg.sys
     1932/9/10 8:06
   PptpMiniport
     \SystemRoot\System32\drivers\raspptp.sys
     WAN 微型端口(PPTP): WAN 微型端口(PPTP)
     Microsoft Corporation
     10.0.18362.1
     c:\windows\system32\drivers\raspptp.sys
     2014/12/11 14:11
   Processor
     \SystemRoot\System32\drivers\processr.sys
     处理器驱动程序: Processor Device Driver
     Microsoft Corporation
     10.0.18362.693
     c:\windows\system32\drivers\processr.sys
     1903/12/6 9:47
   Psched
     System32\drivers\pacer.sys
     QoS 数据包计划程序: QoS 数据包计划程序
     Microsoft Corporation
     10.0.18362.1
     c:\windows\system32\drivers\pacer.sys
     1956/10/16 17:11
   QWAVEdrv
     \SystemRoot\system32\drivers\qwavedrv.sys
     QWAVE driver: 质量 Windows 音频/视频体验组件驱动程序
     Microsoft Corporation
     10.0.18362.1
     c:\windows\system32\drivers\qwavedrv.sys
     2018/4/2 11:14
   Ramdisk
     system32\DRIVERS\ramdisk.sys
     Windows RAM Disk Driver: RAM Disk Driver
     Microsoft Corporation
     10.0.18362.1
     c:\windows\system32\drivers\ramdisk.sys
     1953/4/28 11:06
   RasAcd
     System32\DRIVERS\rasacd.sys
     Remote Access Auto Connection Driver: Remote Access Auto Connection Driver
     Microsoft Corporation
     10.0.18362.1
     c:\windows\system32\drivers\rasacd.sys
     1913/7/12 9:34
      RasAgileVpn
     \SystemRoot\System32\drivers\AgileVpn.sys
     WAN 微型端口(IKEv2): WAN 微型端口(IKEv2)
     Microsoft Corporation
     10.0.18362.719
     c:\windows\system32\drivers\agilevpn.sys
     1925/3/9 8:30
   Rasl2tp
     \SystemRoot\System32\drivers\rasl2tp.sys
     WAN 微型端口(L2TP): WAN 微型端口(L2TP)
     Microsoft Corporation
     10.0.18362.1
     c:\windows\system32\drivers\rasl2tp.sys
     1923/1/15 9:15
   RasPppoe
     System32\DRIVERS\raspppoe.sys
     远程访问 PPPOE 驱动程序: 远程访问 PPPOE 驱动程序
     Microsoft Corporation
     10.0.18362.1
     c:\windows\system32\drivers\raspppoe.sys
     1972/10/12 14:28
   RasSstp
     \SystemRoot\System32\drivers\rassstp.sys
     WAN 微型端口(SSTP): WAN 微型端口(SSTP)
     Microsoft Corporation
     10.0.18362.1
     c:\windows\system32\drivers\rassstp.sys
     2028/11/22 21:08
   rdbss
     system32\DRIVERS\rdbss.sys
     Redirected Buffering Sub System: 为网络微型重定向程序提供框架
     Microsoft Corporation
     10.0.18362.752
     c:\windows\system32\drivers\rdbss.sys
     1931/8/20 4:09
   rdpbus
     \SystemRoot\System32\drivers\rdpbus.sys
     远程桌面设备重定向程序总线驱动程序: Microsoft RDP Bus Device driver
     Microsoft Corporation
     10.0.18362.1
     c:\windows\system32\drivers\rdpbus.sys
     2011/10/15 4:22
   RDPDR
     System32\drivers\rdpdr.sys
     Remote Desktop Device Redirector Driver: 远程桌面设备重定向程序驱动 程序
     Microsoft Corporation
     10.0.18362.267
     c:\windows\system32\drivers\rdpdr.sys
     2026/3/15 13:51
   RdpVideoMiniport
     System32\drivers\rdpvideominiport.sys
     Remote Desktop Video Miniport Driver: Microsoft RDP Video Miniport driver
     Microsoft Corporation
     10.0.18362.693
     c:\windows\system32\drivers\rdpvideominiport.sys
     1949/4/10 19:09
   rdyboost
     System32\drivers\rdyboost.sys
     ReadyBoost: ReadyBoost
     Microsoft Corporation
     10.0.18362.1
     c:\windows\system32\drivers\rdyboost.sys
     1963/10/16 11:00
   ReFS
     ReFS
     ReFS: NT ReFS FS 驱动程序
     Microsoft Corporation
     10.0.18362.693
     c:\windows\system32\drivers\refs.sys
     1905/1/23 8:17
   ReFSv1
     ReFSv1
     ReFSv1: NT ReFS FS 驱动程序
     Microsoft Corporation
     10.0.18362.535
     c:\windows\system32\drivers\refsv1.sys
     1907/3/4 11:11
   RFCOMM
     \SystemRoot\System32\drivers\rfcomm.sys
     Bluetooth Device (RFCOMM Protocol TDI): Bluetooth Device (RFCOMM Protocol TDI)
     Microsoft Corporation
     10.0.18362.1
     c:\windows\system32\drivers\rfcomm.sys
     1936/10/14 20:26
   rhproxy
     \SystemRoot\System32\drivers\rhproxy.sys
     资源中心代理驱动程序: ResourceHub Proxy Driver
     Microsoft Corporation
     10.0.18362.1
     c:\windows\system32\drivers\rhproxy.sys
     1936/7/18 21:05
   rspndr
     system32\drivers\rspndr.sys
     链路层拓扑发现响应程序: 链路层拓扑发现响应程序
     Microsoft Corporation
     10.0.18362.1
     c:\windows\system32\drivers\rspndr.sys
     1960/3/20 19:35
   rt640x64
     \SystemRoot\System32\drivers\rt640x64.sys
     Realtek RT640 NT 驱动程序: Realtek 8125/8136/8168/8169 NDIS 6.40 64-bit Driver
     Realtek
     9.1.409.2015
     c:\windows\system32\drivers\rt640x64.sys
     2018/10/22 22:34
   RTSUER
     \SystemRoot\system32\Drivers\RtsUer.sys
     Realtek USB Card Reader - UER: RTS USB READER Driver
     Realsil Semiconductor Corporation
     10.0.10125.31214
     c:\windows\system32\drivers\rtsuer.sys
     2015/5/27 14:11
   s3cap
     \SystemRoot\System32\drivers\vms3cap.sys
     s3cap: Microsoft S3 Emulated Device Cap Driver
     Microsoft Corporation
     10.0.18362.1
     c:\windows\system32\drivers\vms3cap.sys
     1962/1/22 9:49
   SangforDnsDrv_7,5,0,1
     \??\C:\Program Files (x86)\Sangfor\SSL\DnsDriver\SangforDnsDrv.sys
     SangforDnsDrv_7,5,0,1: Sangfor DnsDriver
     Sangfor Technologies Inc.
     7.5.0.1
     c:\program files (x86)\sangfor\ssl\dnsdriver\sangfordnsdrv.sys
     2017/1/16 19:47
   SangforTcpDrv_7,5,0,1
     \??\C:\Program Files (x86)\Sangfor\SSL\TcpDriver\SangforTcpDrv.sys
     SangforTcpDrv_7,5,0,1: Sangfor WfpDriver
     Sangfor Technologies Inc.
     7.5.0.1
     c:\program files (x86)\sangfor\ssl\tcpdriver\sangfortcpdrv.sys
     2017/5/14 15:29
   SangforVnic
     \SystemRoot\System32\drivers\SangforVnic.sys
     Sangfor SSL VPN CS Support System VNIC: Sangfor SSL VPN CS Support System VNIC
     SANGFOR
     5.9.0.0
     c:\windows\system32\drivers\sangforvnic.sys
     2012/11/20 20:31
   sbp2port
     System32\drivers\sbp2port.sys
     SBP-2 传输/协议总线驱动程序: SBP-2 Protocol Driver
     Microsoft Corporation
     10.0.18362.1
     c:\windows\system32\drivers\sbp2port.sys
     2018/11/2 9:45
   scfilter
     System32\DRIVERS\scfilter.sys
     Smart card PnP Class Filter Driver: 启用智能卡 PnP 的智能卡读卡器筛 选驱动程序。
     Microsoft Corporation
     10.0.18362.1
     c:\windows\system32\drivers\scfilter.sys
     1907/9/23 0:22
   scmbus
     System32\drivers\scmbus.sys
     Microsoft 存储类内存总线驱动程序: 存储类内存总线驱动程序
     Microsoft Corporation
     10.0.18362.752
     c:\windows\system32\drivers\scmbus.sys
     2003/6/15 13:28
   sdbus
     \SystemRoot\System32\drivers\sdbus.sys
     sdbus: SecureDigital 总线驱动程序
     Microsoft Corporation
     10.0.18362.752
     c:\windows\system32\drivers\sdbus.sys
     2024/3/6 1:35
   SDFRd
     \SystemRoot\System32\drivers\SDFRd.sys
     SDF 反射器: SDF Reflector
     Microsoft Corporation
     10.0.18362.1
     c:\windows\system32\drivers\sdfrd.sys
     1956/3/19 21:32
   sdstor
     \SystemRoot\System32\drivers\sdstor.sys
     SD 存储端口驱动程序: SD 存储类驱动程序
     Microsoft Corporation
     10.0.18362.1
     c:\windows\system32\drivers\sdstor.sys
     2028/6/25 21:03
   SerCx
     system32\drivers\SerCx.sys
     Serial UART Support Library: Serial Class Extension
     Microsoft Corporation
     10.0.18362.1
     c:\windows\system32\drivers\sercx.sys
     2019/5/27 19:15
   SerCx2
     system32\drivers\SerCx2.sys
     Serial UART Support Library: Serial Class Extension V2
     Microsoft Corporation
     10.0.18362.1
     c:\windows\system32\drivers\sercx2.sys
     1995/3/16 21:25
   Serenum
     \SystemRoot\System32\drivers\serenum.sys
     Serenum Filter Driver: Serial Port Enumerator
     Microsoft Corporation
     10.0.18362.1
     c:\windows\system32\drivers\serenum.sys
     1976/2/20 20:14
   Serial
     \SystemRoot\System32\drivers\serial.sys
     串行端口驱动程序: 串行设备驱动程序
     Microsoft Corporation
     10.0.18362.1
     c:\windows\system32\drivers\serial.sys
     1930/11/2 3:12
   sermouse
     \SystemRoot\System32\drivers\sermouse.sys
     串行鼠标驱动程序: 串行鼠标筛选器驱动程序
     Microsoft Corporation
     10.0.18362.1
     c:\windows\system32\drivers\sermouse.sys
     1983/5/18 11:46
   sfloppy
     \SystemRoot\System32\drivers\sfloppy.sys
     大容量软盘驱动器: SCSI Floppy Driver
     Microsoft Corporation
     10.0.18362.752
     c:\windows\system32\drivers\sfloppy.sys
     1932/5/16 2:19
   SgrmAgent
     system32\drivers\SgrmAgent.sys
     System Guard Runtime Monitor Agent: System Guard Runtime Monitor Agent Driver
     Microsoft Corporation
     10.0.18362.1
     c:\windows\system32\drivers\sgrmagent.sys
     1965/12/1 19:20
   SiSRaid2
     System32\drivers\SiSRaid2.sys
     SiSRaid2: SiS RAID Stor Miniport Driver
     Silicon Integrated Systems Corp.
     5.1.1039.2600
     c:\windows\system32\drivers\sisraid2.sys
     2008/9/25 2:28
   SiSRaid4
     System32\drivers\sisraid4.sys
     SiSRaid4: SiS AHCI Stor-Miniport Driver
     Silicon Integrated Systems
     5.1.1039.3600
     c:\windows\system32\drivers\sisraid4.sys
     2008/10/2 5:56
   SmartSAMD
     System32\drivers\SmartSAMD.sys
     SmartSAMD: Storport Miniport Driver for SmartRAID/SmartHBA Controllers
     Microsemi Corportation
     1.50.0.0
     c:\windows\system32\drivers\smartsamd.sys
     2018/4/17 23:29
   smbdirect
     System32\DRIVERS\smbdirect.sys
     smbdirect: SMB 网络直通驱动程序
     Microsoft Corporation
     10.0.18362.1
     c:\windows\system32\drivers\smbdirect.sys
     1986/4/29 17:06
   spaceport
     System32\drivers\spaceport.sys
     存储空间驱动程序: Storage Spaces Driver
     Microsoft Corporation
     10.0.18362.449
     c:\windows\system32\drivers\spaceport.sys
     1922/9/19 15:48
   SpatialGraphFilter
     System32\drivers\SpatialGraphFilter.sys
     Holographic Spatial Graph Filter: Holographic Spatial Graph Filter
     Microsoft Corporation
     10.0.18362.1
     c:\windows\system32\drivers\spatialgraphfilter.sys
     2000/3/26 3:44
   SpbCx
     system32\drivers\SpbCx.sys
     Simple Peripheral Bus Support Library: SPB Class Extension
     Microsoft Corporation
     10.0.18362.1
     c:\windows\system32\drivers\spbcx.sys
     1988/1/30 21:05
   srv2
     System32\DRIVERS\srv2.sys
     Server SMB 2.xxx Driver: 支持与 Windows Vista 以及更高版本的客户端的连接
     Microsoft Corporation
     10.0.18362.753
     c:\windows\system32\drivers\srv2.sys
     1956/8/8 12:55
   srvnet
     System32\DRIVERS\srvnet.sys
     srvnet: Server Network driver
     Microsoft Corporation
     10.0.18362.693
     c:\windows\system32\drivers\srvnet.sys
     1994/11/5 12:13
   stexstor
     System32\drivers\stexstor.sys
     stexstor: Promise SuperTrak EX Series Driver for Windows x64
     Promise Technology, Inc.
     5.1.0.10
     c:\windows\system32\drivers\stexstor.sys
     2012/11/27 8:02
   storahci
     System32\drivers\storahci.sys
     Microsoft 标准 SATA AHCI 驱动程序: MS AHCI Storport Miniport Driver
     Microsoft Corporation
     10.0.18362.693
     c:\windows\system32\drivers\storahci.sys
     1979/8/28 14:45
   storflt
     System32\drivers\vmstorfl.sys
     Microsoft Hyper-V 存储加速器: 虚拟存储筛选器驱动程序
     Microsoft Corporation
     10.0.18362.387
     c:\windows\system32\drivers\vmstorfl.sys
     1977/6/23 21:32
   stornvme
     System32\drivers\stornvme.sys
     Microsoft Standard NVM Express Driver: Microsoft NVM Express Storport Miniport Driver
     Microsoft Corporation
     10.0.18362.693
     c:\windows\system32\drivers\stornvme.sys
     1963/5/5 6:30
   storqosflt
     system32\drivers\storqosflt.sys
     Storage QoS Filter Driver: 为存储 I/O 通信提供服务质量。
     Microsoft Corporation
     10.0.18362.1
     c:\windows\system32\drivers\storqosflt.sys
     1948/6/18 7:01
   storufs
     System32\drivers\storufs.sys
     Microsoft 通用闪存(UFS)驱动程序: MS UFS Storport Miniport Driver
     Microsoft Corporation
     10.0.18362.752
     c:\windows\system32\drivers\storufs.sys
     1968/8/12 5:06
   storvsc
     System32\drivers\storvsc.sys
     storvsc: Storage VSC Driver
     Microsoft Corporation
     10.0.18362.387
     c:\windows\system32\drivers\storvsc.sys
     1989/3/29 14:01
   swenum
     \SystemRoot\System32\DriverStore\FileRepository\swenum.inf_amd64_1c567926e5b29133\swenum.sys
     软件总线驱动程序: Plug and Play Software Device Enumerator
     Microsoft Corporation
     10.0.18362.329
     c:\windows\system32\driverstore\filerepository\swenum.inf_amd64_1c567926e5b29133\swenum.sys
     1938/7/20 17:28
   SynRMIHID
     \SystemRoot\system32\DRIVERS\SynRMIHID.sys
     Synaptics HID Service: Synaptics I2C Driver
     Synaptics Incorporated
     19.2.17.70
     c:\windows\system32\drivers\synrmihid.sys
     2018/6/28 4:54
   Synth3dVsc
     \SystemRoot\System32\drivers\Synth3dVsc.sys
     Synth3dVsc: Microsoft RemoteFX Synth3D Video VSC
     Microsoft Corporation
     10.0.18362.1
     c:\windows\system32\drivers\synth3dvsc.sys
     2014/4/16 20:35
   SynTP
     \SystemRoot\system32\DRIVERS\SynTP.sys
     Synaptics TouchPad Driver: Synaptics Touchpad Win64 Driver
     Synaptics Incorporated
     19.2.17.70
     c:\windows\system32\drivers\syntp.sys
     2018/6/28 4:53
   sysdiag
     system32\DRIVERS\sysdiag.sys
     Huorong Internet Security Core Kext: Huorong Internet Security Core Kext
     Beijing Huorong Network Technology Co., Ltd.
     1.0.0.0
     c:\windows\system32\drivers\sysdiag.sys
     2020/4/20 10:27
   tap0901
     \SystemRoot\System32\drivers\tap0901.sys
     TAP-Windows Adapter V9: TAP-Windows Virtual Network Driver (NDIS 6.0)
     The OpenVPN Project
     9.0.0.21
     c:\windows\system32\drivers\tap0901.sys
     2016/4/21 17:10
   Tcpip
     System32\drivers\tcpip.sys
     TCP/IP Protocol Driver: TCP/IP 协议驱动程序
     Microsoft Corporation
     10.0.18362.752
     c:\windows\system32\drivers\tcpip.sys
     2003/11/15 21:34
   Tcpip6
     System32\drivers\tcpip.sys
     @todo.dll,-100;Microsoft IPv6 Protocol Driver: @todo.dll,-100;Microsoft IPv6 Protocol Driver
     Microsoft Corporation
     10.0.18362.752
     c:\windows\system32\drivers\tcpip.sys
     2003/11/15 21:34
   tcpipreg
     System32\drivers\tcpipreg.sys
     TCP/IP Registry Compatibility: Provides compatibility for legacy applications which interact with TCP/IP through the registry. If this service is stopped, certain applications may have impaired functionality.
     Microsoft Corporation
     10.0.18362.1
     c:\windows\system32\drivers\tcpipreg.sys
     1997/10/25 17:04
   tdx
     \SystemRoot\system32\DRIVERS\tdx.sys
     NetIO 旧 TDI 支持驱动程序: NetIO 旧 TDI 支持驱动程序
     Microsoft Corporation
     10.0.18362.1
     c:\windows\system32\drivers\tdx.sys
     1975/5/20 20:06
   terminpt
     \SystemRoot\System32\drivers\terminpt.sys
     Microsoft 远程桌面输入驱动程序: Terminal Server Input Driver
     Microsoft Corporation
     10.0.18362.1
     c:\windows\system32\drivers\terminpt.sys
     2032/5/16 5:18
   TESMON
     \??\C:\Windows\system32\drivers\TesMon.sys
     TESMON: TesMon64
     Tencent
     2.3034.1008.13377
     c:\windows\system32\drivers\tesmon.sys
     2019/4/8 13:31
   TesSafe
     \??\C:\Windows\system32\TesSafe.sys
     TesSafe: Loader64 NT Driver
     TENCENT
     2.5.3207.7683
     c:\windows\system32\tessafe.sys
     2018/4/17 19:45
   TPM
     \SystemRoot\System32\drivers\tpm.sys
     TPM: TPM 驱动程序
     Microsoft Corporation
     10.0.18362.693
     c:\windows\system32\drivers\tpm.sys
     1935/5/14 11:02
   TsUsbFlt
     system32\drivers\tsusbflt.sys
     Remote Desktop USB Hub Class Filter Driver: Remote Desktop USB Hub Class Filter Driver
     Microsoft Corporation
     10.0.18362.1
     c:\windows\system32\drivers\tsusbflt.sys
     1906/3/14 12:47
   TsUsbGD
     \SystemRoot\System32\drivers\TsUsbGD.sys
     远程桌面通用 USB 设备: Remote Desktop Generic USB Driver
     Microsoft Corporation
     10.0.18362.1
     c:\windows\system32\drivers\tsusbgd.sys
     2010/3/26 10:12
   tsusbhub
     \SystemRoot\System32\drivers\tsusbhub.sys
     Remote Desktop USB Hub: 远程桌面 USB 集线器
     Microsoft Corporation
     10.0.18362.592
     c:\windows\system32\drivers\tsusbhub.sys
     1984/8/31 11:23
   tunnel
     System32\drivers\tunnel.sys
     Microsoft Tunnel Miniport 适配器驱动程序: Microsoft 隧道接口驱动程序
     Microsoft Corporation
     10.0.18362.476
     c:\windows\system32\drivers\tunnel.sys
     1915/12/29 8:31
   UASPStor
     \SystemRoot\System32\drivers\uaspstor.sys
     USB Attached SCSI (UAS) 驱动程序: Microsoft Uasp Driver
     Microsoft Corporation
     10.0.18362.387
     c:\windows\system32\drivers\uaspstor.sys
     1931/10/30 7:01
   UcmCx0101
     System32\Drivers\UcmCx.sys
     USB Connector Manager KMDF Class Extension: USB Connector Manager KMDF Class Extension
     Microsoft Corporation
     10.0.18362.1
     c:\windows\system32\drivers\ucmcx.sys
     1957/8/5 19:03
   UcmTcpciCx0101
     System32\Drivers\UcmTcpciCx.sys
     UCM-TCPCI KMDF Class Extension: UCM-TCPCI KMDF Class Extension
     Microsoft Corporation
     10.0.18362.1
     c:\windows\system32\drivers\ucmtcpcicx.sys
     1955/5/27 18:52
   UcmUcsiAcpiClient
     \SystemRoot\System32\drivers\UcmUcsiAcpiClient.sys
     UCM-UCSI ACPI 客户端: UCM-UCSI ACPI Client Driver
     Microsoft Corporation
     10.0.18362.1
     c:\windows\system32\drivers\ucmucsiacpiclient.sys
     1954/2/27 20:25
   UcmUcsiCx0101
     System32\Drivers\UcmUcsiCx.sys
     UCM-UCSI KMDF Class Extension: UCM-UCSI KMDF Class Extension
     Microsoft Corporation
     10.0.18362.1
     c:\windows\system32\drivers\ucmucsicx.sys
     1988/1/17 22:35
   Ucx01000
     system32\drivers\ucx01000.sys
     USB Host Support Library: USB Controller Extension
     Microsoft Corporation
     10.0.18362.1
     c:\windows\system32\drivers\ucx01000.sys
     1972/3/17 6:35
   UdeCx
     system32\drivers\udecx.sys
     USB Device Emulation Support Library: "udecx.DRIVER"
     Microsoft Corporation
     10.0.18362.1
     c:\windows\system32\drivers\udecx.sys
     2003/4/19 10:26
   UEFI
     \SystemRoot\System32\DriverStore\FileRepository\uefi.inf_amd64_4fcaf0fc6eaf7533\UEFI.sys
     Microsoft UEFI 驱动程序: UEFI Driver for NT
     Microsoft Corporation
     10.0.18362.329
     c:\windows\system32\driverstore\filerepository\uefi.inf_amd64_4fcaf0fc6eaf7533\uefi.sys
     2021/6/5 11:01
   Ufx01000
     system32\drivers\ufx01000.sys
     USB Function Class Extension: USB Function Driver Class Extension
     Microsoft Corporation
     10.0.18362.1
     c:\windows\system32\drivers\ufx01000.sys
     1937/1/18 10:02
   UfxChipidea
     \SystemRoot\System32\DriverStore\FileRepository\ufxchipidea.inf_amd64_624eef84faf426d6\UfxChipidea.sys
     USB Chipidea 控制器: UFX Chipidea Client Driver
     Microsoft Corporation
     10.0.18362.329
     c:\windows\system32\driverstore\filerepository\ufxchipidea.inf_amd64_624eef84faf426d6\ufxchipidea.sys
     2019/4/27 22:01
   ufxsynopsys
     \SystemRoot\System32\drivers\ufxsynopsys.sys
     USB Synopsys 控制器: UFX Synopsys Client Driver
     Microsoft Corporation
     10.0.18362.1
     c:\windows\system32\drivers\ufxsynopsys.sys
     2030/8/17 15:08
   umbus
     \SystemRoot\System32\DriverStore\FileRepository\umbus.inf_amd64_e566af5dd9858a0e\umbus.sys
     UMBus Enumerator Driver: User-Mode Bus Enumerator
     Microsoft Corporation
     10.0.18362.329
     c:\windows\system32\driverstore\filerepository\umbus.inf_amd64_e566af5dd9858a0e\umbus.sys
     1996/1/23 17:04
   UmPass
     \SystemRoot\System32\drivers\umpass.sys
     Microsoft UMPass 驱动程序: Generic pass-through driver
     Microsoft Corporation
     10.0.18362.1
     c:\windows\system32\drivers\umpass.sys
     2010/5/12 15:53
   UrsChipidea
     \SystemRoot\System32\DriverStore\FileRepository\urschipidea.inf_amd64_86da23c455846f41\urschipidea.sys
     Chipidea USB 角色切换驱动程序: USB Role-Switch Driver for Chipidea Core
     Microsoft Corporation
     10.0.18362.329
     c:\windows\system32\driverstore\filerepository\urschipidea.inf_amd64_86da23c455846f41\urschipidea.sys
     1923/10/3 22:17
   UrsCx01000
     system32\drivers\urscx01000.sys
     USB Role-Switch Support Library: USB Role-Switch Class Extension
     Microsoft Corporation
     10.0.18362.1
     c:\windows\system32\drivers\urscx01000.sys
     1954/4/5 16:23
   UrsSynopsys
     \SystemRoot\System32\DriverStore\FileRepository\urssynopsys.inf_amd64_7302ce5d1420ed71\urssynopsys.sys
     Synopsys USB 角色切换驱动程序: USB Role-Switch Driver for Synopsys Core
     Microsoft Corporation
     10.0.18362.329
     c:\windows\system32\driverstore\filerepository\urssynopsys.inf_amd64_7302ce5d1420ed71\urssynopsys.sys
     1908/4/10 20:12
   usbaudio
     \SystemRoot\system32\drivers\usbaudio.sys
     USB Audio Driver (WDM): USB Audio Class Driver
     Microsoft Corporation
     10.0.18362.1
     c:\windows\system32\drivers\usbaudio.sys
     2019/6/23 2:37
   usbaudio2
     \SystemRoot\System32\drivers\usbaudio2.sys
     USB 音频 2.0 服务: Microsoft USB Audio Class 2.0 Driver
     Microsoft Corporation
     10.0.18362.207
     c:\windows\system32\drivers\usbaudio2.sys
     1944/6/13 4:07
   usbccgp
     \SystemRoot\System32\drivers\usbccgp.sys
     Microsoft USB 通用父驱动程序: USB Common Class Generic Parent Driver
     Microsoft Corporation
     10.0.18362.693
     c:\windows\system32\drivers\usbccgp.sys
     2000/1/2 7:21
   usbcir
     \SystemRoot\System32\drivers\usbcir.sys
     eHome Infrared Receiver (USBCIR): USB Consumer IR Driver for eHome
     Microsoft Corporation
     10.0.18362.1
     c:\windows\system32\drivers\usbcir.sys
     2034/2/20 11:15
   usbehci
     \SystemRoot\System32\drivers\usbehci.sys
     Microsoft USB 2.0 Enhanced Host Controller Miniport Driver: EHCI eUSB Miniport Driver
     Microsoft Corporation
     10.0.18362.1
     c:\windows\system32\drivers\usbehci.sys
     2036/2/17 1:09
   usbhub
     \SystemRoot\System32\drivers\usbhub.sys
     Microsoft USB 标准集线器驱动程序: USB 的默认集线器驱动程序
     Microsoft Corporation
     10.0.18362.1
     c:\windows\system32\drivers\usbhub.sys
     1902/8/10 5:29
   USBHUB3
     \SystemRoot\System32\drivers\UsbHub3.sys
     SuperSpeed 集线器: USB3 集线器驱动程序
     Microsoft Corporation
     10.0.18362.1
     c:\windows\system32\drivers\usbhub3.sys
     1946/9/9 13:49
   usbohci
     \SystemRoot\System32\drivers\usbohci.sys
     Microsoft USB Open Host Controller Miniport Driver: OHCI USB Miniport Driver
     Microsoft Corporation
     10.0.18362.1
     c:\windows\system32\drivers\usbohci.sys
     1996/4/11 1:48
   usbprint
     \SystemRoot\System32\drivers\usbprint.sys
     Microsoft USB PRINTER Class: USB Printer driver
     Microsoft Corporation
     10.0.18362.1
     c:\windows\system32\drivers\usbprint.sys
     1926/1/26 8:54
   usbrndis6
     \SystemRoot\System32\drivers\usb80236.sys
     USB RNDIS6 适配器: Remote NDIS USB Driver
     Microsoft Corporation
     10.0.18362.329
     c:\windows\system32\drivers\usb80236.sys
     1981/12/11 12:27
   usbser
     \SystemRoot\System32\drivers\usbser.sys
     Microsoft USB 串行驱动程序: USB Serial Driver
     Microsoft Corporation
     10.0.18362.1
     c:\windows\system32\drivers\usbser.sys
     2004/12/7 1:10
   USBSTOR
     \SystemRoot\System32\drivers\USBSTOR.SYS
     USB 大容量存储驱动程序: USB 大容量存储类驱动程序
     Microsoft Corporation
     10.0.18362.1
     c:\windows\system32\drivers\usbstor.sys
     1917/5/10 21:52
   usbuhci
     \SystemRoot\System32\drivers\usbuhci.sys
     Microsoft USB Universal Host Controller Miniport Driver: UHCI USB Miniport Driver
     Microsoft Corporation
     10.0.18362.1
     c:\windows\system32\drivers\usbuhci.sys
     1946/3/20 2:10
   usbvideo
     \SystemRoot\System32\Drivers\usbvideo.sys
     USB 视频设备(WDM): USB Video Class Driver
     Microsoft Corporation
     10.0.18362.693
     c:\windows\system32\drivers\usbvideo.sys
     1996/11/19 23:41
   USBXHCI
     \SystemRoot\System32\drivers\USBXHCI.SYS
     符合 USB xHCI 的主机控制器: USB XHCI 驱动程序
     Microsoft Corporation
     10.0.18362.693
     c:\windows\system32\drivers\usbxhci.sys
     1902/6/5 8:17
   uupacket
     \??\C:\Windows\System32\drivers\uupacket.sys
     UU Packet Filter Driver: uupacket.sys (NT5/6 AMD64) Kernel Driver
     网易(杭州)网络有限公司
     9.9.9.99
     c:\windows\system32\drivers\uupacket.sys
     2018/2/6 11:33
   VBoxDrv
     \SystemRoot\system32\DRIVERS\VBoxDrv.sys
     VirtualBox Service: VirtualBox Support Driver
     Oracle Corporation
     6.0.8.30520
     c:\windows\system32\drivers\vboxdrv.sys
     2019/5/13 21:15
   VBoxNetAdp
     \SystemRoot\system32\DRIVERS\VBoxNetAdp6.sys
     VirtualBox NDIS 6.0 Miniport Service: VirtualBox NDIS 6.0 Host-Only Network Adapter Driver
     Oracle Corporation
     6.0.8.30520
     c:\windows\system32\drivers\vboxnetadp6.sys
     2019/5/13 21:14
   VBoxNetLwf
     \SystemRoot\system32\DRIVERS\VBoxNetLwf.sys
     VirtualBox NDIS6 Bridged Networking Service: VirtualBox NDIS 6.0 Lightweight Filter Driver
     Oracle Corporation
     6.0.8.30520
     c:\windows\system32\drivers\vboxnetlwf.sys
     2019/5/13 21:14
   VBoxUSBMon
     \SystemRoot\system32\DRIVERS\VBoxUSBMon.sys
     VirtualBox USB Monitor Service: VirtualBox USB Monitor Driver
     Oracle Corporation
     6.0.8.30520
     c:\windows\system32\drivers\vboxusbmon.sys
     2019/5/13 21:14
   vdrvroot
     System32\drivers\vdrvroot.sys
     Microsoft 虚拟驱动器枚举器: Virtual Drive Root Enumerator
     Microsoft Corporation
     10.0.18362.1
     c:\windows\system32\drivers\vdrvroot.sys
     1970/7/15 19:57
   vhdmp
     \SystemRoot\System32\drivers\vhdmp.sys
     vhdmp: VHD Miniport Driver
     Microsoft Corporation
     10.0.18362.657
     c:\windows\system32\drivers\vhdmp.sys
     2017/1/29 5:20
   vhf
     \SystemRoot\System32\drivers\vhf.sys
     虚拟 HID 框架(VHF)驱动程序: 实现虚拟 HID 框架(VHF)的内核模式驱动程序
     Microsoft Corporation
     10.0.18362.1
     c:\windows\system32\drivers\vhf.sys
     1927/4/11 9:42
   Vid
     \SystemRoot\System32\drivers\Vid.sys
     Vid: Microsoft Hyper-V Virtualization Infrastructure Driver
     Microsoft Corporation
     10.0.18362.476
     c:\windows\system32\drivers\vid.sys
     2015/12/31 15:26
   vmbus
     System32\drivers\vmbus.sys
     虚拟机总线: Microsoft Hyper-V 虚拟机总线子驱动程序
     Microsoft Corporation
     10.0.18362.693
     c:\windows\system32\drivers\vmbus.sys
     1980/1/4 0:34
   VMBusHID
     \SystemRoot\System32\drivers\VMBusHID.sys
     VMBusHID: Microsoft VMBus HID Miniport
     Microsoft Corporation
     10.0.18362.1
     c:\windows\system32\drivers\vmbushid.sys
     2030/12/9 20:55
   vmci
     System32\drivers\vmci.sys
     VMware VMCI Bus Driver: VMware PCI VMCI Bus Device
     VMware, Inc.
     9.8.7.0
     c:\windows\system32\drivers\vmci.sys
     2019/4/23 8:19
   vmgid
     \SystemRoot\System32\drivers\vmgid.sys
     Microsoft Hyper-V 来宾基础结构驱动程序: Virtual Machine Guest Infrastructure Driver
     Microsoft Corporation
     10.0.18362.1
     c:\windows\system32\drivers\vmgid.sys
     1919/7/2 22:23
   vmkbd3
     \SystemRoot\system32\DRIVERS\vmkbd.sys
     VMware Input Filter and Injection Driver (vmkbd): VMware VMware Input Filter and Injection Driver (64-bit)
     VMware, Inc.
     1.6.2.0
     c:\windows\system32\drivers\vmkbd.sys
     2016/8/18 13:50
   VMnetAdapter
     \SystemRoot\system32\DRIVERS\vmnetadapter.sys
     VMware Virtual Ethernet Adapter Driver: Driver for VMware's Virtual Ethernet Adapters Ver. 2
     VMware, Inc.
     14.0.0.2
     c:\windows\system32\drivers\vmnetadapter.sys
     2018/12/17 14:37
   VMnetBridge
     \SystemRoot\system32\DRIVERS\vmnetbridge.sys
     VMware Bridge Protocol: VMware Bridge Protocol
     VMware, Inc.
     14.0.0.2
     c:\windows\system32\drivers\vmnetbridge.sys
     2018/12/17 14:37
   VMnetuserif
     \SystemRoot\system32\DRIVERS\vmnetuserif.sys
     VMware Virtual Ethernet Userif for VMnet: VMware Virtual Ethernet Userif for VMnet
     VMware, Inc.
     14.0.0.2
     c:\windows\system32\drivers\vmnetuserif.sys
     2018/12/17 14:37
   vmusb
     \SystemRoot\System32\drivers\vmusb.sys
     VMware USB Client Driver: VMware USB driver
     VMware, Inc.
     4.2.0.0
     c:\windows\system32\drivers\vmusb.sys
     2016/7/26 10:53
   vmx86
     \SystemRoot\system32\DRIVERS\vmx86.sys
     VMware vmx86: VMware vmx86 driver
     VMware, Inc.
     15.0.0.48
     c:\windows\system32\drivers\vmx86.sys
     2019/3/30 8:31
   volmgr
     System32\drivers\volmgr.sys
     卷管理器驱动程序: 卷管理器驱动程序
     Microsoft Corporation
     10.0.18362.752
     c:\windows\system32\drivers\volmgr.sys
     2016/5/6 4:14
   volmgrx
     System32\drivers\volmgrx.sys
     Dynamic Volume Manager: 管理动态磁盘上软件 RAID 卷(跨区卷、带区卷、 镜像卷、RAID-5)的卷管理器驱动程序扩展
     Microsoft Corporation
     10.0.18362.1
     c:\windows\system32\drivers\volmgrx.sys
     1948/3/6 8:47
   volsnap
     System32\drivers\volsnap.sys
     卷映像复制驱动程序: 用于撷取和管理快照的卷类别筛选器驱动程序。
     Microsoft Corporation
     10.0.18362.693
     c:\windows\system32\drivers\volsnap.sys
     1913/4/16 22:52
   volume
     System32\drivers\volume.sys
     卷驱动程序: Volume driver
     Microsoft Corporation
     10.0.18362.1
     c:\windows\system32\drivers\volume.sys
     1921/7/30 4:37
   vpci
     \SystemRoot\System32\drivers\vpci.sys
     Microsoft Hyper-V 虚拟 PCI 总线: Virtual PCI Bus
     Microsoft Corporation
     10.0.18362.1
     c:\windows\system32\drivers\vpci.sys
     1947/4/11 15:09
   vsmraid
     System32\drivers\vsmraid.sys
     vsmraid: VIA RAID DRIVER FOR AMD-X86-64
     VIA Technologies Inc.,Ltd
     7.0.9600.6352
     c:\windows\system32\drivers\vsmraid.sys
     2014/4/23 3:21
   vsock
     system32\DRIVERS\vsock.sys
     vSockets Virtual Machine Communication Interface Sockets driver: vSockets Driver
     VMware, Inc.
     9.8.12.0
     c:\windows\system32\drivers\vsock.sys
     2018/5/16 16:19
   VSTXRAID
     System32\drivers\vstxraid.sys
     VIA StorX Storage RAID Controller Windows Driver: VIA StorX RAID Controller Driver
     VIA Corporation
     8.0.9200.8110
     c:\windows\system32\drivers\vstxraid.sys
     2013/1/22 3:00
   vwifibus
     \SystemRoot\System32\drivers\vwifibus.sys
     Virtual Wireless Bus Driver: Implements bus functionality for Virtual Wireless
     Microsoft Corporation
     10.0.18362.1
     c:\windows\system32\drivers\vwifibus.sys
     2012/2/15 10:47
   vwififlt
     System32\drivers\vwififlt.sys
     Virtual WiFi Filter Driver: Virtual WiFi Filter Driver
     Microsoft Corporation
     10.0.18362.1
     c:\windows\system32\drivers\vwififlt.sys
     2000/6/4 3:54
   vwifimp
     \SystemRoot\System32\drivers\vwifimp.sys
     Virtual WiFi Miniport Service: Virtual WiFi Miniport Driver
     Microsoft Corporation
     10.0.18362.1
     c:\windows\system32\drivers\vwifimp.sys
     2001/4/27 4:43
   WacomPen
     \SystemRoot\System32\drivers\wacompen.sys
     Wacom Serial Pen HID Driver: Wacom 串行笔平板电脑 HID 驱动器
     Microsoft Corporation
     10.0.18362.1
     c:\windows\system32\drivers\wacompen.sys
     1944/7/22 19:53
   wanarp
     System32\DRIVERS\wanarp.sys
     远程访问 IP ARP 驱动程序: 远程访问 IP ARP 驱动程序
     Microsoft Corporation
     10.0.18362.387
     c:\windows\system32\drivers\wanarp.sys
     1982/6/11 11:50
   wanarpv6
     System32\DRIVERS\wanarp.sys
     远程访问 IPv6 ARP 驱动程序: 远程访问 IPv6 ARP 驱动程序
     Microsoft Corporation
     10.0.18362.387
     c:\windows\system32\drivers\wanarp.sys
     1982/6/11 11:50
   wcifs
     \SystemRoot\system32\drivers\wcifs.sys
     Windows Container Isolation: Provides a virtual filesystem view for processes running within Windows Containers
     Microsoft Corporation
     10.0.18362.693
     c:\windows\system32\drivers\wcifs.sys
     2011/8/26 6:27
   wcnfs
     \SystemRoot\system32\drivers\wcnfs.sys
     Windows Container Name Virtualization: Virtualizes file system names for processes running within Windows Containers
     Microsoft Corporation
     10.0.18362.1
     c:\windows\system32\drivers\wcnfs.sys
     1985/2/10 21:51
   WdBoot
     \SystemRoot\system32\drivers\wd\WdBoot.sys
     Windows Defender Antivirus Boot Driver: Windows Defender 防病毒启动 驱动程序
     Microsoft Corporation
     4.18.1907.4
     c:\windows\system32\drivers\wd\wdboot.sys
     1991/1/24 0:25
   Wdf01000
     system32\drivers\Wdf01000.sys
     Kernel Mode Driver Frameworks service: 内核模式驱动程序框架运行时
     Microsoft Corporation
     1.29.18362.1
     c:\windows\system32\drivers\wdf01000.sys
     1979/4/6 2:38
   WdFilter
     \SystemRoot\system32\drivers\wd\WdFilter.sys
     Windows Defender Antivirus Mini-Filter Driver: Windows Defender 防病毒访问恶意软件防护微筛选器驱动程序
     Microsoft Corporation
     4.18.1907.4
     c:\windows\system32\drivers\wd\wdfilter.sys
     1958/3/14 3:32
   wdiwifi
     system32\DRIVERS\wdiwifi.sys
     WDI Driver Framework: WDI Driver Framework Driver
     Microsoft Corporation
     10.0.18362.387
     c:\windows\system32\drivers\wdiwifi.sys
     1966/12/3 0:26
   WdmCompanionFilter
     system32\drivers\WdmCompanionFilter.sys
     WdmCompanionFilter: WDM Companion Filter
     Microsoft Corporation
     10.0.18362.1
     c:\windows\system32\drivers\wdmcompanionfilter.sys
     1906/4/9 9:11
   WdNisDrv
     system32\drivers\wd\WdNisDrv.sys
     Windows Defender Antivirus Network Inspection System Driver: 帮助防 止针对网络协议中的已知和新发现的漏洞发起的入侵企图
     Microsoft Corporation
     4.18.1907.4
     c:\windows\system32\drivers\wd\wdnisdrv.sys
     1950/5/23 18:33
   WFPLWFS
     System32\drivers\wfplwfs.sys
     Microsoft Windows 筛选平台: Microsoft Windows 筛选平台
     Microsoft Corporation
     10.0.18362.207
     c:\windows\system32\drivers\wfplwfs.sys
     2021/5/4 1:02
   WIMMount
     system32\drivers\wimmount.sys
     WIMMount: WIM Image mount service driver
     Microsoft Corporation
     10.0.18362.657
     c:\windows\system32\drivers\wimmount.sys
     2011/9/7 0:41
   WindowsTrustedRT
     system32\drivers\WindowsTrustedRT.sys
     Windows Trusted Execution Environment Class Extension: Windows Trusted Runtime Interface Driver
     Microsoft Corporation
     10.0.18362.1
     c:\windows\system32\drivers\windowstrustedrt.sys
     1942/2/19 9:13
   WindowsTrustedRTProxy
     System32\drivers\WindowsTrustedRTProxy.sys
     Microsoft Windows 可信运行时安全服务: Windows Trusted Runtime Service Proxy Driver
     Microsoft Corporation
     10.0.18362.1
     c:\windows\system32\drivers\windowstrustedrtproxy.sys
     2013/3/24 6:43
   WinMad
     \SystemRoot\System32\drivers\winmad.sys
     WinMad 服务: Kernel WinMad
     Mellanox
     5.50.14643.0
     c:\windows\system32\drivers\winmad.sys
     2018/4/26 0:27
   WinNat
     system32\drivers\winnat.sys
     Windows NAT Driver: 此服务提供网络地址转换功能
     Microsoft Corporation
     10.0.18362.752
     c:\windows\system32\drivers\winnat.sys
     2011/12/5 19:06
   WinQuic
     system32\drivers\winquic.sys
     WinQuic: Windows QUIC Driver
     Microsoft Corporation
     10.0.18362.145
     c:\windows\system32\drivers\winquic.sys
     1947/9/15 11:26
   WINUSB
     \SystemRoot\System32\drivers\WinUSB.SYS
     USB 设备的通用驱动程序: Windows WinUSB Class Driver
     Microsoft Corporation
     10.0.18362.1
     c:\windows\system32\drivers\winusb.sys
     1918/11/10 11:53
   WinVerbs
     \SystemRoot\System32\drivers\winverbs.sys
     WinVerbs 服务: Kernel WinVerbs
     Mellanox
     5.50.14643.0
     c:\windows\system32\drivers\winverbs.sys
     2018/4/26 0:28
   WiseHDInfo
     \??\C:\Windows\WiseHDInfo64.dll
     WiseHDInfo: Hardware Information driver
     wisecleaner.com
     1.0.2.21
     c:\windows\wisehdinfo64.dll
     2017/7/3 15:46
   WiseTDIFw
     \??\C:\Windows\WiseTDIFw64.sys
     WiseTDIFw: wise TDI driver
     WiseCleaner.com
     1.1.4.36
     c:\windows\wisetdifw64.sys
     2016/7/29 9:59
   WmiAcpi
     \SystemRoot\System32\drivers\wmiacpi.sys
     Microsoft Windows Management Interface for ACPI: Windows Management Interface for ACPI
     Microsoft Corporation
     10.0.18362.1
     c:\windows\system32\drivers\wmiacpi.sys
     1927/3/16 0:23
   Wof
     Wof
     Windows Overlay File System Filter Driver: Windows 覆盖筛选器
     Microsoft Corporation
     10.0.18362.418
     c:\windows\system32\drivers\wof.sys
     1960/9/21 14:56
   WpdUpFltr
     System32\drivers\WpdUpFltr.sys
     WPD Upper Class Filter Driver: WPD Upper Class Filter Driver
     Microsoft Corporation
     10.0.18362.1
     c:\windows\system32\drivers\wpdupfltr.sys
     1918/9/3 9:12
   ws2ifsl
     \SystemRoot\system32\drivers\ws2ifsl.sys
     Windows 套接字 2.0 Non-IFS 服务提供程序支持环境: Winsock IFS Driver
     Microsoft Corporation
     10.0.18362.356
     c:\windows\system32\drivers\ws2ifsl.sys
     2037/1/31 21:36
   WudfPf
     system32\drivers\WudfPf.sys
     User Mode Driver Frameworks Platform Driver: A kernel mode driver that uses message-based interprocess communication mechanism to communicate with the driver manager and secure host process to facilitate secure companions
     Microsoft Corporation
     10.0.18362.1
     c:\windows\system32\drivers\wudfpf.sys
     1953/7/5 18:05
   WUDFRd
     \SystemRoot\System32\drivers\WUDFRd.sys
     Windows Driver Foundation - User-mode Driver Framework Reflector: A kernel mode driver that uses message-based interprocess communication mechanism to communicate with the driver manager and host process to facilitate UMDF drivers
     Microsoft Corporation
     10.0.18362.1
     c:\windows\system32\drivers\wudfrd.sys
     1992/6/19 4:42
   WUDFWpdFs
     \SystemRoot\system32\DRIVERS\WUDFRd.sys
     WPD 文件系统驱动程序: 允许通过 WPD 接口与可移动存储设备通信的用户模 式驱动程序
     Microsoft Corporation
     10.0.18362.1
     c:\windows\system32\drivers\wudfrd.sys
     1992/6/19 4:42
   WUDFWpdMtp
     \SystemRoot\system32\DRIVERS\WUDFRd.sys
     WUDFWpdMtp: Windows Driver Foundation - User-mode Driver Framework Reflector
     Microsoft Corporation
     10.0.18362.1
     c:\windows\system32\drivers\wudfrd.sys
     1992/6/19 4:42
   xboxgip
     \SystemRoot\System32\drivers\xboxgip.sys
     Xbox 游戏输入协议驱动程序: Xbox 游戏输入协议驱动程序
     Microsoft Corporation
     10.0.18362.267
     c:\windows\system32\drivers\xboxgip.sys
     2016/2/9 11:09
   xinputhid
     \SystemRoot\System32\drivers\xinputhid.sys
     XINPUT HID 筛选器驱动程序: XINPUT filter driver for HID
     Microsoft Corporation
     10.0.18362.1
     c:\windows\system32\drivers\xinputhid.sys
     1930/12/12 10:08
   XLGuard
     system32\drivers\XLGuard.sys
     XLGuard Driver: XLGuard.sys
     深圳市迅雷网络技术有限公司
     1.0.0.5
     c:\windows\system32\drivers\xlguard.sys
     2018/11/30 15:22
   XLWFP
     system32\drivers\xlwfp.sys
     Xunlei WFP Driver: xlwfp.sys
     深圳市迅雷网络技术有限公司
     1.0.0.11
     c:\windows\system32\drivers\xlwfp.sys
     2018/3/23 10:36

HKLM\SOFTWARE\Microsoft\Windows NT\CurrentVersion\Font Drivers
   Adobe Type Manager
     atmfd.dll
     File not found: atmfd.dll

route information

===========================================================================
接口列表
 19...20 47 47 3e a2 4b ......Realtek PCIe FE Family Controller
 12...0a 00 27 00 00 0c ......VirtualBox Host-Only Ethernet Adapter
  5...02 00 4c 4f 4f 50 ......Npcap Loopback Adapter
 10...1a 4f 32 fb 86 ed ......Microsoft Wi-Fi Direct Virtual Adapter
 16...1a 4f 32 fb 8e ed ......Microsoft Wi-Fi Direct Virtual Adapter #2
 22...00 50 56 c0 00 01 ......VMware Virtual Ethernet Adapter for VMnet1
  3...00 50 56 c0 00 08 ......VMware Virtual Ethernet Adapter for VMnet8
 26...00 ff f8 46 7a 76 ......TAP-Windows Adapter V9
 13...00 ff 63 96 52 cd ......Sangfor SSL VPN CS Support System VNIC
 11...18 4f 32 fb 86 ed ......Dell Wireless 1704 802.11b/g/n (2.4GHz)
  1...........................Software Loopback Interface 1
===========================================================================

IPv4 路由表
===========================================================================
活动路由:
网络目标        网络掩码          网关       接口   跃点数
          0.0.0.0          0.0.0.0      192.168.1.1    192.168.1.105     55
        127.0.0.0        255.0.0.0            在链路上         127.0.0.1    331
        127.0.0.1  255.255.255.255            在链路上         127.0.0.1    331
  127.255.255.255  255.255.255.255            在链路上         127.0.0.1    331
      169.254.0.0      255.255.0.0            在链路上     169.254.95.91    281
    169.254.95.91  255.255.255.255            在链路上     169.254.95.91    281
  169.254.255.255  255.255.255.255            在链路上     169.254.95.91    281
      192.168.1.0    255.255.255.0            在链路上     192.168.1.105    311
    192.168.1.105  255.255.255.255            在链路上     192.168.1.105    311
    192.168.1.255  255.255.255.255            在链路上     192.168.1.105    311
     192.168.56.0    255.255.255.0            在链路上      192.168.56.1    281
     192.168.56.1  255.255.255.255            在链路上      192.168.56.1    281
   192.168.56.255  255.255.255.255            在链路上      192.168.56.1    281
    192.168.142.0    255.255.255.0            在链路上     192.168.142.1    291
    192.168.142.1  255.255.255.255            在链路上     192.168.142.1    291
  192.168.142.255  255.255.255.255            在链路上     192.168.142.1    291
    192.168.224.0    255.255.255.0            在链路上     192.168.224.1    291
    192.168.224.1  255.255.255.255            在链路上     192.168.224.1    291
  192.168.224.255  255.255.255.255            在链路上     192.168.224.1    291
        224.0.0.0        240.0.0.0            在链路上         127.0.0.1    331
        224.0.0.0        240.0.0.0            在链路上      192.168.56.1    281
        224.0.0.0        240.0.0.0            在链路上     192.168.142.1    291
        224.0.0.0        240.0.0.0            在链路上     192.168.224.1    291
        224.0.0.0        240.0.0.0            在链路上     169.254.95.91    281
        224.0.0.0        240.0.0.0            在链路上     192.168.1.105    311
  255.255.255.255  255.255.255.255            在链路上         127.0.0.1    331
  255.255.255.255  255.255.255.255            在链路上      192.168.56.1    281
  255.255.255.255  255.255.255.255            在链路上     192.168.142.1    291
  255.255.255.255  255.255.255.255            在链路上     192.168.224.1    291
  255.255.255.255  255.255.255.255            在链路上     169.254.95.91    281
  255.255.255.255  255.255.255.255            在链路上     192.168.1.105    311
===========================================================================
永久路由:
  无

IPv6 路由表
===========================================================================
活动路由:
 接口跃点数网络目标                网关
  1    331 ::1/128                  在链路上
 12    281 fe80::/64                在链路上
 22    291 fe80::/64                在链路上
  3    291 fe80::/64                在链路上
  5    281 fe80::/64                在链路上
 11    311 fe80::/64                在链路上
 22    291 fe80::531:cbb6:cf0f:ae34/128
                                    在链路上
 12    281 fe80::108e:9aa5:614b:7946/128
                                    在链路上
 11    311 fe80::b1c3:2f60:8b1c:3340/128
                                    在链路上
  3    291 fe80::d515:55c2:7cf1:4c54/128
                                    在链路上
  5    281 fe80::ec54:d92d:ff9a:5f5b/128
                                    在链路上
  1    331 ff00::/8                 在链路上
 12    281 ff00::/8                 在链路上
 22    291 ff00::/8                 在链路上
  3    291 ff00::/8                 在链路上
  5    281 ff00::/8                 在链路上
 11    311 ff00::/8                 在链路上
===========================================================================
永久路由:
  无

ARP

接口: 192.168.224.1 --- 0x3
  Internet 地址         物理地址              类型
  192.168.224.254       00-50-56-fb-47-5c     动态
  192.168.224.255       ff-ff-ff-ff-ff-ff     静态
  224.0.0.22            01-00-5e-00-00-16     静态
  224.0.0.251           01-00-5e-00-00-fb     静态
  224.0.0.252           01-00-5e-00-00-fc     静态
  239.255.255.250       01-00-5e-7f-ff-fa     静态
  255.255.255.255       ff-ff-ff-ff-ff-ff     静态

接口: 169.254.95.91 --- 0x5
  Internet 地址         物理地址              类型
  169.254.255.255       ff-ff-ff-ff-ff-ff     静态
  224.0.0.22            01-00-5e-00-00-16     静态
  224.0.0.251           01-00-5e-00-00-fb     静态
  224.0.0.252           01-00-5e-00-00-fc     静态
  239.255.255.250       01-00-5e-7f-ff-fa     静态
  255.255.255.255       ff-ff-ff-ff-ff-ff     静态

接口: 192.168.1.105 --- 0xb
  Internet 地址         物理地址              类型
  192.168.1.1           d0-c7-c0-86-7c-aa     动态
  192.168.1.102         10-48-b1-60-1a-91     动态
  192.168.1.255         ff-ff-ff-ff-ff-ff     静态
  224.0.0.22            01-00-5e-00-00-16     静态
  224.0.0.251           01-00-5e-00-00-fb     静态
  224.0.0.252           01-00-5e-00-00-fc     静态
  239.255.255.250       01-00-5e-7f-ff-fa     静态
  255.255.255.255       ff-ff-ff-ff-ff-ff     静态

接口: 192.168.56.1 --- 0xc
  Internet 地址         物理地址              类型
  192.168.56.255        ff-ff-ff-ff-ff-ff     静态
  224.0.0.22            01-00-5e-00-00-16     静态
  224.0.0.251           01-00-5e-00-00-fb     静态
  224.0.0.252           01-00-5e-00-00-fc     静态
  239.255.255.250       01-00-5e-7f-ff-fa     静态
  255.255.255.255       ff-ff-ff-ff-ff-ff     静态

接口: 192.168.142.1 --- 0x16
  Internet 地址         物理地址              类型
  192.168.142.254       00-50-56-e4-95-e8     动态
  192.168.142.255       ff-ff-ff-ff-ff-ff     静态
  224.0.0.22            01-00-5e-00-00-16     静态
  224.0.0.251           01-00-5e-00-00-fb     静态
  224.0.0.252           01-00-5e-00-00-fc     静态
  239.255.255.250       01-00-5e-7f-ff-fa     静态
  255.255.255.255       ff-ff-ff-ff-ff-ff     静态

information of processes

Process information for DESKTOP-8IIQMKA:

Name                Pid Pri Thd  Hnd   Priv        CPU Time    Elapsed Time
Idle                  0   0   4    0     60    49:59:47.921    15:01:42.554
System                4   8 158 8354    200     0:41:08.093    15:01:42.554
Registry             96   8   4    0  10320     0:00:02.343    15:01:45.894
smss                396  11   2   53   1152     0:00:00.203    15:01:42.550
csrss               576  13  10  835   1808     0:00:08.500    15:01:36.958
wininit             684  13   1  156   1392     0:00:00.093    15:01:36.127
csrss               692  13  15  866   2628     0:03:24.218    15:01:36.119
services            752   9   8  803   5696     0:00:32.953    15:01:36.042
lsass               768   9   7 1759   9396     0:00:16.531    15:01:36.012
svchost             876   8   1   86    904     0:00:00.000    15:01:35.828
fontdrvhost         904   8   5   32   2168     0:00:00.031    15:01:35.813
svchost             912   8  17 1203  12724     0:00:38.671    15:01:35.812
svchost             992   8  10 1440   8752     0:00:43.562    15:01:35.695
svchost             420   8   5  353   2980     0:00:01.625    15:01:35.654
winlogon            500  13   6  273   2832     0:00:00.468    15:01:35.333
fontdrvhost        1032   8   5   32   5728     0:00:05.453    15:01:35.298
dwm                1108  13  13 1160  75496     0:38:58.906    15:01:35.232
svchost            1160   8  14  388   3564     0:00:01.562    15:01:35.178
svchost            1208   8   3  178   1920     0:00:00.078    15:01:35.162
svchost            1272   8   4  252   2664     0:00:00.328    15:01:35.140
svchost            1284   8   3  159   2108     0:00:00.546    15:01:35.139
svchost            1336   8   7  397   6004     0:00:04.187    15:01:35.120
svchost            1456   8   2  179   1544     0:00:00.625    15:01:35.068
svchost            1472   8   2  222   3524     0:00:00.796    15:01:35.063
svchost            1504   8   2  250   2064     0:00:00.093    15:01:35.036
svchost            1556   8   7  424  14532     0:07:01.687    15:01:35.014
svchost            1588   8   4  445   2880     0:00:00.359    15:01:34.998
svchost            1720   8   2  226   2280     0:00:00.093    15:01:34.910
svchost            1732   8   1  125   1432     0:00:00.062    15:01:34.907
svchost            1740   8   6  355   2744     0:00:03.546    15:01:34.906
svchost            1788   8   3  161   6548     0:00:02.953    15:01:34.870
igfxCUIService     1844   8   6  204   2160     0:00:00.187    15:01:34.841
svchost            1932   8  10  267   2812     0:00:20.453    15:01:34.793
svchost            2024   8   6  181   5392     0:00:34.765    15:01:34.744
svchost            2096   8  12  454   9088     0:02:32.906    15:01:34.627
svchost            2104   8  14  288   3932     0:03:01.250    15:01:34.624
svchost            2132   8  13  410   5848     0:00:36.890    15:01:34.616
svchost            2176   8   2  175   1656     0:00:00.031    15:01:34.575
svchost            2384   8  10  651   3212     0:00:15.171    15:01:34.399
svchost            2392   8   4  192   1612     0:00:00.031    15:01:34.398
svchost            2496   8   6  188   2072     0:00:00.921    15:01:34.281
svchost            2560   8   5  222   2216     0:00:00.109    15:01:34.225
svchost            2576   8   7  196   2320     0:00:07.078    15:01:34.213
nvvsvc             2920   8   2  203   2492     0:00:00.296    15:01:33.746
nvscpapisvr        2928   8   4  171   3072     0:00:23.359    15:01:33.746
svchost            3000   8   6  228   2952     0:00:57.937    15:01:33.708
svchost            3008   8   3  271   1332     0:00:00.375    15:01:33.706
svchost            3056   8   2  175   1776     0:00:00.375    15:01:33.669
svchost            3064   8   5  161   1780     0:00:01.468    15:01:33.669
Memory Compression  2148   8 498    0    880     0:00:31.046    15:01:33.650
nvxdsync           2720   8  11  403   9228     0:00:07.578    15:01:33.641
svchost            2872   8  12  421   3616     0:00:11.218    15:01:33.385
RtkAudioService64  3136   8   2  172   1784     0:00:00.078    15:01:33.289
svchost            3236   8   6  142   1800     0:00:00.906    15:01:33.222
svchost            3244   8  10  372   2908     0:00:01.421    15:01:33.217
svchost            3284   8  16  430  13108     0:00:20.468    15:01:33.191
svchost            3572   8  10  506   5800     0:00:03.500    15:01:33.023
svchost            3720   8   4  268   2776     0:00:00.234    15:01:32.898
svchost            3728   8   7  478   3660     0:00:06.375    15:01:32.897
spoolsv            3876   8   7  469   5956     0:00:00.718    15:01:32.828
RAVBg64            3968   8   4  300   6112     0:00:00.140    15:01:32.774
RAVBg64            3996   8   4  299   5756     0:00:00.187    15:01:32.747
wsctrl             4056   8   3  194   1672     0:00:00.093    15:01:32.701
AppleMobileDeviceService  4088   8   8  225   3280     0:00:13.281    15:01:32.665
BtwRSupportService  3360   8   3  174   2052     0:00:00.031    15:01:32.650
mDNSResponder      3812   8   4  183   2676     0:00:35.468    15:01:32.641
btwdins            4104   8   4  223   2472     0:00:00.171    15:01:32.639
svchost            4120   8   6  385   5364     0:00:02.312    15:01:32.618
OfficeClickToRun   4144   8  19  718  36472     0:00:05.718    15:01:32.601
svchost            4172   8  14  569  19352     0:00:16.140    15:01:32.594
svchost            4188   8  16  376  40544     0:01:04.765    15:01:32.586
Everything         4216   8   2  141   1664     0:00:00.015    15:01:32.570
svchost            4240   8   4  203   2304     0:00:00.250    15:01:32.551
HuaweiHiSuiteService64  4248   8   5  211   3056     0:01:34.468    15:01:32.547
wlanext            4276   8   1  113   1368     0:00:00.171    15:01:32.529
mbbService         4296   8   4  201   1852     0:51:33.156    15:01:32.518
conhost            4304   8   2  118   6436     0:00:00.062    15:01:32.509
QQProtect          4360   8  19  462  19488     0:00:03.421    15:01:32.465
knatsvc            4372   8   3  296   3148     0:00:00.859    15:01:32.456
SangforPromoteService  4384   8  12  445   7684     0:01:01.968    15:01:32.452
svchost            4392   8   1  135   1592     0:00:00.031    15:01:32.442
SynTPEnhService    4416   8   3  218   1292     0:00:00.078    15:01:32.433
svchost            4432   8   4  183   1924     0:00:00.187    15:01:32.416
vmnetdhcp          4492   8   2   87   7836     0:00:00.046    15:01:32.386
vmware-usbarbitrator64  4484   8   3  219   2692     0:00:00.328    15:01:32.386
svchost            4512   8   3  144   1284     0:00:00.031    15:01:32.374
svchost            4532   8   2  109   1260     0:00:00.031    15:01:32.367
vmnat              4540   8   4  197   4900     0:00:00.484    15:01:32.367
svchost            4548   8   7  412   5008     0:00:02.234    15:01:32.362
vmware-authd       4568   8   6  314   9056     0:01:13.250    15:01:32.341
svchost            4588   8  24  399  10508     0:00:01.531    15:01:32.329
TeamViewer_Service  4632   8  17  412   9140     0:00:02.921    15:01:32.293
svchost            5080   8   9  208   2104     0:00:00.687    15:01:31.658
svchost            5348   8  15  413   3728     0:00:00.625    15:01:31.199
svchost            5700   8   1  125   1268     0:00:00.078    15:01:30.663
WmiPrvSE           2540   8   7  342  29980     0:00:44.109    15:01:29.159
svchost            5380   8   7  171   1964     0:00:00.203    15:01:29.081
svchost            5616   8   3  160   1716     0:00:00.531    15:01:29.055
svchost            5200   8   6  271   4376     0:00:00.921    15:01:28.852
SynTPEnh           6548  10   7  526   6464     0:00:17.828    15:01:27.258
svchost            6692   8   1  222   1892     0:00:09.203    15:01:26.876
rundll32           6900   8   1  172   1956     0:00:00.078    15:01:26.551
SynTPHelper        6952  10   1   78   1096     0:00:00.031    15:01:26.330
ECAgent            7008   8  13  463   8624     0:00:21.562    15:01:26.176
sihost             7016   8   7  560   6144     0:00:09.578    15:01:26.129
svchost            7048   8  13  465  10672     0:00:26.781    15:01:26.087
svchost            7100   8   3  839   9180     0:00:10.859    15:01:26.050
PresentationFontCache  7120   8   4  239  25840     0:00:00.265    15:01:26.036
svchost            5760   8   3  251   3380     0:00:09.015    15:01:25.915
taskhostw          6264   8   6  226   2956     0:00:02.671    15:01:25.852
WiseSystemMonitor  6236   6   5 4037  13972     0:06:46.734    15:01:25.849
dllhost            4340   8   4  272   6268     0:00:04.328    15:01:25.743
svchost            6888   8   3  168   1772     0:00:00.109    15:01:25.674
ctfmon             7192  13  12  692  12976     0:00:46.437    15:01:25.586
igfxEM             7600   8   4  220   3424     0:00:00.359    15:01:24.869
igfxHK             7616   8   2  140   2292     0:00:00.093    15:01:24.828
igfxTray           7644   8   2  191   2952     0:00:00.609    15:01:24.786
ChsIME             7700   8  64 1244  20288     0:00:26.656    15:01:24.471
explorer           7716   8 154 3601 170252     0:09:06.562    15:01:24.453
svchost            7756   8   7  388   4952     0:00:01.062    15:01:24.370
svchost            7988   8   6  284   3508     0:00:00.562    15:01:23.455
StartMenuExperienceHost  6652   8   7  633  29984     0:00:29.125    15:01:22.148
RuntimeBroker      7928   8   7  434   9292     0:00:01.671    15:01:21.623
dllhost            6856   8   4  196   3144     0:00:00.046    15:01:20.943
SearchUI           5612   8  36 1352  91708     0:00:39.187    15:01:20.868
RuntimeBroker      8404   8   3  340   6828     0:00:17.546    15:01:19.853
svchost            8584   8   3  286   3984     0:00:01.468    15:01:19.342
SkypeBackgroundHost  8660   8   4  153   2008     0:00:00.078    15:01:19.204
svchost            8784   8   2  263  13572     0:00:04.187    15:01:18.861
WindowsInternal.ComposableShell.Experiences.TextInput.InputApp  8980   8  14  659  16328     0:00:10.968    15:01:18.373
SettingSyncHost    9024   6   4  435   6196     0:00:22.781    15:01:18.225
RuntimeBroker      1124   8   4  366   6128     0:01:06.406    15:01:16.629
GoogleCrashHandler  9524   4   3  181   1756     0:00:00.062    15:01:12.415
GoogleCrashHandler64  9532   4   3  160   1732     0:00:00.046    15:01:12.380
RuntimeBroker      9816   8   2  213   2740     0:00:00.328    15:01:10.068
SearchIndexer      9872   8  17  790  39268     0:00:27.796    15:01:09.892
nvtray             9940   8   3  235   3524     0:00:00.593    15:01:09.783
NvBackend         10156   8   6  328   5304     0:00:01.953    15:01:08.495
HipsTray          10220   8   9  312   9252     0:00:06.890    15:01:07.852
RtkNGUI64          9164   8   9  387   4872     0:00:00.390    15:01:06.691
RAVBg64            6488   8   5  326   7108     0:00:01.453    15:01:05.811
WavesSvc64         6164   8   1  131   1328     0:00:01.046    15:01:05.124
wallpaper32        9508   8  14  313  48156     0:17:01.734    15:01:04.328
IDMan              5436   8   3  603  11072     0:00:02.062    15:01:02.631
ShellExperienceHost  9668   8  11  664  21148     0:00:06.046    15:01:02.395
RuntimeBroker      9740   8   3  328   3828     0:00:01.234    15:01:02.038
svchost            9256   8   6  210   2364     0:00:00.203    15:01:01.937
TranslucentTB      8620   8   2  199   5180     0:01:13.546    15:00:59.736
BTTray             3504   8   4  294   5520     0:00:00.609    15:00:59.187
EvernoteClipper   10268   8   3  168   3196     0:00:00.718    15:00:58.470
RAVBg64           10492   6   4  311   5812     0:00:00.265    15:00:55.471
svchost           10612   8   3  232   2952     0:00:07.328    15:00:54.780
SkypeApp          10648   8  46 1105 197212     0:00:05.859    15:00:54.737
YourPhone         10676   8  17  614  19816     0:00:00.796    15:00:54.687
RuntimeBroker      1696   8   2  280   5240     0:00:00.875    15:00:48.829
rundll32           6248   8   1  176   4548     0:00:00.031    14:59:58.974
ApplicationFrameHost  7240   8   2  319   7520     0:00:00.250    14:59:55.241
WinStore.App       7656   8  21 1158  52936     0:00:02.171    14:59:55.234
RuntimeBroker      8604   8   1  333   5504     0:00:00.578    14:59:52.971
svchost           12080   8  16  574  11824     0:00:03.156    14:59:46.636
svchost            7808   8   9  304   2888     0:00:15.562    14:59:46.525
svchost            2012   8   8  229   2832     0:00:00.312    14:59:30.711
DDVRulesProcessor  9648   8   6  259   5432     0:00:02.015    14:59:30.550
DSAPI              5364   8  25  707  99288     0:00:28.250    14:59:30.371
svchost            2200   8   3  460   5272     0:00:00.906    14:59:26.013
ServiceShell       2624   8  26 1101  75008     0:00:08.750    14:59:24.670
svchost            3648   8   3  205   2656     0:00:00.203    14:59:20.372
svchost            2420   8   7  314   5096     0:00:17.312    14:59:19.866
SecurityHealthService  4116   8   6  249   3040     0:00:00.312    14:59:18.738
dllhost            1324   8  10  256   4112     0:00:00.187    14:59:15.492
msdtc              6620   8   9  219   3008     0:00:00.156    14:59:15.138
SgrmBroker         4828   8   5   89   4176     0:00:01.312    14:59:13.307
SupportAssistAgent  9784   8  15  931 589288     0:00:28.671    14:59:12.806
DDVDataCollector   8936   8   6  422  27164     0:00:30.015    14:59:12.605
DDVCollectorSvcApi  4132   8   2  148   1584     0:00:00.062    14:59:12.273
nvapiw             3664   8   2  139   4096     0:00:00.015    14:58:46.648
dllhost            2956   8   5  244   4944     0:00:00.640    14:58:27.588
svchost           10728   8   3  358   3320     0:00:02.515    14:58:27.254
ChsIME             3324   8   2  294   4500     0:00:00.437    14:58:13.960
svchost           11292   8   2  154   1736     0:00:00.203    14:54:33.423
Microsoft.Photos   6968   8  15  839  57016     0:00:10.218    14:31:24.881
RuntimeBroker     10088   8   4  395  10048     0:00:09.437    14:31:20.389
wemeetlauncher     2472   8   7  271   9752     0:00:00.484    14:21:30.506
steam              7148   8  34 1014  49808     0:04:48.000    12:34:18.177
steamwebhelper     9068   8  24  892  25124     0:00:11.171    12:34:12.090
SteamService      11500   8   5  293   6632     0:00:01.171    12:34:11.482
steamwebhelper     6156   8   6  255   7888     0:00:00.031    12:34:11.057
steamwebhelper    11008   8  13  544  84312     0:00:16.000    12:34:10.697
steamwebhelper     3752   8  10  482  14592     0:00:06.500    12:34:10.499
steamwebhelper    12088   4  17  645  90912     0:01:12.390    12:34:01.894
steamwebhelper     6032   4  16  528  74688     0:00:06.218    12:34:01.712
steamwebhelper     7176  10  16  511  32072     0:00:00.500    12:34:01.445
svchost           13092   8   5  190   3220     0:00:00.125    10:18:12.492
DataExchangeHost   7500  10   1  184   4540     0:00:01.078     8:48:48.321
svchost           15320   6   3  179   2076     0:00:00.046     7:10:46.791
audiodg           17352   8  16  887  33052     0:11:05.859     3:23:08.121
HipsDaemon         7284   8  42  396 102088     0:04:43.109     2:40:56.880
usysdiag          14284   8  10  154   1956     0:00:00.031     2:40:56.508
PotPlayerMini      1692  10  65 1147 330920     0:11:50.375     1:01:49.359
PotPlayerMini     10576   8   0    0  52660     0:00:00.000     0:58:21.825
TIM               15728   8  76 1463 183392     0:01:12.562     0:57:46.368
TXPlatform        17960   8   2  208   3948     0:00:00.078     0:57:44.072
cmd               15540   8   1   80   2352     0:00:00.250     0:52:44.781
conhost           16764   8  11  337  18360     0:01:14.328     0:52:44.641
chrome            15596   8  32 1881 156500     0:02:55.703     0:52:11.302
chrome            13360   8   6  274   2048     0:00:00.046     0:52:11.202
chrome            18324   8   2  142   2032     0:00:00.046     0:52:11.105
chrome            15776  10  16  776 272224     0:02:28.484     0:52:10.924
chrome             9080   8  12  495  33344     0:00:40.093     0:52:10.872
chrome            16104   8  20  617 135676     0:02:48.734     0:52:08.213
chrome            17616   8  13  238  54788     0:00:10.890     0:52:08.022
chrome            12428   8  13  235  28884     0:00:09.125     0:52:07.826
chrome            18052   8  12  226  30788     0:00:12.203     0:52:07.764
chrome            18612   4  13  539  87588     0:00:32.546     0:51:45.475
chrome             7452   8   9  290   6768     0:00:22.312     0:51:41.074
Acrobat           16940   8  10  484  28568     0:00:08.703     0:46:13.074
FNPLicensingService 18540   8   5  110   1424     0:00:00.015     0:45:58.939
GitHubDesktop     13516   8  30  774  30140     0:00:10.593     0:45:56.737
GitHubDesktop      9748   8  12  507  52864     0:00:05.390     0:45:54.642
GitHubDesktop     15328   8  10  460  11284     0:00:01.203     0:45:54.484
GitHubDesktop     16040   4  18  409  49888     0:00:17.578     0:45:54.339
chrome            15568   4  13  376 114936     0:00:44.859     0:36:36.174
chrome            19384   4  12  558  81220     0:00:40.437     0:36:16.957
chrome            13140   4  12  339  42072     0:00:12.937     0:36:15.154
chrome            17876   4  13  336  55732     0:00:19.031     0:36:13.120
QQExternal        18848   8  13  380  32096     0:00:21.421     0:35:16.319
QQExternal        19792   8   8  352  16920     0:00:00.562     0:35:15.268
chrome            12340   4  13  317  57596     0:00:26.406     0:27:21.934
chrome            18292   4  13  279  30172     0:00:03.750     0:26:43.134
notepad           12836   8   7  363   8844     0:00:06.031     0:24:44.563
madHcCtrl         15120   8   7  282  12044     0:00:00.625     0:21:24.033
chrome            21040   4  18  340  61672     0:00:11.734     0:16:37.025
chrome            17652   4  14  343  58612     0:01:10.390     0:16:26.731
chrome            19212   4  12  227  18080     0:00:00.500     0:16:15.596
chrome            21272   4  12  211  12320     0:00:00.156     0:16:07.222
svchost           15928   8   2  120   1372     0:00:00.031     0:16:06.354
WmiPrvSE          20368   8   8 1202  15036     0:01:27.281     0:13:46.339
svchost           20436   8   5  231   4120     0:00:00.218     0:07:20.830
svchost           16484   8   1  116   2524     0:00:00.062     0:05:20.027
SearchProtocolHost 17868   4   4  265   1844     0:00:00.031     0:03:08.129
svchost           20076   8   7  129   1636     0:00:00.046     0:00:53.802
SearchFilterHost  21176   4   5  129   1436     0:00:00.046     0:00:42.667
pslist            15788  13   6  303   4264     0:00:00.921     0:00:03.373
